[0.000000] (-) TimerEvent: {}
[0.000600] (honrobo_pkg) JobQueued: {'identifier': 'honrobo_pkg', 'dependencies': OrderedDict()}
[0.000810] (honrobo_pkg) JobStarted: {'identifier': 'honrobo_pkg'}
[0.099739] (-) TimerEvent: {}
[0.200033] (-) TimerEvent: {}
[0.300346] (-) TimerEvent: {}
[0.400686] (-) TimerEvent: {}
[0.501099] (-) TimerEvent: {}
[0.601440] (-) TimerEvent: {}
[0.647553] (honrobo_pkg) Command: {'cmd': ['/usr/bin/python3', '-W', 'ignore:setup.py install is deprecated', '-W', 'ignore:easy_install command is deprecated', 'setup.py', 'develop', '--editable', '--build-directory', '/home/haru/Documents/honrobo_2026/build/honrobo_pkg/build', '--no-deps', 'symlink_data'], 'cwd': '/home/haru/Documents/honrobo_2026/build/honrobo_pkg', 'env': {'GJS_DEBUG_TOPICS': 'JS ERROR;JS LOG', 'LESSOPEN': '| /usr/bin/lesspipe %s', 'VSCODE_CWD': '/home/haru', 'LANGUAGE': 'ja:en', 'USER': 'haru', 'LC_TIME': 'ja_JP.UTF-8', 'VSCODE_NLS_CONFIG': '{"userLocale":"ja","osLocale":"ja","resolvedLanguage":"en","defaultMessagesFile":"/usr/share/antigravity/resources/app/out/nls.messages.json","locale":"ja","availableLanguages":{}}', 'XDG_SESSION_TYPE': 'wayland', 'SHLVL': '0', 'HOME': '/home/haru', 'CHROME_DESKTOP': 'antigravity.desktop', 'DESKTOP_SESSION': 'ubuntu', 'VSCODE_IPC_HOOK': '/run/user/1000/vscode-69ab7373-1.10-main.sock', 'GIO_LAUNCHED_DESKTOP_FILE': '/usr/share/applications/antigravity.desktop', 'GNOME_SHELL_SESSION_MODE': 'ubuntu', 'GTK_MODULES': 'gail:atk-bridge', 'PAGER': 'cat', 'LC_MONETARY': 'ja_JP.UTF-8', 'MANAGERPID': '1647', 'SYSTEMD_EXEC_PID': '1834', 'IM_CONFIG_CHECK_ENV': '1', 'DBUS_SESSION_BUS_ADDRESS': 'unix:path=/run/user/1000/bus', 'ANTIGRAVITY_AGENT': '1', 'GIO_LAUNCHED_DESKTOP_FILE_PID': '40721', 'IM_CONFIG_PHASE': '1', 'WAYLAND_DISPLAY': 'wayland-0', 'LOGNAME': 'haru', '_': '/usr/bin/colcon', 'JOURNAL_STREAM': '8:19832', 'XDG_SESSION_CLASS': 'user', 'USERNAME': 'haru', 'TERM': 'dumb', 'GNOME_DESKTOP_SESSION_ID': 'this-is-deprecated', 'FC_FONTATIONS': '1', 'ANTIGRAVITY_EDITOR_APP_ROOT': '/usr/share/antigravity/resources/app', 'PATH': '/home/haru/.local/bin:/home/haru/.local/bin:/home/haru/.local/bin:/home/haru/.local/bin:/home/haru/.local/bin:/usr/local/sbin:/usr/local/bin:/usr/sbin:/usr/bin:/sbin:/bin:/usr/games:/usr/local/games:/snap/bin:/snap/bin', 'SESSION_MANAGER': 'local/haru-Inspiron-15-3535:@/tmp/.ICE-unix/1806,unix/haru-Inspiron-15-3535:/tmp/.ICE-unix/1806', 'INVOCATION_ID': '7f0359f4916340aea710543f18a8d924', 'PAPERSIZE': 'a4', 'XDG_MENU_PREFIX': 'gnome-', 'LC_ADDRESS': 'ja_JP.UTF-8', 'GNOME_SETUP_DISPLAY': ':1', 'XDG_RUNTIME_DIR': '/run/user/1000', 'GDK_BACKEND': 'wayland', 'DISPLAY': ':0', 'LANG': 'ja_JP.UTF-8', 'XDG_CURRENT_DESKTOP': 'ubuntu:GNOME', 'LC_TELEPHONE': 'ja_JP.UTF-8', 'XMODIFIERS': '@im=ibus', 'XDG_SESSION_DESKTOP': 'ubuntu', 'XAUTHORITY': '/run/user/1000/.mutter-Xwaylandauth.9NL2Q3', 'LS_COLORS': '', 'SSH_AGENT_LAUNCHER': 'gnome-keyring', 'SSH_AUTH_SOCK': '/run/user/1000/keyring/ssh', 'SHELL': '/bin/bash', 'LC_NAME': 'ja_JP.UTF-8', 'QT_ACCESSIBILITY': '1', 'GDMSESSION': 'ubuntu', 'LESSCLOSE': '/usr/bin/lesspipe %s %s', 'LC_MEASUREMENT': 'ja_JP.UTF-8', 'GJS_DEBUG_OUTPUT': 'stderr', 'LC_IDENTIFICATION': 'ja_JP.UTF-8', 'QT_IM_MODULE': 'ibus', 'ANTIGRAVITY_TRAJECTORY_ID': 'eab82866-a424-472b-9084-ff4adf696519', 'PWD': '/home/haru/Documents/honrobo_2026/build/honrobo_pkg', 'LC_ALL': 'en_US.UTF-8', 'XDG_CONFIG_DIRS': '/etc/xdg/xdg-ubuntu:/etc/xdg', 'VSCODE_CODE_CACHE_PATH': '/home/haru/.config/Antigravity/CachedData/15487b3041e65228cae24980a3f796c905ef582c', 'XDG_DATA_DIRS': '/usr/share/ubuntu:/usr/local/share/:/usr/share/:/var/lib/snapd/desktop', 'LC_NUMERIC': 'ja_JP.UTF-8', 'LC_PAPER': 'ja_JP.UTF-8', 'COLCON': '1', 'VSCODE_PID': '40721', 'PYTHONPATH': '/home/haru/Documents/honrobo_2026/build/honrobo_pkg/prefix_override:/usr/lib/python3/dist-packages/colcon_core/task/python/colcon_distutils_commands:/home/haru/Documents/honrobo_2026/install/honrobo_pkg/lib/python3.10/site-packages:'}, 'shell': False}
[0.701526] (-) TimerEvent: {}
[0.801889] (-) TimerEvent: {}
[0.887798] (honrobo_pkg) StdoutLine: {'line': b'running develop\n'}
[0.901999] (-) TimerEvent: {}
[0.990948] (honrobo_pkg) StdoutLine: {'line': b'running egg_info\n'}
[0.991247] (honrobo_pkg) StdoutLine: {'line': b'writing honrobo_pkg.egg-info/PKG-INFO\n'}
[0.991415] (honrobo_pkg) StdoutLine: {'line': b'writing dependency_links to honrobo_pkg.egg-info/dependency_links.txt\n'}
[0.991643] (honrobo_pkg) StdoutLine: {'line': b'writing entry points to honrobo_pkg.egg-info/entry_points.txt\n'}
[0.991864] (honrobo_pkg) StdoutLine: {'line': b'writing requirements to honrobo_pkg.egg-info/requires.txt\n'}
[0.992023] (honrobo_pkg) StdoutLine: {'line': b'writing top-level names to honrobo_pkg.egg-info/top_level.txt\n'}
[0.994368] (honrobo_pkg) StdoutLine: {'line': b"reading manifest file 'honrobo_pkg.egg-info/SOURCES.txt'\n"}
[0.995438] (honrobo_pkg) StdoutLine: {'line': b"writing manifest file 'honrobo_pkg.egg-info/SOURCES.txt'\n"}
[0.996691] (honrobo_pkg) StdoutLine: {'line': b'running build_ext\n'}
[0.996984] (honrobo_pkg) StdoutLine: {'line': b'Creating /home/haru/Documents/honrobo_2026/install/honrobo_pkg/lib/python3.10/site-packages/honrobo-pkg.egg-link (link to .)\n'}
[0.998029] (honrobo_pkg) StdoutLine: {'line': b'Installing can_node script to /home/haru/Documents/honrobo_2026/install/honrobo_pkg/lib/honrobo_pkg\n'}
[0.998330] (honrobo_pkg) StdoutLine: {'line': b'Installing ps4_node script to /home/haru/Documents/honrobo_2026/install/honrobo_pkg/lib/honrobo_pkg\n'}
[0.998556] (honrobo_pkg) StdoutLine: {'line': b'Installing roboware_node script to /home/haru/Documents/honrobo_2026/install/honrobo_pkg/lib/honrobo_pkg\n'}
[0.998797] (honrobo_pkg) StdoutLine: {'line': b'Installing web_node script to /home/haru/Documents/honrobo_2026/install/honrobo_pkg/lib/honrobo_pkg\n'}
[0.999735] (honrobo_pkg) StdoutLine: {'line': b'Installing zikoiti_node script to /home/haru/Documents/honrobo_2026/install/honrobo_pkg/lib/honrobo_pkg\n'}
[0.999904] (honrobo_pkg) StdoutLine: {'line': b'\n'}
[1.000044] (honrobo_pkg) StdoutLine: {'line': b'Installed /home/haru/Documents/honrobo_2026/build/honrobo_pkg\n'}
[1.000175] (honrobo_pkg) StdoutLine: {'line': b'running symlink_data\n'}
[1.002055] (-) TimerEvent: {}
[1.043164] (honrobo_pkg) CommandEnded: {'returncode': 0}
[1.059072] (honrobo_pkg) JobEnded: {'identifier': 'honrobo_pkg', 'rc': 0}
[1.061047] (-) EventReactorShutdown: {}
