[0.000000] (-) TimerEvent: {}
[0.000338] (honrobo_pkg) JobQueued: {'identifier': 'honrobo_pkg', 'dependencies': OrderedDict()}
[0.000516] (honrobo_pkg) JobStarted: {'identifier': 'honrobo_pkg'}
[0.099717] (-) TimerEvent: {}
[0.199979] (-) TimerEvent: {}
[0.300246] (-) TimerEvent: {}
[0.400565] (-) TimerEvent: {}
[0.403318] (honrobo_pkg) Command: {'cmd': ['/usr/bin/python3', '-W', 'ignore:setup.py install is deprecated', '-W', 'ignore:easy_install command is deprecated', 'setup.py', 'develop', '--editable', '--build-directory', '/home/haru/Documents/honrobo_2026/build/honrobo_pkg/build', '--no-deps', 'symlink_data'], 'cwd': '/home/haru/Documents/honrobo_2026/build/honrobo_pkg', 'env': {'USER': 'haru', 'SHLVL': '0', 'HOME': '/home/haru', '_': '/usr/bin/colcon', 'TERM': 'dumb', 'PATH': '/home/haru/.local/bin:/home/haru/.local/bin:/home/haru/.local/bin:/home/haru/.local/bin:/home/haru/.local/bin:/usr/local/sbin:/usr/local/bin:/usr/sbin:/usr/bin:/sbin:/bin:/usr/games:/usr/local/games:/snap/bin:/snap/bin', 'LANG': 'ja_JP.UTF-8', 'TMP': '/tmp', 'SHELL': '/bin/bash', 'PWD': '/home/haru/Documents/honrobo_2026/build/honrobo_pkg', 'COLCON': '1', 'PYTHONPATH': '/home/haru/Documents/honrobo_2026/build/honrobo_pkg/prefix_override:/usr/lib/python3/dist-packages/colcon_core/task/python/colcon_distutils_commands:/home/haru/Documents/honrobo_2026/install/honrobo_pkg/lib/python3.10/site-packages:'}, 'shell': False}
[0.500645] (-) TimerEvent: {}
[0.577589] (honrobo_pkg) StdoutLine: {'line': b'running develop\n'}
[0.600741] (-) TimerEvent: {}
[0.654578] (honrobo_pkg) StdoutLine: {'line': b'running egg_info\n'}
[0.654808] (honrobo_pkg) StdoutLine: {'line': b'writing honrobo_pkg.egg-info/PKG-INFO\n'}
[0.655013] (honrobo_pkg) StdoutLine: {'line': b'writing dependency_links to honrobo_pkg.egg-info/dependency_links.txt\n'}
[0.655139] (honrobo_pkg) StdoutLine: {'line': b'writing entry points to honrobo_pkg.egg-info/entry_points.txt\n'}
[0.655253] (honrobo_pkg) StdoutLine: {'line': b'writing requirements to honrobo_pkg.egg-info/requires.txt\n'}
[0.655371] (honrobo_pkg) StdoutLine: {'line': b'writing top-level names to honrobo_pkg.egg-info/top_level.txt\n'}
[0.656758] (honrobo_pkg) StdoutLine: {'line': b"reading manifest file 'honrobo_pkg.egg-info/SOURCES.txt'\n"}
[0.657568] (honrobo_pkg) StdoutLine: {'line': b"writing manifest file 'honrobo_pkg.egg-info/SOURCES.txt'\n"}
[0.658513] (honrobo_pkg) StdoutLine: {'line': b'running build_ext\n'}
[0.658715] (honrobo_pkg) StdoutLine: {'line': b'Creating /home/haru/Documents/honrobo_2026/install/honrobo_pkg/lib/python3.10/site-packages/honrobo-pkg.egg-link (link to .)\n'}
[0.659374] (honrobo_pkg) StdoutLine: {'line': b'Installing can_node script to /home/haru/Documents/honrobo_2026/install/honrobo_pkg/lib/honrobo_pkg\n'}
[0.659539] (honrobo_pkg) StdoutLine: {'line': b'Installing ps4_node script to /home/haru/Documents/honrobo_2026/install/honrobo_pkg/lib/honrobo_pkg\n'}
[0.659674] (honrobo_pkg) StdoutLine: {'line': b'Installing roboware_node script to /home/haru/Documents/honrobo_2026/install/honrobo_pkg/lib/honrobo_pkg\n'}
[0.659798] (honrobo_pkg) StdoutLine: {'line': b'Installing web_node script to /home/haru/Documents/honrobo_2026/install/honrobo_pkg/lib/honrobo_pkg\n'}
[0.659928] (honrobo_pkg) StdoutLine: {'line': b'Installing zikoiti_node script to /home/haru/Documents/honrobo_2026/install/honrobo_pkg/lib/honrobo_pkg\n'}
[0.660124] (honrobo_pkg) StdoutLine: {'line': b'\n'}
[0.660195] (honrobo_pkg) StdoutLine: {'line': b'Installed /home/haru/Documents/honrobo_2026/build/honrobo_pkg\n'}
[0.660269] (honrobo_pkg) StdoutLine: {'line': b'running symlink_data\n'}
[0.683017] (honrobo_pkg) CommandEnded: {'returncode': 0}
[0.693685] (honrobo_pkg) JobEnded: {'identifier': 'honrobo_pkg', 'rc': 0}
[0.694304] (-) EventReactorShutdown: {}
