Traceback (most recent call last):
  File "/home/haru/Documents/honrobo_2026/build/honrobo_pkg/setup.py", line 5, in <module>
    setup(
  File "/home/haru/.local/lib/python3.10/site-packages/setuptools/__init__.py", line 104, in setup
    return distutils.core.setup(**attrs)
  File "/home/haru/.local/lib/python3.10/site-packages/setuptools/_distutils/core.py", line 171, in setup
    ok = dist.parse_command_line()
  File "/home/haru/.local/lib/python3.10/site-packages/setuptools/_distutils/dist.py", line 476, in parse_command_line
    args = self._parse_command_opts(parser, args)
  File "/home/haru/.local/lib/python3.10/site-packages/setuptools/dist.py", line 869, in _parse_command_opts
    nargs = _Distribution._parse_command_opts(self, parser, args)
  File "/home/haru/.local/lib/python3.10/site-packages/setuptools/_distutils/dist.py", line 535, in _parse_command_opts
    cmd_class = self.get_command_class(command)
  File "/home/haru/.local/lib/python3.10/site-packages/setuptools/dist.py", line 714, in get_command_class
    self.cmdclass[command] = cmdclass = ep.load()
  File "/usr/lib/python3.10/importlib/metadata/__init__.py", line 171, in load
    module = import_module(match.group('module'))
  File "/usr/lib/python3.10/importlib/__init__.py", line 126, in import_module
    return _bootstrap._gcd_import(name[level:], package, level)
  File "<frozen importlib._bootstrap>", line 1050, in _gcd_import
  File "<frozen importlib._bootstrap>", line 1027, in _find_and_load
  File "<frozen importlib._bootstrap>", line 1006, in _find_and_load_unlocked
  File "<frozen importlib._bootstrap>", line 688, in _load_unlocked
  File "<frozen importlib._bootstrap_external>", line 883, in exec_module
  File "<frozen importlib._bootstrap>", line 241, in _call_with_frames_removed
  File "/home/haru/.local/lib/python3.10/site-packages/setuptools/command/develop.py", line 7, in <module>
    from setuptools.command.easy_install import easy_install
  File "/home/haru/.local/lib/python3.10/site-packages/setuptools/command/easy_install.py", line 50, in <module>
    from setuptools.sandbox import run_setup
  File "/home/haru/.local/lib/python3.10/site-packages/setuptools/sandbox.py", line 14, in <module>
    import pkg_resources
  File "/home/haru/.local/lib/python3.10/site-packages/pkg_resources/__init__.py", line 3292, in <module>
    def _initialize_master_working_set():
  File "/home/haru/.local/lib/python3.10/site-packages/pkg_resources/__init__.py", line 3266, in _call_aside
    f(*args, **kwargs)
  File "/home/haru/.local/lib/python3.10/site-packages/pkg_resources/__init__.py", line 3317, in _initialize_master_working_set
    tuple(dist.activate(replace=False) for dist in working_set)
  File "/home/haru/.local/lib/python3.10/site-packages/pkg_resources/__init__.py", line 3317, in <genexpr>
    tuple(dist.activate(replace=False) for dist in working_set)
  File "/home/haru/.local/lib/python3.10/site-packages/pkg_resources/__init__.py", line 2827, in activate
    self.insert_on(path, replace=replace)
  File "/home/haru/.local/lib/python3.10/site-packages/pkg_resources/__init__.py", line 2936, in insert_on
    bdir = os.path.dirname(nloc)
  File "/usr/lib/python3.10/posixpath.py", line 154, in dirname
    i = p.rfind(sep) + 1
KeyboardInterrupt
