[1.010s] Invoking command in '/home/haru/Documents/honrobo_2026/build/honrobo_pkg': PYTHONPATH=/home/haru/Documents/honrobo_2026/build/honrobo_pkg/prefix_override:/usr/lib/python3/dist-packages/colcon_core/task/python/colcon_distutils_commands:/home/haru/Documents/honrobo_2026/install/honrobo_pkg/lib/python3.10/site-packages:${PYTHONPATH} /usr/bin/python3 -W ignore:setup.py install is deprecated -W ignore:easy_install command is deprecated setup.py develop --editable --build-directory /home/haru/Documents/honrobo_2026/build/honrobo_pkg/build --no-deps symlink_data
[1.312s] Traceback (most recent call last):
[1.312s]   File "/home/haru/Documents/honrobo_2026/build/honrobo_pkg/setup.py", line 5, in <module>
[1.313s]     setup(
[1.313s]   File "/home/haru/.local/lib/python3.10/site-packages/setuptools/__init__.py", line 104, in setup
[1.313s]     return distutils.core.setup(**attrs)
[1.313s]   File "/home/haru/.local/lib/python3.10/site-packages/setuptools/_distutils/core.py", line 171, in setup
[1.313s]     ok = dist.parse_command_line()
[1.313s]   File "/home/haru/.local/lib/python3.10/site-packages/setuptools/_distutils/dist.py", line 476, in parse_command_line
[1.313s]     args = self._parse_command_opts(parser, args)
[1.313s]   File "/home/haru/.local/lib/python3.10/site-packages/setuptools/dist.py", line 869, in _parse_command_opts
[1.313s]     nargs = _Distribution._parse_command_opts(self, parser, args)
[1.314s]   File "/home/haru/.local/lib/python3.10/site-packages/setuptools/_distutils/dist.py", line 535, in _parse_command_opts
[1.314s]     cmd_class = self.get_command_class(command)
[1.314s]   File "/home/haru/.local/lib/python3.10/site-packages/setuptools/dist.py", line 714, in get_command_class
[1.314s]     self.cmdclass[command] = cmdclass = ep.load()
[1.314s]   File "/usr/lib/python3.10/importlib/metadata/__init__.py", line 171, in load
[1.314s]     module = import_module(match.group('module'))
[1.314s]   File "/usr/lib/python3.10/importlib/__init__.py", line 126, in import_module
[1.314s]     return _bootstrap._gcd_import(name[level:], package, level)
[1.314s]   File "<frozen importlib._bootstrap>", line 1050, in _gcd_import
[1.314s]   File "<frozen importlib._bootstrap>", line 1027, in _find_and_load
[1.314s]   File "<frozen importlib._bootstrap>", line 1006, in _find_and_load_unlocked
[1.314s]   File "<frozen importlib._bootstrap>", line 688, in _load_unlocked
[1.314s]   File "<frozen importlib._bootstrap_external>", line 883, in exec_module
[1.315s]   File "<frozen importlib._bootstrap>", line 241, in _call_with_frames_removed
[1.315s]   File "/home/haru/.local/lib/python3.10/site-packages/setuptools/command/develop.py", line 7, in <module>
[1.315s]     from setuptools.command.easy_install import easy_install
[1.315s]   File "/home/haru/.local/lib/python3.10/site-packages/setuptools/command/easy_install.py", line 50, in <module>
[1.315s]     from setuptools.sandbox import run_setup
[1.315s]   File "/home/haru/.local/lib/python3.10/site-packages/setuptools/sandbox.py", line 14, in <module>
[1.315s]     import pkg_resources
[1.315s]   File "/home/haru/.local/lib/python3.10/site-packages/pkg_resources/__init__.py", line 3292, in <module>
[1.315s]     def _initialize_master_working_set():
[1.315s]   File "/home/haru/.local/lib/python3.10/site-packages/pkg_resources/__init__.py", line 3266, in _call_aside
[1.315s]     f(*args, **kwargs)
[1.315s]   File "/home/haru/.local/lib/python3.10/site-packages/pkg_resources/__init__.py", line 3317, in _initialize_master_working_set
[1.315s]     tuple(dist.activate(replace=False) for dist in working_set)
[1.315s]   File "/home/haru/.local/lib/python3.10/site-packages/pkg_resources/__init__.py", line 3317, in <genexpr>
[1.315s]     tuple(dist.activate(replace=False) for dist in working_set)
[1.316s]   File "/home/haru/.local/lib/python3.10/site-packages/pkg_resources/__init__.py", line 2827, in activate
[1.316s]     self.insert_on(path, replace=replace)
[1.316s]   File "/home/haru/.local/lib/python3.10/site-packages/pkg_resources/__init__.py", line 2936, in insert_on
[1.316s]     bdir = os.path.dirname(nloc)
[1.316s]   File "/usr/lib/python3.10/posixpath.py", line 154, in dirname
[1.316s]     i = p.rfind(sep) + 1
[1.316s] KeyboardInterrupt
[1.352s] Invoked command in '/home/haru/Documents/honrobo_2026/build/honrobo_pkg' returned '-2': PYTHONPATH=/home/haru/Documents/honrobo_2026/build/honrobo_pkg/prefix_override:/usr/lib/python3/dist-packages/colcon_core/task/python/colcon_distutils_commands:/home/haru/Documents/honrobo_2026/install/honrobo_pkg/lib/python3.10/site-packages:${PYTHONPATH} /usr/bin/python3 -W ignore:setup.py install is deprecated -W ignore:easy_install command is deprecated setup.py develop --editable --build-directory /home/haru/Documents/honrobo_2026/build/honrobo_pkg/build --no-deps symlink_data
