[0.078s] DEBUG:colcon:Command line arguments: ['/usr/bin/colcon', 'build', '--symlink-install']
[0.078s] DEBUG:colcon:Parsed command line arguments: Namespace(log_base=None, log_level=None, verb_name='build', build_base='build', install_base='install', merge_install=False, symlink_install=True, test_result_base=None, continue_on_error=False, executor='parallel', parallel_workers=12, event_handlers=None, ignore_user_meta=False, metas=['./colcon.meta'], base_paths=['.'], packages_ignore=None, packages_ignore_regex=None, paths=None, packages_up_to=None, packages_up_to_regex=None, packages_above=None, packages_above_and_dependencies=None, packages_above_depth=None, packages_select_by_dep=None, packages_skip_by_dep=None, packages_skip_up_to=None, packages_select_build_failed=False, packages_skip_build_finished=False, packages_select_test_failures=False, packages_skip_test_passed=False, packages_select=None, packages_skip=None, packages_select_regex=None, packages_skip_regex=None, packages_start=None, packages_end=None, allow_overriding=[], cmake_args=None, cmake_target=None, cmake_target_skip_unavailable=False, cmake_clean_cache=False, cmake_clean_first=False, cmake_force_configure=False, ament_cmake_args=None, catkin_cmake_args=None, catkin_skip_building_tests=False, verb_parser=<colcon_defaults.argument_parser.defaults.DefaultArgumentsDecorator object at 0x771654b5da50>, verb_extension=<colcon_core.verb.build.BuildVerb object at 0x771654b5d180>, main=<bound method BuildVerb.main of <colcon_core.verb.build.BuildVerb object at 0x771654b5d180>>)
[0.222s] Level 1:colcon.colcon_core.package_discovery:discover_packages(colcon_meta) check parameters
[0.222s] Level 1:colcon.colcon_core.package_discovery:discover_packages(recursive) check parameters
[0.222s] Level 1:colcon.colcon_core.package_discovery:discover_packages(ignore) check parameters
[0.222s] Level 1:colcon.colcon_core.package_discovery:discover_packages(path) check parameters
[0.222s] Level 1:colcon.colcon_core.package_discovery:discover_packages(colcon_meta) discover
[0.222s] Level 1:colcon.colcon_core.package_discovery:discover_packages(recursive) discover
[0.222s] INFO:colcon.colcon_core.package_discovery:Crawling recursively for packages in '/home/haru/Documents/honrobo_2026'
[0.223s] Level 1:colcon.colcon_core.package_identification:_identify(.) by extensions ['ignore', 'ignore_ament_install']
[0.223s] Level 1:colcon.colcon_core.package_identification:_identify(.) by extension 'ignore'
[0.223s] Level 1:colcon.colcon_core.package_identification:_identify(.) by extension 'ignore_ament_install'
[0.223s] Level 1:colcon.colcon_core.package_identification:_identify(.) by extensions ['colcon_pkg']
[0.223s] Level 1:colcon.colcon_core.package_identification:_identify(.) by extension 'colcon_pkg'
[0.223s] Level 1:colcon.colcon_core.package_identification:_identify(.) by extensions ['colcon_meta']
[0.223s] Level 1:colcon.colcon_core.package_identification:_identify(.) by extension 'colcon_meta'
[0.223s] Level 1:colcon.colcon_core.package_identification:_identify(.) by extensions ['ros']
[0.223s] Level 1:colcon.colcon_core.package_identification:_identify(.) by extension 'ros'
[0.231s] Level 1:colcon.colcon_core.package_identification:_identify(.) by extensions ['cmake', 'python']
[0.231s] Level 1:colcon.colcon_core.package_identification:_identify(.) by extension 'cmake'
[0.232s] Level 1:colcon.colcon_core.package_identification:_identify(.) by extension 'python'
[0.232s] Level 1:colcon.colcon_core.package_identification:_identify(.) by extensions ['python_setup_py']
[0.232s] Level 1:colcon.colcon_core.package_identification:_identify(.) by extension 'python_setup_py'
[0.232s] Level 1:colcon.colcon_core.package_identification:_identify(build) by extensions ['ignore', 'ignore_ament_install']
[0.232s] Level 1:colcon.colcon_core.package_identification:_identify(build) by extension 'ignore'
[0.232s] Level 1:colcon.colcon_core.package_identification:_identify(build) ignored
[0.232s] Level 1:colcon.colcon_core.package_identification:_identify(install) by extensions ['ignore', 'ignore_ament_install']
[0.232s] Level 1:colcon.colcon_core.package_identification:_identify(install) by extension 'ignore'
[0.232s] Level 1:colcon.colcon_core.package_identification:_identify(install) ignored
[0.232s] Level 1:colcon.colcon_core.package_identification:_identify(log) by extensions ['ignore', 'ignore_ament_install']
[0.232s] Level 1:colcon.colcon_core.package_identification:_identify(log) by extension 'ignore'
[0.232s] Level 1:colcon.colcon_core.package_identification:_identify(log) ignored
[0.232s] Level 1:colcon.colcon_core.package_identification:_identify(scripts) by extensions ['ignore', 'ignore_ament_install']
[0.232s] Level 1:colcon.colcon_core.package_identification:_identify(scripts) by extension 'ignore'
[0.232s] Level 1:colcon.colcon_core.package_identification:_identify(scripts) by extension 'ignore_ament_install'
[0.232s] Level 1:colcon.colcon_core.package_identification:_identify(scripts) by extensions ['colcon_pkg']
[0.233s] Level 1:colcon.colcon_core.package_identification:_identify(scripts) by extension 'colcon_pkg'
[0.233s] Level 1:colcon.colcon_core.package_identification:_identify(scripts) by extensions ['colcon_meta']
[0.233s] Level 1:colcon.colcon_core.package_identification:_identify(scripts) by extension 'colcon_meta'
[0.233s] Level 1:colcon.colcon_core.package_identification:_identify(scripts) by extensions ['ros']
[0.233s] Level 1:colcon.colcon_core.package_identification:_identify(scripts) by extension 'ros'
[0.233s] Level 1:colcon.colcon_core.package_identification:_identify(scripts) by extensions ['cmake', 'python']
[0.233s] Level 1:colcon.colcon_core.package_identification:_identify(scripts) by extension 'cmake'
[0.233s] Level 1:colcon.colcon_core.package_identification:_identify(scripts) by extension 'python'
[0.233s] Level 1:colcon.colcon_core.package_identification:_identify(scripts) by extensions ['python_setup_py']
[0.233s] Level 1:colcon.colcon_core.package_identification:_identify(scripts) by extension 'python_setup_py'
[0.233s] Level 1:colcon.colcon_core.package_identification:_identify(sken_library-main) by extensions ['ignore', 'ignore_ament_install']
[0.233s] Level 1:colcon.colcon_core.package_identification:_identify(sken_library-main) by extension 'ignore'
[0.233s] Level 1:colcon.colcon_core.package_identification:_identify(sken_library-main) by extension 'ignore_ament_install'
[0.233s] Level 1:colcon.colcon_core.package_identification:_identify(sken_library-main) by extensions ['colcon_pkg']
[0.233s] Level 1:colcon.colcon_core.package_identification:_identify(sken_library-main) by extension 'colcon_pkg'
[0.233s] Level 1:colcon.colcon_core.package_identification:_identify(sken_library-main) by extensions ['colcon_meta']
[0.233s] Level 1:colcon.colcon_core.package_identification:_identify(sken_library-main) by extension 'colcon_meta'
[0.233s] Level 1:colcon.colcon_core.package_identification:_identify(sken_library-main) by extensions ['ros']
[0.233s] Level 1:colcon.colcon_core.package_identification:_identify(sken_library-main) by extension 'ros'
[0.233s] Level 1:colcon.colcon_core.package_identification:_identify(sken_library-main) by extensions ['cmake', 'python']
[0.233s] Level 1:colcon.colcon_core.package_identification:_identify(sken_library-main) by extension 'cmake'
[0.233s] Level 1:colcon.colcon_core.package_identification:_identify(sken_library-main) by extension 'python'
[0.233s] Level 1:colcon.colcon_core.package_identification:_identify(sken_library-main) by extensions ['python_setup_py']
[0.233s] Level 1:colcon.colcon_core.package_identification:_identify(sken_library-main) by extension 'python_setup_py'
[0.233s] Level 1:colcon.colcon_core.package_identification:_identify(sken_library-main/sken_library) by extensions ['ignore', 'ignore_ament_install']
[0.234s] Level 1:colcon.colcon_core.package_identification:_identify(sken_library-main/sken_library) by extension 'ignore'
[0.234s] Level 1:colcon.colcon_core.package_identification:_identify(sken_library-main/sken_library) by extension 'ignore_ament_install'
[0.234s] Level 1:colcon.colcon_core.package_identification:_identify(sken_library-main/sken_library) by extensions ['colcon_pkg']
[0.234s] Level 1:colcon.colcon_core.package_identification:_identify(sken_library-main/sken_library) by extension 'colcon_pkg'
[0.234s] Level 1:colcon.colcon_core.package_identification:_identify(sken_library-main/sken_library) by extensions ['colcon_meta']
[0.234s] Level 1:colcon.colcon_core.package_identification:_identify(sken_library-main/sken_library) by extension 'colcon_meta'
[0.234s] Level 1:colcon.colcon_core.package_identification:_identify(sken_library-main/sken_library) by extensions ['ros']
[0.234s] Level 1:colcon.colcon_core.package_identification:_identify(sken_library-main/sken_library) by extension 'ros'
[0.234s] Level 1:colcon.colcon_core.package_identification:_identify(sken_library-main/sken_library) by extensions ['cmake', 'python']
[0.234s] Level 1:colcon.colcon_core.package_identification:_identify(sken_library-main/sken_library) by extension 'cmake'
[0.234s] Level 1:colcon.colcon_core.package_identification:_identify(sken_library-main/sken_library) by extension 'python'
[0.234s] Level 1:colcon.colcon_core.package_identification:_identify(sken_library-main/sken_library) by extensions ['python_setup_py']
[0.234s] Level 1:colcon.colcon_core.package_identification:_identify(sken_library-main/sken_library) by extension 'python_setup_py'
[0.234s] Level 1:colcon.colcon_core.package_identification:_identify(sken_library-main/sken_library/readme(markdown)) by extensions ['ignore', 'ignore_ament_install']
[0.234s] Level 1:colcon.colcon_core.package_identification:_identify(sken_library-main/sken_library/readme(markdown)) by extension 'ignore'
[0.234s] Level 1:colcon.colcon_core.package_identification:_identify(sken_library-main/sken_library/readme(markdown)) by extension 'ignore_ament_install'
[0.234s] Level 1:colcon.colcon_core.package_identification:_identify(sken_library-main/sken_library/readme(markdown)) by extensions ['colcon_pkg']
[0.234s] Level 1:colcon.colcon_core.package_identification:_identify(sken_library-main/sken_library/readme(markdown)) by extension 'colcon_pkg'
[0.234s] Level 1:colcon.colcon_core.package_identification:_identify(sken_library-main/sken_library/readme(markdown)) by extensions ['colcon_meta']
[0.234s] Level 1:colcon.colcon_core.package_identification:_identify(sken_library-main/sken_library/readme(markdown)) by extension 'colcon_meta'
[0.234s] Level 1:colcon.colcon_core.package_identification:_identify(sken_library-main/sken_library/readme(markdown)) by extensions ['ros']
[0.234s] Level 1:colcon.colcon_core.package_identification:_identify(sken_library-main/sken_library/readme(markdown)) by extension 'ros'
[0.234s] Level 1:colcon.colcon_core.package_identification:_identify(sken_library-main/sken_library/readme(markdown)) by extensions ['cmake', 'python']
[0.234s] Level 1:colcon.colcon_core.package_identification:_identify(sken_library-main/sken_library/readme(markdown)) by extension 'cmake'
[0.234s] Level 1:colcon.colcon_core.package_identification:_identify(sken_library-main/sken_library/readme(markdown)) by extension 'python'
[0.235s] Level 1:colcon.colcon_core.package_identification:_identify(sken_library-main/sken_library/readme(markdown)) by extensions ['python_setup_py']
[0.235s] Level 1:colcon.colcon_core.package_identification:_identify(sken_library-main/sken_library/readme(markdown)) by extension 'python_setup_py'
[0.235s] Level 1:colcon.colcon_core.package_identification:_identify(sken_library-main/sken_library/readme(pdf)) by extensions ['ignore', 'ignore_ament_install']
[0.235s] Level 1:colcon.colcon_core.package_identification:_identify(sken_library-main/sken_library/readme(pdf)) by extension 'ignore'
[0.235s] Level 1:colcon.colcon_core.package_identification:_identify(sken_library-main/sken_library/readme(pdf)) by extension 'ignore_ament_install'
[0.235s] Level 1:colcon.colcon_core.package_identification:_identify(sken_library-main/sken_library/readme(pdf)) by extensions ['colcon_pkg']
[0.235s] Level 1:colcon.colcon_core.package_identification:_identify(sken_library-main/sken_library/readme(pdf)) by extension 'colcon_pkg'
[0.235s] Level 1:colcon.colcon_core.package_identification:_identify(sken_library-main/sken_library/readme(pdf)) by extensions ['colcon_meta']
[0.235s] Level 1:colcon.colcon_core.package_identification:_identify(sken_library-main/sken_library/readme(pdf)) by extension 'colcon_meta'
[0.235s] Level 1:colcon.colcon_core.package_identification:_identify(sken_library-main/sken_library/readme(pdf)) by extensions ['ros']
[0.235s] Level 1:colcon.colcon_core.package_identification:_identify(sken_library-main/sken_library/readme(pdf)) by extension 'ros'
[0.235s] Level 1:colcon.colcon_core.package_identification:_identify(sken_library-main/sken_library/readme(pdf)) by extensions ['cmake', 'python']
[0.235s] Level 1:colcon.colcon_core.package_identification:_identify(sken_library-main/sken_library/readme(pdf)) by extension 'cmake'
[0.235s] Level 1:colcon.colcon_core.package_identification:_identify(sken_library-main/sken_library/readme(pdf)) by extension 'python'
[0.235s] Level 1:colcon.colcon_core.package_identification:_identify(sken_library-main/sken_library/readme(pdf)) by extensions ['python_setup_py']
[0.235s] Level 1:colcon.colcon_core.package_identification:_identify(sken_library-main/sken_library/readme(pdf)) by extension 'python_setup_py'
[0.235s] Level 1:colcon.colcon_core.package_identification:_identify(src) by extensions ['ignore', 'ignore_ament_install']
[0.235s] Level 1:colcon.colcon_core.package_identification:_identify(src) by extension 'ignore'
[0.235s] Level 1:colcon.colcon_core.package_identification:_identify(src) by extension 'ignore_ament_install'
[0.235s] Level 1:colcon.colcon_core.package_identification:_identify(src) by extensions ['colcon_pkg']
[0.235s] Level 1:colcon.colcon_core.package_identification:_identify(src) by extension 'colcon_pkg'
[0.235s] Level 1:colcon.colcon_core.package_identification:_identify(src) by extensions ['colcon_meta']
[0.235s] Level 1:colcon.colcon_core.package_identification:_identify(src) by extension 'colcon_meta'
[0.236s] Level 1:colcon.colcon_core.package_identification:_identify(src) by extensions ['ros']
[0.236s] Level 1:colcon.colcon_core.package_identification:_identify(src) by extension 'ros'
[0.236s] Level 1:colcon.colcon_core.package_identification:_identify(src) by extensions ['cmake', 'python']
[0.236s] Level 1:colcon.colcon_core.package_identification:_identify(src) by extension 'cmake'
[0.236s] Level 1:colcon.colcon_core.package_identification:_identify(src) by extension 'python'
[0.236s] Level 1:colcon.colcon_core.package_identification:_identify(src) by extensions ['python_setup_py']
[0.236s] Level 1:colcon.colcon_core.package_identification:_identify(src) by extension 'python_setup_py'
[0.236s] Level 1:colcon.colcon_core.package_identification:_identify(src/honrobo_pkg) by extensions ['ignore', 'ignore_ament_install']
[0.236s] Level 1:colcon.colcon_core.package_identification:_identify(src/honrobo_pkg) by extension 'ignore'
[0.236s] Level 1:colcon.colcon_core.package_identification:_identify(src/honrobo_pkg) by extension 'ignore_ament_install'
[0.236s] Level 1:colcon.colcon_core.package_identification:_identify(src/honrobo_pkg) by extensions ['colcon_pkg']
[0.236s] Level 1:colcon.colcon_core.package_identification:_identify(src/honrobo_pkg) by extension 'colcon_pkg'
[0.236s] Level 1:colcon.colcon_core.package_identification:_identify(src/honrobo_pkg) by extensions ['colcon_meta']
[0.236s] Level 1:colcon.colcon_core.package_identification:_identify(src/honrobo_pkg) by extension 'colcon_meta'
[0.236s] Level 1:colcon.colcon_core.package_identification:_identify(src/honrobo_pkg) by extensions ['ros']
[0.236s] Level 1:colcon.colcon_core.package_identification:_identify(src/honrobo_pkg) by extension 'ros'
[0.238s] DEBUG:colcon.colcon_core.package_identification:Package 'src/honrobo_pkg' with type 'ros.ament_python' and name 'honrobo_pkg'
[0.238s] Level 1:colcon.colcon_core.package_discovery:discover_packages(recursive) using defaults
[0.238s] Level 1:colcon.colcon_core.package_discovery:discover_packages(ignore) discover
[0.238s] Level 1:colcon.colcon_core.package_discovery:discover_packages(ignore) using defaults
[0.238s] Level 1:colcon.colcon_core.package_discovery:discover_packages(path) discover
[0.238s] Level 1:colcon.colcon_core.package_discovery:discover_packages(path) using defaults
[0.265s] Level 1:colcon.colcon_core.package_discovery:discover_packages(prefix_path) check parameters
[0.265s] Level 1:colcon.colcon_core.package_discovery:discover_packages(prefix_path) discover
[0.266s] DEBUG:colcon.colcon_installed_package_information.package_discovery:Found 1 installed packages in /home/haru/Documents/honrobo_2026/install
[0.268s] DEBUG:colcon.colcon_installed_package_information.package_discovery:Found 425 installed packages in /opt/ros/humble
[0.270s] Level 1:colcon.colcon_core.package_discovery:discover_packages(prefix_path) using defaults
[0.311s] Level 5:colcon.colcon_core.verb:set package 'honrobo_pkg' build argument 'cmake_args' from command line to 'None'
[0.312s] Level 5:colcon.colcon_core.verb:set package 'honrobo_pkg' build argument 'cmake_target' from command line to 'None'
[0.312s] Level 5:colcon.colcon_core.verb:set package 'honrobo_pkg' build argument 'cmake_target_skip_unavailable' from command line to 'False'
[0.312s] Level 5:colcon.colcon_core.verb:set package 'honrobo_pkg' build argument 'cmake_clean_cache' from command line to 'False'
[0.312s] Level 5:colcon.colcon_core.verb:set package 'honrobo_pkg' build argument 'cmake_clean_first' from command line to 'False'
[0.312s] Level 5:colcon.colcon_core.verb:set package 'honrobo_pkg' build argument 'cmake_force_configure' from command line to 'False'
[0.312s] Level 5:colcon.colcon_core.verb:set package 'honrobo_pkg' build argument 'ament_cmake_args' from command line to 'None'
[0.312s] Level 5:colcon.colcon_core.verb:set package 'honrobo_pkg' build argument 'catkin_cmake_args' from command line to 'None'
[0.312s] Level 5:colcon.colcon_core.verb:set package 'honrobo_pkg' build argument 'catkin_skip_building_tests' from command line to 'False'
[0.312s] DEBUG:colcon.colcon_core.verb:Building package 'honrobo_pkg' with the following arguments: {'ament_cmake_args': None, 'build_base': '/home/haru/Documents/honrobo_2026/build/honrobo_pkg', 'catkin_cmake_args': None, 'catkin_skip_building_tests': False, 'cmake_args': None, 'cmake_clean_cache': False, 'cmake_clean_first': False, 'cmake_force_configure': False, 'cmake_target': None, 'cmake_target_skip_unavailable': False, 'install_base': '/home/haru/Documents/honrobo_2026/install/honrobo_pkg', 'merge_install': False, 'path': '/home/haru/Documents/honrobo_2026/src/honrobo_pkg', 'symlink_install': True, 'test_result_base': None}
[0.312s] INFO:colcon.colcon_core.executor:Executing jobs using 'parallel' executor
[0.313s] DEBUG:colcon.colcon_parallel_executor.executor.parallel:run_until_complete
[0.313s] INFO:colcon.colcon_ros.task.ament_python.build:Building ROS package in '/home/haru/Documents/honrobo_2026/src/honrobo_pkg' with build type 'ament_python'
[0.313s] Level 1:colcon.colcon_core.shell:create_environment_hook('honrobo_pkg', 'ament_prefix_path')
[0.315s] INFO:colcon.colcon_core.plugin_system:Skipping extension 'colcon_core.shell.bat': Not used on non-Windows systems
[0.315s] INFO:colcon.colcon_core.shell:Creating environment hook '/home/haru/Documents/honrobo_2026/install/honrobo_pkg/share/honrobo_pkg/hook/ament_prefix_path.ps1'
[0.316s] INFO:colcon.colcon_core.shell:Creating environment descriptor '/home/haru/Documents/honrobo_2026/install/honrobo_pkg/share/honrobo_pkg/hook/ament_prefix_path.dsv'
[0.316s] INFO:colcon.colcon_core.shell:Creating environment hook '/home/haru/Documents/honrobo_2026/install/honrobo_pkg/share/honrobo_pkg/hook/ament_prefix_path.sh'
[0.316s] INFO:colcon.colcon_core.shell:Skip shell extension 'powershell' for command environment: Not usable outside of PowerShell
[0.317s] DEBUG:colcon.colcon_core.shell:Skip shell extension 'dsv' for command environment
[0.550s] INFO:colcon.colcon_core.task.python.build:Building Python package in '/home/haru/Documents/honrobo_2026/src/honrobo_pkg'
[0.551s] INFO:colcon.colcon_core.shell:Skip shell extension 'powershell' for command environment: Not usable outside of PowerShell
[0.551s] DEBUG:colcon.colcon_core.shell:Skip shell extension 'dsv' for command environment
[0.867s] DEBUG:colcon.colcon_core.event_handler.log_command:Invoking command in '/home/haru/Documents/honrobo_2026/build/honrobo_pkg': PYTHONPATH=/home/haru/Documents/honrobo_2026/build/honrobo_pkg/prefix_override:/usr/lib/python3/dist-packages/colcon_core/task/python/colcon_distutils_commands:/home/haru/Documents/honrobo_2026/install/honrobo_pkg/lib/python3.10/site-packages:${PYTHONPATH} /usr/bin/python3 -W ignore:setup.py install is deprecated -W ignore:easy_install command is deprecated setup.py develop --editable --build-directory /home/haru/Documents/honrobo_2026/build/honrobo_pkg/build --no-deps symlink_data
[1.284s] Level 1:colcon.colcon_core.shell:create_environment_hook('honrobo_pkg', 'pythonpath_develop')
[1.285s] INFO:colcon.colcon_core.shell:Creating environment hook '/home/haru/Documents/honrobo_2026/build/honrobo_pkg/share/honrobo_pkg/hook/pythonpath_develop.ps1'
[1.285s] DEBUG:colcon.colcon_core.event_handler.log_command:Invoked command in '/home/haru/Documents/honrobo_2026/build/honrobo_pkg' returned '0': PYTHONPATH=/home/haru/Documents/honrobo_2026/build/honrobo_pkg/prefix_override:/usr/lib/python3/dist-packages/colcon_core/task/python/colcon_distutils_commands:/home/haru/Documents/honrobo_2026/install/honrobo_pkg/lib/python3.10/site-packages:${PYTHONPATH} /usr/bin/python3 -W ignore:setup.py install is deprecated -W ignore:easy_install command is deprecated setup.py develop --editable --build-directory /home/haru/Documents/honrobo_2026/build/honrobo_pkg/build --no-deps symlink_data
[1.286s] INFO:colcon.colcon_core.shell:Creating environment descriptor '/home/haru/Documents/honrobo_2026/build/honrobo_pkg/share/honrobo_pkg/hook/pythonpath_develop.dsv'
[1.286s] INFO:colcon.colcon_core.shell:Creating environment hook '/home/haru/Documents/honrobo_2026/build/honrobo_pkg/share/honrobo_pkg/hook/pythonpath_develop.sh'
[1.288s] Level 1:colcon.colcon_core.environment:checking '/home/haru/Documents/honrobo_2026/install/honrobo_pkg' for CMake module files
[1.289s] Level 1:colcon.colcon_core.environment:checking '/home/haru/Documents/honrobo_2026/install/honrobo_pkg' for CMake config files
[1.289s] Level 1:colcon.colcon_core.environment:checking '/home/haru/Documents/honrobo_2026/install/honrobo_pkg/lib'
[1.289s] Level 1:colcon.colcon_core.environment:checking '/home/haru/Documents/honrobo_2026/install/honrobo_pkg/bin'
[1.289s] Level 1:colcon.colcon_core.environment:checking '/home/haru/Documents/honrobo_2026/install/honrobo_pkg/lib/pkgconfig/honrobo_pkg.pc'
[1.290s] Level 1:colcon.colcon_core.environment:checking '/home/haru/Documents/honrobo_2026/install/honrobo_pkg/lib/python3.10/site-packages'
[1.290s] Level 1:colcon.colcon_core.shell:create_environment_hook('honrobo_pkg', 'pythonpath')
[1.290s] INFO:colcon.colcon_core.shell:Creating environment hook '/home/haru/Documents/honrobo_2026/install/honrobo_pkg/share/honrobo_pkg/hook/pythonpath.ps1'
[1.290s] INFO:colcon.colcon_core.shell:Creating environment descriptor '/home/haru/Documents/honrobo_2026/install/honrobo_pkg/share/honrobo_pkg/hook/pythonpath.dsv'
[1.290s] INFO:colcon.colcon_core.shell:Creating environment hook '/home/haru/Documents/honrobo_2026/install/honrobo_pkg/share/honrobo_pkg/hook/pythonpath.sh'
[1.291s] Level 1:colcon.colcon_core.environment:checking '/home/haru/Documents/honrobo_2026/install/honrobo_pkg/bin'
[1.291s] Level 1:colcon.colcon_core.environment:create_environment_scripts_only(honrobo_pkg)
[1.291s] INFO:colcon.colcon_core.shell:Creating package script '/home/haru/Documents/honrobo_2026/install/honrobo_pkg/share/honrobo_pkg/package.ps1'
[1.292s] INFO:colcon.colcon_core.shell:Creating package descriptor '/home/haru/Documents/honrobo_2026/install/honrobo_pkg/share/honrobo_pkg/package.dsv'
[1.293s] INFO:colcon.colcon_core.shell:Creating package script '/home/haru/Documents/honrobo_2026/install/honrobo_pkg/share/honrobo_pkg/package.sh'
[1.293s] INFO:colcon.colcon_core.shell:Creating package script '/home/haru/Documents/honrobo_2026/install/honrobo_pkg/share/honrobo_pkg/package.bash'
[1.294s] INFO:colcon.colcon_core.shell:Creating package script '/home/haru/Documents/honrobo_2026/install/honrobo_pkg/share/honrobo_pkg/package.zsh'
[1.295s] Level 1:colcon.colcon_core.environment:create_file_with_runtime_dependencies(/home/haru/Documents/honrobo_2026/install/honrobo_pkg/share/colcon-core/packages/honrobo_pkg)
[1.295s] DEBUG:colcon.colcon_parallel_executor.executor.parallel:closing loop
[1.295s] DEBUG:colcon.colcon_parallel_executor.executor.parallel:loop closed
[1.295s] DEBUG:colcon.colcon_parallel_executor.executor.parallel:run_until_complete finished with '0'
[1.295s] DEBUG:colcon.colcon_core.event_reactor:joining thread
[1.300s] INFO:colcon.colcon_core.plugin_system:Skipping extension 'colcon_notification.desktop_notification.terminal_notifier': Not used on non-Darwin systems
[1.300s] INFO:colcon.colcon_core.plugin_system:Skipping extension 'colcon_notification.desktop_notification.win32': Not used on non-Windows systems
[1.300s] INFO:colcon.colcon_notification.desktop_notification:Sending desktop notification using 'notify2'
[1.309s] DEBUG:colcon.colcon_core.event_reactor:joined thread
[1.310s] INFO:colcon.colcon_core.shell:Creating prefix script '/home/haru/Documents/honrobo_2026/install/local_setup.ps1'
[1.311s] INFO:colcon.colcon_core.shell:Creating prefix util module '/home/haru/Documents/honrobo_2026/install/_local_setup_util_ps1.py'
[1.312s] INFO:colcon.colcon_core.shell:Creating prefix chain script '/home/haru/Documents/honrobo_2026/install/setup.ps1'
[1.313s] INFO:colcon.colcon_core.shell:Creating prefix script '/home/haru/Documents/honrobo_2026/install/local_setup.sh'
[1.313s] INFO:colcon.colcon_core.shell:Creating prefix util module '/home/haru/Documents/honrobo_2026/install/_local_setup_util_sh.py'
[1.314s] INFO:colcon.colcon_core.shell:Creating prefix chain script '/home/haru/Documents/honrobo_2026/install/setup.sh'
[1.314s] INFO:colcon.colcon_core.shell:Creating prefix script '/home/haru/Documents/honrobo_2026/install/local_setup.bash'
[1.315s] INFO:colcon.colcon_core.shell:Creating prefix chain script '/home/haru/Documents/honrobo_2026/install/setup.bash'
[1.316s] INFO:colcon.colcon_core.shell:Creating prefix script '/home/haru/Documents/honrobo_2026/install/local_setup.zsh'
[1.316s] INFO:colcon.colcon_core.shell:Creating prefix chain script '/home/haru/Documents/honrobo_2026/install/setup.zsh'
