[0.780s] Invoking command in '/home/haru/Documents/honrobo_2026/build/honrobo_pkg': PYTHONPATH=/home/haru/Documents/honrobo_2026/build/honrobo_pkg/prefix_override:/usr/lib/python3/dist-packages/colcon_core/task/python/colcon_distutils_commands:/home/haru/Documents/honrobo_2026/install/honrobo_pkg/lib/python3.10/site-packages:${PYTHONPATH} /usr/bin/python3 -W ignore:setup.py install is deprecated -W ignore:easy_install command is deprecated setup.py develop --editable --build-directory /home/haru/Documents/honrobo_2026/build/honrobo_pkg/build --no-deps symlink_data
[1.096s] running develop
[1.330s] running egg_info
[1.330s] writing honrobo_pkg.egg-info/PKG-INFO
[1.331s] writing dependency_links to honrobo_pkg.egg-info/dependency_links.txt
[1.331s] writing entry points to honrobo_pkg.egg-info/entry_points.txt
[1.331s] writing requirements to honrobo_pkg.egg-info/requires.txt
[1.331s] writing top-level names to honrobo_pkg.egg-info/top_level.txt
[1.334s] reading manifest file 'honrobo_pkg.egg-info/SOURCES.txt'
[1.335s] writing manifest file 'honrobo_pkg.egg-info/SOURCES.txt'
[1.336s] running build_ext
[1.337s] Creating /home/haru/Documents/honrobo_2026/install/honrobo_pkg/lib/python3.10/site-packages/honrobo-pkg.egg-link (link to .)
[1.338s] Installing can_node script to /home/haru/Documents/honrobo_2026/install/honrobo_pkg/lib/honrobo_pkg
[1.338s] Installing monitor_node script to /home/haru/Documents/honrobo_2026/install/honrobo_pkg/lib/honrobo_pkg
[1.338s] Installing ps4_node script to /home/haru/Documents/honrobo_2026/install/honrobo_pkg/lib/honrobo_pkg
[1.338s] Installing roboware_node script to /home/haru/Documents/honrobo_2026/install/honrobo_pkg/lib/honrobo_pkg
[1.338s] Installing web_node script to /home/haru/Documents/honrobo_2026/install/honrobo_pkg/lib/honrobo_pkg
[1.339s] Installing zikoiti_node script to /home/haru/Documents/honrobo_2026/install/honrobo_pkg/lib/honrobo_pkg
[1.339s] 
[1.339s] Installed /home/haru/Documents/honrobo_2026/build/honrobo_pkg
[1.339s] running symlink_data
[1.372s] Invoked command in '/home/haru/Documents/honrobo_2026/build/honrobo_pkg' returned '0': PYTHONPATH=/home/haru/Documents/honrobo_2026/build/honrobo_pkg/prefix_override:/usr/lib/python3/dist-packages/colcon_core/task/python/colcon_distutils_commands:/home/haru/Documents/honrobo_2026/install/honrobo_pkg/lib/python3.10/site-packages:${PYTHONPATH} /usr/bin/python3 -W ignore:setup.py install is deprecated -W ignore:easy_install command is deprecated setup.py develop --editable --build-directory /home/haru/Documents/honrobo_2026/build/honrobo_pkg/build --no-deps symlink_data
