-- The C compiler identification is GNU 11.4.0
-- The CXX compiler identification is GNU 11.4.0
-- Detecting C compiler ABI info
-- Detecting C compiler ABI info - done
-- Check for working C compiler: /usr/bin/cc - skipped
-- Detecting C compile features
-- Detecting C compile features - done
-- Detecting CXX compiler ABI info
-- Detecting CXX compiler ABI info - done
-- Check for working CXX compiler: /usr/bin/c++ - skipped
-- Detecting CXX compile features
-- Detecting CXX compile features - done
-- Found ament_cmake_auto: 1.3.14 (/opt/ros/humble/share/ament_cmake_auto/cmake)
-- Found Python3: /usr/bin/python3 (found version "3.10.12") found components: Interpreter 
-- Override CMake install command with custom implementation using symlinks instead of copying resources
-- Found rosidl_generator_c: 3.1.8 (/opt/ros/humble/share/rosidl_generator_c/cmake)
-- Found rosidl_adapter: 3.1.8 (/opt/ros/humble/share/rosidl_adapter/cmake)
-- Found rosidl_generator_cpp: 3.1.8 (/opt/ros/humble/share/rosidl_generator_cpp/cmake)
-- Using all available rosidl_typesupport_c: rosidl_typesupport_fastrtps_c;rosidl_typesupport_introspection_c
-- Using all available rosidl_typesupport_cpp: rosidl_typesupport_fastrtps_cpp;rosidl_typesupport_introspection_cpp
-- Found rmw_implementation_cmake: 6.1.2 (/opt/ros/humble/share/rmw_implementation_cmake/cmake)
-- Found rmw_fastrtps_cpp: 6.2.10 (/opt/ros/humble/share/rmw_fastrtps_cpp/cmake)
-- Found OpenSSL: /usr/lib/x86_64-linux-gnu/libcrypto.so (found version "3.0.2")  
-- Found FastRTPS: /opt/ros/humble/include  
-- Using RMW implementation 'rmw_fastrtps_cpp' as default
-- Looking for pthread.h
-- Looking for pthread.h - found
-- Performing Test CMAKE_HAVE_LIBC_PTHREAD
-- Performing Test CMAKE_HAVE_LIBC_PTHREAD - Success
-- Found Threads: TRUE  
-- Found eigen3_cmake_module: 0.1.1 (/opt/ros/humble/share/eigen3_cmake_module/cmake)
-- Found Eigen3: TRUE (found version "3.4.0") 
-- Ensuring Eigen3 include directory is part of orocos-kdl CMake target
-- Configuring done
-- Generating done
-- Build files have been written to: /home/haru/Documents/honrobo_2026/build/holo_mcl
[ 50%] Building CXX object CMakeFiles/holo_mcl.dir/src/mcl.cpp.o
[ 50%] Building CXX object CMakeFiles/mcl.dir/rclcpp_components/node_main_mcl.cpp.o
[ 75%] Linking CXX executable mcl
[ 75%] Built target mcl
[100%] Linking CXX shared library libholo_mcl.so
[100%] Built target holo_mcl
-- Install configuration: ""
-- Execute custom install script
-- Symlinking: /home/haru/Documents/honrobo_2026/install/holo_mcl/lib/holo_mcl/mcl
-- Symlinking: /home/haru/Documents/honrobo_2026/install/holo_mcl/include/holo_mcl/holo_mcl/mcl.hpp
-- Symlinking: /home/haru/Documents/honrobo_2026/install/holo_mcl/share/holo_mcl/environment/library_path.sh
-- Symlinking: /home/haru/Documents/honrobo_2026/install/holo_mcl/share/holo_mcl/environment/library_path.dsv
-- Symlinking: /home/haru/Documents/honrobo_2026/install/holo_mcl/lib/libholo_mcl.so
-- Symlinking: /home/haru/Documents/honrobo_2026/install/holo_mcl/share/ament_index/resource_index/package_run_dependencies/holo_mcl
-- Symlinking: /home/haru/Documents/honrobo_2026/install/holo_mcl/share/ament_index/resource_index/parent_prefix_path/holo_mcl
-- Symlinking: /home/haru/Documents/honrobo_2026/install/holo_mcl/share/holo_mcl/environment/ament_prefix_path.sh
-- Symlinking: /home/haru/Documents/honrobo_2026/install/holo_mcl/share/holo_mcl/environment/ament_prefix_path.dsv
-- Symlinking: /home/haru/Documents/honrobo_2026/install/holo_mcl/share/holo_mcl/environment/path.sh
-- Symlinking: /home/haru/Documents/honrobo_2026/install/holo_mcl/share/holo_mcl/environment/path.dsv
-- Symlinking: /home/haru/Documents/honrobo_2026/install/holo_mcl/share/holo_mcl/local_setup.bash
-- Symlinking: /home/haru/Documents/honrobo_2026/install/holo_mcl/share/holo_mcl/local_setup.sh
-- Symlinking: /home/haru/Documents/honrobo_2026/install/holo_mcl/share/holo_mcl/local_setup.zsh
-- Symlinking: /home/haru/Documents/honrobo_2026/install/holo_mcl/share/holo_mcl/local_setup.dsv
-- Symlinking: /home/haru/Documents/honrobo_2026/install/holo_mcl/share/holo_mcl/package.dsv
-- Symlinking: /home/haru/Documents/honrobo_2026/install/holo_mcl/share/ament_index/resource_index/packages/holo_mcl
-- Symlinking: /home/haru/Documents/honrobo_2026/install/holo_mcl/share/ament_index/resource_index/rclcpp_components/holo_mcl
-- Symlinking: /home/haru/Documents/honrobo_2026/install/holo_mcl/share/holo_mcl/cmake/ament_cmake_export_dependencies-extras.cmake
-- Symlinking: /home/haru/Documents/honrobo_2026/install/holo_mcl/share/holo_mcl/cmake/ament_cmake_export_include_directories-extras.cmake
-- Symlinking: /home/haru/Documents/honrobo_2026/install/holo_mcl/share/holo_mcl/cmake/ament_cmake_export_libraries-extras.cmake
-- Symlinking: /home/haru/Documents/honrobo_2026/install/holo_mcl/share/holo_mcl/cmake/holo_mclConfig.cmake
-- Symlinking: /home/haru/Documents/honrobo_2026/install/holo_mcl/share/holo_mcl/cmake/holo_mclConfig-version.cmake
-- Symlinking: /home/haru/Documents/honrobo_2026/install/holo_mcl/share/holo_mcl/package.xml
