[0.011s] Invoking command in '/home/haru/Documents/honrobo_2026/build/holo_mcl': CMAKE_PREFIX_PATH=/opt/ros/humble /usr/bin/cmake /home/haru/Documents/honrobo_2026/src/holo_mcl -DAMENT_CMAKE_SYMLINK_INSTALL=1 -DCMAKE_INSTALL_PREFIX=/home/haru/Documents/honrobo_2026/install/holo_mcl
[0.224s] -- The C compiler identification is GNU 11.4.0
[0.224s] -- The CXX compiler identification is GNU 11.4.0
[0.224s] -- Detecting C compiler ABI info
[0.224s] -- Detecting C compiler ABI info - done
[0.224s] -- Check for working C compiler: /usr/bin/cc - skipped
[0.224s] -- Detecting C compile features
[0.224s] -- Detecting C compile features - done
[0.224s] -- Detecting CXX compiler ABI info
[0.261s] -- Detecting CXX compiler ABI info - done
[0.266s] -- Check for working CXX compiler: /usr/bin/c++ - skipped
[0.266s] -- Detecting CXX compile features
[0.267s] -- Detecting CXX compile features - done
[0.268s] -- Found ament_cmake_auto: 1.3.14 (/opt/ros/humble/share/ament_cmake_auto/cmake)
[0.592s] -- Found Python3: /usr/bin/python3 (found version "3.10.12") found components: Interpreter 
[0.645s] -- Override CMake install command with custom implementation using symlinks instead of copying resources
[0.761s] -- Found rosidl_generator_c: 3.1.8 (/opt/ros/humble/share/rosidl_generator_c/cmake)
[0.766s] -- Found rosidl_adapter: 3.1.8 (/opt/ros/humble/share/rosidl_adapter/cmake)
[0.774s] -- Found rosidl_generator_cpp: 3.1.8 (/opt/ros/humble/share/rosidl_generator_cpp/cmake)
[0.785s] -- Using all available rosidl_typesupport_c: rosidl_typesupport_fastrtps_c;rosidl_typesupport_introspection_c
[0.799s] -- Using all available rosidl_typesupport_cpp: rosidl_typesupport_fastrtps_cpp;rosidl_typesupport_introspection_cpp
[0.838s] -- Found rmw_implementation_cmake: 6.1.2 (/opt/ros/humble/share/rmw_implementation_cmake/cmake)
[0.841s] -- Found rmw_fastrtps_cpp: 6.2.10 (/opt/ros/humble/share/rmw_fastrtps_cpp/cmake)
[0.925s] -- Found OpenSSL: /usr/lib/x86_64-linux-gnu/libcrypto.so (found version "3.0.2")  
[0.958s] -- Found FastRTPS: /opt/ros/humble/include  
[1.004s] -- Using RMW implementation 'rmw_fastrtps_cpp' as default
[1.013s] -- Looking for pthread.h
[1.081s] -- Looking for pthread.h - found
[1.081s] -- Performing Test CMAKE_HAVE_LIBC_PTHREAD
[1.156s] -- Performing Test CMAKE_HAVE_LIBC_PTHREAD - Success
[1.157s] -- Found Threads: TRUE  
[1.311s] -- Found eigen3_cmake_module: 0.1.1 (/opt/ros/humble/share/eigen3_cmake_module/cmake)
[1.313s] -- Found Eigen3: TRUE (found version "3.4.0") 
[1.313s] -- Ensuring Eigen3 include directory is part of orocos-kdl CMake target
[1.399s] -- Configuring done
[1.404s] -- Generating done
[1.409s] -- Build files have been written to: /home/haru/Documents/honrobo_2026/build/holo_mcl
[1.422s] Invoked command in '/home/haru/Documents/honrobo_2026/build/holo_mcl' returned '0': CMAKE_PREFIX_PATH=/opt/ros/humble /usr/bin/cmake /home/haru/Documents/honrobo_2026/src/holo_mcl -DAMENT_CMAKE_SYMLINK_INSTALL=1 -DCMAKE_INSTALL_PREFIX=/home/haru/Documents/honrobo_2026/install/holo_mcl
[1.423s] Invoking command in '/home/haru/Documents/honrobo_2026/build/holo_mcl': CMAKE_PREFIX_PATH=/opt/ros/humble /usr/bin/cmake --build /home/haru/Documents/honrobo_2026/build/holo_mcl -- -j12 -l12
[1.483s] [ 50%] Building CXX object CMakeFiles/holo_mcl.dir/src/mcl.cpp.o
[1.483s] [ 50%] Building CXX object CMakeFiles/mcl.dir/rclcpp_components/node_main_mcl.cpp.o
[5.546s] [ 75%] Linking CXX executable mcl
[5.722s] [ 75%] Built target mcl
[20.136s] [100%] Linking CXX shared library libholo_mcl.so
[21.053s] [100%] Built target holo_mcl
[21.064s] Invoked command in '/home/haru/Documents/honrobo_2026/build/holo_mcl' returned '0': CMAKE_PREFIX_PATH=/opt/ros/humble /usr/bin/cmake --build /home/haru/Documents/honrobo_2026/build/holo_mcl -- -j12 -l12
[21.066s] Invoking command in '/home/haru/Documents/honrobo_2026/build/holo_mcl': CMAKE_PREFIX_PATH=/opt/ros/humble /usr/bin/cmake --install /home/haru/Documents/honrobo_2026/build/holo_mcl
[21.073s] -- Install configuration: ""
[21.074s] -- Execute custom install script
[21.074s] -- Symlinking: /home/haru/Documents/honrobo_2026/install/holo_mcl/lib/holo_mcl/mcl
[21.084s] -- Symlinking: /home/haru/Documents/honrobo_2026/install/holo_mcl/include/holo_mcl/holo_mcl/mcl.hpp
[21.093s] -- Symlinking: /home/haru/Documents/honrobo_2026/install/holo_mcl/share/holo_mcl/environment/library_path.sh
[21.102s] -- Symlinking: /home/haru/Documents/honrobo_2026/install/holo_mcl/share/holo_mcl/environment/library_path.dsv
[21.112s] -- Symlinking: /home/haru/Documents/honrobo_2026/install/holo_mcl/lib/libholo_mcl.so
[21.121s] -- Symlinking: /home/haru/Documents/honrobo_2026/install/holo_mcl/share/ament_index/resource_index/package_run_dependencies/holo_mcl
[21.129s] -- Symlinking: /home/haru/Documents/honrobo_2026/install/holo_mcl/share/ament_index/resource_index/parent_prefix_path/holo_mcl
[21.138s] -- Symlinking: /home/haru/Documents/honrobo_2026/install/holo_mcl/share/holo_mcl/environment/ament_prefix_path.sh
[21.147s] -- Symlinking: /home/haru/Documents/honrobo_2026/install/holo_mcl/share/holo_mcl/environment/ament_prefix_path.dsv
[21.156s] -- Symlinking: /home/haru/Documents/honrobo_2026/install/holo_mcl/share/holo_mcl/environment/path.sh
[21.166s] -- Symlinking: /home/haru/Documents/honrobo_2026/install/holo_mcl/share/holo_mcl/environment/path.dsv
[21.175s] -- Symlinking: /home/haru/Documents/honrobo_2026/install/holo_mcl/share/holo_mcl/local_setup.bash
[21.184s] -- Symlinking: /home/haru/Documents/honrobo_2026/install/holo_mcl/share/holo_mcl/local_setup.sh
[21.193s] -- Symlinking: /home/haru/Documents/honrobo_2026/install/holo_mcl/share/holo_mcl/local_setup.zsh
[21.202s] -- Symlinking: /home/haru/Documents/honrobo_2026/install/holo_mcl/share/holo_mcl/local_setup.dsv
[21.211s] -- Symlinking: /home/haru/Documents/honrobo_2026/install/holo_mcl/share/holo_mcl/package.dsv
[21.220s] -- Symlinking: /home/haru/Documents/honrobo_2026/install/holo_mcl/share/ament_index/resource_index/packages/holo_mcl
[21.229s] -- Symlinking: /home/haru/Documents/honrobo_2026/install/holo_mcl/share/ament_index/resource_index/rclcpp_components/holo_mcl
[21.238s] -- Symlinking: /home/haru/Documents/honrobo_2026/install/holo_mcl/share/holo_mcl/cmake/ament_cmake_export_dependencies-extras.cmake
[21.247s] -- Symlinking: /home/haru/Documents/honrobo_2026/install/holo_mcl/share/holo_mcl/cmake/ament_cmake_export_include_directories-extras.cmake
[21.257s] -- Symlinking: /home/haru/Documents/honrobo_2026/install/holo_mcl/share/holo_mcl/cmake/ament_cmake_export_libraries-extras.cmake
[21.266s] -- Symlinking: /home/haru/Documents/honrobo_2026/install/holo_mcl/share/holo_mcl/cmake/holo_mclConfig.cmake
[21.275s] -- Symlinking: /home/haru/Documents/honrobo_2026/install/holo_mcl/share/holo_mcl/cmake/holo_mclConfig-version.cmake
[21.285s] -- Symlinking: /home/haru/Documents/honrobo_2026/install/holo_mcl/share/holo_mcl/package.xml
[21.297s] Invoked command in '/home/haru/Documents/honrobo_2026/build/holo_mcl' returned '0': CMAKE_PREFIX_PATH=/opt/ros/humble /usr/bin/cmake --install /home/haru/Documents/honrobo_2026/build/holo_mcl
