[0.372s] Invoking command in '/home/haru/Documents/honrobo_2026/build/honrobo_pkg': PYTHONPATH=/home/haru/Documents/honrobo_2026/build/honrobo_pkg/prefix_override:/usr/lib/python3/dist-packages/colcon_core/task/python/colcon_distutils_commands:/home/haru/Documents/honrobo_2026/install/honrobo_pkg/lib/python3.10/site-packages: /usr/bin/python3 -W ignore:setup.py install is deprecated -W ignore:easy_install command is deprecated setup.py develop --uninstall --editable --build-directory /home/haru/Documents/honrobo_2026/build/honrobo_pkg/build
[0.519s] running develop
[0.588s] Removing /home/haru/Documents/honrobo_2026/install/honrobo_pkg/lib/python3.10/site-packages/honrobo-pkg.egg-link (link to .)
[0.605s] Invoked command in '/home/haru/Documents/honrobo_2026/build/honrobo_pkg' returned '0': PYTHONPATH=/home/haru/Documents/honrobo_2026/build/honrobo_pkg/prefix_override:/usr/lib/python3/dist-packages/colcon_core/task/python/colcon_distutils_commands:/home/haru/Documents/honrobo_2026/install/honrobo_pkg/lib/python3.10/site-packages: /usr/bin/python3 -W ignore:setup.py install is deprecated -W ignore:easy_install command is deprecated setup.py develop --uninstall --editable --build-directory /home/haru/Documents/honrobo_2026/build/honrobo_pkg/build
[0.606s] Invoking command in '/home/haru/Documents/honrobo_2026/src/honrobo_pkg': PYTHONPATH=/home/haru/Documents/honrobo_2026/build/honrobo_pkg/prefix_override:/usr/lib/python3/dist-packages/colcon_core/task/python/colcon_distutils_commands:/home/haru/Documents/honrobo_2026/install/honrobo_pkg/lib/python3.10/site-packages: /usr/bin/python3 -W ignore:setup.py install is deprecated -W ignore:easy_install command is deprecated setup.py egg_info --egg-base ../../build/honrobo_pkg build --build-base /home/haru/Documents/honrobo_2026/build/honrobo_pkg/build install --record /home/haru/Documents/honrobo_2026/build/honrobo_pkg/install.log --single-version-externally-managed install_data --force
[0.743s] running egg_info
[0.743s] writing ../../build/honrobo_pkg/honrobo_pkg.egg-info/PKG-INFO
[0.743s] writing dependency_links to ../../build/honrobo_pkg/honrobo_pkg.egg-info/dependency_links.txt
[0.743s] writing entry points to ../../build/honrobo_pkg/honrobo_pkg.egg-info/entry_points.txt
[0.743s] writing requirements to ../../build/honrobo_pkg/honrobo_pkg.egg-info/requires.txt
[0.744s] writing top-level names to ../../build/honrobo_pkg/honrobo_pkg.egg-info/top_level.txt
[0.745s] reading manifest file '../../build/honrobo_pkg/honrobo_pkg.egg-info/SOURCES.txt'
[0.745s] writing manifest file '../../build/honrobo_pkg/honrobo_pkg.egg-info/SOURCES.txt'
[0.745s] running build
[0.745s] running build_py
[0.745s] copying honrobo_pkg/ps4_node.py -> /home/haru/Documents/honrobo_2026/build/honrobo_pkg/build/lib/honrobo_pkg
[0.746s] copying honrobo_pkg/web_node.py -> /home/haru/Documents/honrobo_2026/build/honrobo_pkg/build/lib/honrobo_pkg
[0.746s] copying honrobo_pkg/can_node.py -> /home/haru/Documents/honrobo_2026/build/honrobo_pkg/build/lib/honrobo_pkg
[0.746s] copying honrobo_pkg/zikoiti_node.py -> /home/haru/Documents/honrobo_2026/build/honrobo_pkg/build/lib/honrobo_pkg
[0.746s] copying honrobo_pkg/roboware_node.py -> /home/haru/Documents/honrobo_2026/build/honrobo_pkg/build/lib/honrobo_pkg
[0.746s] running install
[0.746s] running install_lib
[0.747s] creating /home/haru/Documents/honrobo_2026/install/honrobo_pkg/lib/python3.10/site-packages/honrobo_pkg
[0.747s] copying /home/haru/Documents/honrobo_2026/build/honrobo_pkg/build/lib/honrobo_pkg/ps4_node.py -> /home/haru/Documents/honrobo_2026/install/honrobo_pkg/lib/python3.10/site-packages/honrobo_pkg
[0.747s] copying /home/haru/Documents/honrobo_2026/build/honrobo_pkg/build/lib/honrobo_pkg/__init__.py -> /home/haru/Documents/honrobo_2026/install/honrobo_pkg/lib/python3.10/site-packages/honrobo_pkg
[0.747s] copying /home/haru/Documents/honrobo_2026/build/honrobo_pkg/build/lib/honrobo_pkg/web_node.py -> /home/haru/Documents/honrobo_2026/install/honrobo_pkg/lib/python3.10/site-packages/honrobo_pkg
[0.747s] copying /home/haru/Documents/honrobo_2026/build/honrobo_pkg/build/lib/honrobo_pkg/can_node.py -> /home/haru/Documents/honrobo_2026/install/honrobo_pkg/lib/python3.10/site-packages/honrobo_pkg
[0.747s] copying /home/haru/Documents/honrobo_2026/build/honrobo_pkg/build/lib/honrobo_pkg/zikoiti_node.py -> /home/haru/Documents/honrobo_2026/install/honrobo_pkg/lib/python3.10/site-packages/honrobo_pkg
[0.747s] copying /home/haru/Documents/honrobo_2026/build/honrobo_pkg/build/lib/honrobo_pkg/roboware_node.py -> /home/haru/Documents/honrobo_2026/install/honrobo_pkg/lib/python3.10/site-packages/honrobo_pkg
[0.747s] copying /home/haru/Documents/honrobo_2026/build/honrobo_pkg/build/lib/honrobo_pkg/shutdown_helper.py -> /home/haru/Documents/honrobo_2026/install/honrobo_pkg/lib/python3.10/site-packages/honrobo_pkg
[0.748s] byte-compiling /home/haru/Documents/honrobo_2026/install/honrobo_pkg/lib/python3.10/site-packages/honrobo_pkg/ps4_node.py to ps4_node.cpython-310.pyc
[0.749s] byte-compiling /home/haru/Documents/honrobo_2026/install/honrobo_pkg/lib/python3.10/site-packages/honrobo_pkg/__init__.py to __init__.cpython-310.pyc
[0.749s] byte-compiling /home/haru/Documents/honrobo_2026/install/honrobo_pkg/lib/python3.10/site-packages/honrobo_pkg/web_node.py to web_node.cpython-310.pyc
[0.750s] byte-compiling /home/haru/Documents/honrobo_2026/install/honrobo_pkg/lib/python3.10/site-packages/honrobo_pkg/can_node.py to can_node.cpython-310.pyc
[0.752s] byte-compiling /home/haru/Documents/honrobo_2026/install/honrobo_pkg/lib/python3.10/site-packages/honrobo_pkg/zikoiti_node.py to zikoiti_node.cpython-310.pyc
[0.753s] byte-compiling /home/haru/Documents/honrobo_2026/install/honrobo_pkg/lib/python3.10/site-packages/honrobo_pkg/roboware_node.py to roboware_node.cpython-310.pyc
[0.753s] byte-compiling /home/haru/Documents/honrobo_2026/install/honrobo_pkg/lib/python3.10/site-packages/honrobo_pkg/shutdown_helper.py to shutdown_helper.cpython-310.pyc
[0.754s] running install_data
[0.754s] copying resource/honrobo_pkg -> /home/haru/Documents/honrobo_2026/install/honrobo_pkg/share/ament_index/resource_index/packages
[0.754s] copying package.xml -> /home/haru/Documents/honrobo_2026/install/honrobo_pkg/share/honrobo_pkg
[0.754s] running install_egg_info
[0.755s] Copying ../../build/honrobo_pkg/honrobo_pkg.egg-info to /home/haru/Documents/honrobo_2026/install/honrobo_pkg/lib/python3.10/site-packages/honrobo_pkg-1.0.0-py3.10.egg-info
[0.756s] running install_scripts
[0.769s] Installing can_node script to /home/haru/Documents/honrobo_2026/install/honrobo_pkg/lib/honrobo_pkg
[0.770s] Installing ps4_node script to /home/haru/Documents/honrobo_2026/install/honrobo_pkg/lib/honrobo_pkg
[0.770s] Installing roboware_node script to /home/haru/Documents/honrobo_2026/install/honrobo_pkg/lib/honrobo_pkg
[0.770s] Installing web_node script to /home/haru/Documents/honrobo_2026/install/honrobo_pkg/lib/honrobo_pkg
[0.770s] Installing zikoiti_node script to /home/haru/Documents/honrobo_2026/install/honrobo_pkg/lib/honrobo_pkg
[0.770s] writing list of installed files to '/home/haru/Documents/honrobo_2026/build/honrobo_pkg/install.log'
[0.786s] Invoked command in '/home/haru/Documents/honrobo_2026/src/honrobo_pkg' returned '0': PYTHONPATH=/home/haru/Documents/honrobo_2026/build/honrobo_pkg/prefix_override:/usr/lib/python3/dist-packages/colcon_core/task/python/colcon_distutils_commands:/home/haru/Documents/honrobo_2026/install/honrobo_pkg/lib/python3.10/site-packages: /usr/bin/python3 -W ignore:setup.py install is deprecated -W ignore:easy_install command is deprecated setup.py egg_info --egg-base ../../build/honrobo_pkg build --build-base /home/haru/Documents/honrobo_2026/build/honrobo_pkg/build install --record /home/haru/Documents/honrobo_2026/build/honrobo_pkg/install.log --single-version-externally-managed install_data --force
