[0.510s] Invoking command in '/home/haru/Documents/honrobo_2026/build/honrobo_pkg': PYTHONPATH=/home/haru/Documents/honrobo_2026/build/honrobo_pkg/prefix_override:/usr/lib/python3/dist-packages/colcon_core/task/python/colcon_distutils_commands:/home/haru/Documents/honrobo_2026/install/honrobo_pkg/lib/python3.10/site-packages: /usr/bin/python3 -W ignore:setup.py install is deprecated -W ignore:easy_install command is deprecated setup.py develop --editable --build-directory /home/haru/Documents/honrobo_2026/build/honrobo_pkg/build --no-deps symlink_data
[0.700s] running develop
[0.788s] running egg_info
[0.788s] writing honrobo_pkg.egg-info/PKG-INFO
[0.788s] writing dependency_links to honrobo_pkg.egg-info/dependency_links.txt
[0.788s] writing entry points to honrobo_pkg.egg-info/entry_points.txt
[0.789s] writing requirements to honrobo_pkg.egg-info/requires.txt
[0.789s] writing top-level names to honrobo_pkg.egg-info/top_level.txt
[0.791s] reading manifest file 'honrobo_pkg.egg-info/SOURCES.txt'
[0.791s] writing manifest file 'honrobo_pkg.egg-info/SOURCES.txt'
[0.792s] running build_ext
[0.793s] Creating /home/haru/Documents/honrobo_2026/install/honrobo_pkg/lib/python3.10/site-packages/honrobo-pkg.egg-link (link to .)
[0.793s] Installing can_node script to /home/haru/Documents/honrobo_2026/install/honrobo_pkg/lib/honrobo_pkg
[0.794s] Installing ps4_node script to /home/haru/Documents/honrobo_2026/install/honrobo_pkg/lib/honrobo_pkg
[0.794s] Installing roboware_node script to /home/haru/Documents/honrobo_2026/install/honrobo_pkg/lib/honrobo_pkg
[0.794s] Installing web_node script to /home/haru/Documents/honrobo_2026/install/honrobo_pkg/lib/honrobo_pkg
[0.794s] Installing zikoiti_node script to /home/haru/Documents/honrobo_2026/install/honrobo_pkg/lib/honrobo_pkg
[0.794s] 
[0.795s] Installed /home/haru/Documents/honrobo_2026/build/honrobo_pkg
[0.795s] running symlink_data
[0.795s] creating /home/haru/Documents/honrobo_2026/install/honrobo_pkg/share/honrobo_pkg/launch
[0.795s] symbolically linking /home/haru/Documents/honrobo_2026/build/honrobo_pkg/launch/nav2.launch.py -> /home/haru/Documents/honrobo_2026/install/honrobo_pkg/share/honrobo_pkg/launch
[0.795s] creating /home/haru/Documents/honrobo_2026/install/honrobo_pkg/share/honrobo_pkg/config
[0.795s] symbolically linking /home/haru/Documents/honrobo_2026/build/honrobo_pkg/config/nav2_params.yaml -> /home/haru/Documents/honrobo_2026/install/honrobo_pkg/share/honrobo_pkg/config
[0.795s] creating /home/haru/Documents/honrobo_2026/install/honrobo_pkg/share/honrobo_pkg/map
[0.795s] symbolically linking /home/haru/Documents/honrobo_2026/build/honrobo_pkg/map/map.yaml -> /home/haru/Documents/honrobo_2026/install/honrobo_pkg/share/honrobo_pkg/map
[0.795s] symbolically linking /home/haru/Documents/honrobo_2026/build/honrobo_pkg/map/map.png -> /home/haru/Documents/honrobo_2026/install/honrobo_pkg/share/honrobo_pkg/map
[0.818s] Invoked command in '/home/haru/Documents/honrobo_2026/build/honrobo_pkg' returned '0': PYTHONPATH=/home/haru/Documents/honrobo_2026/build/honrobo_pkg/prefix_override:/usr/lib/python3/dist-packages/colcon_core/task/python/colcon_distutils_commands:/home/haru/Documents/honrobo_2026/install/honrobo_pkg/lib/python3.10/site-packages: /usr/bin/python3 -W ignore:setup.py install is deprecated -W ignore:easy_install command is deprecated setup.py develop --editable --build-directory /home/haru/Documents/honrobo_2026/build/honrobo_pkg/build --no-deps symlink_data
