[0.017s] Invoking command in '/home/haru/Documents/honrobo_2026/build/holo_mcl': CMAKE_PREFIX_PATH=/opt/ros/humble /usr/bin/cmake /home/haru/Documents/honrobo_2026/src/holo_mcl -DAMENT_CMAKE_SYMLINK_INSTALL=1 -DCMAKE_INSTALL_PREFIX=/home/haru/Documents/honrobo_2026/install/holo_mcl
[0.288s] -- The C compiler identification is GNU 11.4.0
[0.288s] -- The CXX compiler identification is GNU 11.4.0
[0.289s] -- Detecting C compiler ABI info
[0.289s] -- Detecting C compiler ABI info - done
[0.289s] -- Check for working C compiler: /usr/bin/cc - skipped
[0.289s] -- Detecting C compile features
[0.290s] -- Detecting C compile features - done
[0.291s] -- Detecting CXX compiler ABI info
[0.351s] -- Detecting CXX compiler ABI info - done
[0.359s] -- Check for working CXX compiler: /usr/bin/c++ - skipped
[0.360s] -- Detecting CXX compile features
[0.361s] -- Detecting CXX compile features - done
[0.364s] -- Found ament_cmake_auto: 1.3.14 (/opt/ros/humble/share/ament_cmake_auto/cmake)
[0.794s] -- Found Python3: /usr/bin/python3 (found version "3.10.12") found components: Interpreter 
[0.864s] -- Override CMake install command with custom implementation using symlinks instead of copying resources
[1.031s] -- Found rosidl_generator_c: 3.1.8 (/opt/ros/humble/share/rosidl_generator_c/cmake)
[1.038s] -- Found rosidl_adapter: 3.1.8 (/opt/ros/humble/share/rosidl_adapter/cmake)
[1.049s] -- Found rosidl_generator_cpp: 3.1.8 (/opt/ros/humble/share/rosidl_generator_cpp/cmake)
[1.064s] -- Using all available rosidl_typesupport_c: rosidl_typesupport_fastrtps_c;rosidl_typesupport_introspection_c
[1.084s] -- Using all available rosidl_typesupport_cpp: rosidl_typesupport_fastrtps_cpp;rosidl_typesupport_introspection_cpp
[1.137s] -- Found rmw_implementation_cmake: 6.1.2 (/opt/ros/humble/share/rmw_implementation_cmake/cmake)
[1.140s] -- Found rmw_fastrtps_cpp: 6.2.10 (/opt/ros/humble/share/rmw_fastrtps_cpp/cmake)
[1.257s] -- Found OpenSSL: /usr/lib/x86_64-linux-gnu/libcrypto.so (found version "3.0.2")  
[1.294s] -- Found FastRTPS: /opt/ros/humble/include  
[1.350s] -- Using RMW implementation 'rmw_fastrtps_cpp' as default
[1.362s] -- Looking for pthread.h
[1.451s] -- Looking for pthread.h - found
[1.451s] -- Performing Test CMAKE_HAVE_LIBC_PTHREAD
[1.542s] -- Performing Test CMAKE_HAVE_LIBC_PTHREAD - Success
[1.543s] -- Found Threads: TRUE  
[1.719s] -- Found eigen3_cmake_module: 0.1.1 (/opt/ros/humble/share/eigen3_cmake_module/cmake)
[1.721s] -- Found Eigen3: TRUE (found version "3.4.0") 
[1.721s] -- Ensuring Eigen3 include directory is part of orocos-kdl CMake target
[1.823s] -- Configuring done
[1.843s] -- Generating done
[1.851s] -- Build files have been written to: /home/haru/Documents/honrobo_2026/build/holo_mcl
[1.863s] Invoked command in '/home/haru/Documents/honrobo_2026/build/holo_mcl' returned '0': CMAKE_PREFIX_PATH=/opt/ros/humble /usr/bin/cmake /home/haru/Documents/honrobo_2026/src/holo_mcl -DAMENT_CMAKE_SYMLINK_INSTALL=1 -DCMAKE_INSTALL_PREFIX=/home/haru/Documents/honrobo_2026/install/holo_mcl
[1.864s] Invoking command in '/home/haru/Documents/honrobo_2026/build/holo_mcl': CMAKE_PREFIX_PATH=/opt/ros/humble /usr/bin/cmake --build /home/haru/Documents/honrobo_2026/build/holo_mcl -- -j12 -l12
[1.929s] [ 50%] Building CXX object CMakeFiles/mcl.dir/rclcpp_components/node_main_mcl.cpp.o
[1.929s] [ 50%] Building CXX object CMakeFiles/holo_mcl.dir/src/mcl.cpp.o
[5.969s] [ 75%] Linking CXX executable mcl
[6.181s] [ 75%] Built target mcl
[22.084s] [100%] Linking CXX shared library libholo_mcl.so
[23.162s] [100%] Built target holo_mcl
[23.176s] Invoked command in '/home/haru/Documents/honrobo_2026/build/holo_mcl' returned '0': CMAKE_PREFIX_PATH=/opt/ros/humble /usr/bin/cmake --build /home/haru/Documents/honrobo_2026/build/holo_mcl -- -j12 -l12
[23.177s] Invoking command in '/home/haru/Documents/honrobo_2026/build/holo_mcl': CMAKE_PREFIX_PATH=/opt/ros/humble /usr/bin/cmake --install /home/haru/Documents/honrobo_2026/build/holo_mcl
[23.187s] -- Install configuration: ""
[23.187s] -- Execute custom install script
[23.188s] -- Symlinking: /home/haru/Documents/honrobo_2026/install/holo_mcl/lib/holo_mcl/mcl
[23.198s] -- Symlinking: /home/haru/Documents/honrobo_2026/install/holo_mcl/include/holo_mcl/holo_mcl/mcl.hpp
[23.209s] -- Symlinking: /home/haru/Documents/honrobo_2026/install/holo_mcl/share/holo_mcl/environment/library_path.sh
[23.220s] -- Symlinking: /home/haru/Documents/honrobo_2026/install/holo_mcl/share/holo_mcl/environment/library_path.dsv
[23.231s] -- Symlinking: /home/haru/Documents/honrobo_2026/install/holo_mcl/lib/libholo_mcl.so
[23.242s] -- Symlinking: /home/haru/Documents/honrobo_2026/install/holo_mcl/share/ament_index/resource_index/package_run_dependencies/holo_mcl
[23.252s] -- Symlinking: /home/haru/Documents/honrobo_2026/install/holo_mcl/share/ament_index/resource_index/parent_prefix_path/holo_mcl
[23.263s] -- Symlinking: /home/haru/Documents/honrobo_2026/install/holo_mcl/share/holo_mcl/environment/ament_prefix_path.sh
[23.273s] -- Symlinking: /home/haru/Documents/honrobo_2026/install/holo_mcl/share/holo_mcl/environment/ament_prefix_path.dsv
[23.284s] -- Symlinking: /home/haru/Documents/honrobo_2026/install/holo_mcl/share/holo_mcl/environment/path.sh
[23.294s] -- Symlinking: /home/haru/Documents/honrobo_2026/install/holo_mcl/share/holo_mcl/environment/path.dsv
[23.305s] -- Symlinking: /home/haru/Documents/honrobo_2026/install/holo_mcl/share/holo_mcl/local_setup.bash
[23.316s] -- Symlinking: /home/haru/Documents/honrobo_2026/install/holo_mcl/share/holo_mcl/local_setup.sh
[23.326s] -- Symlinking: /home/haru/Documents/honrobo_2026/install/holo_mcl/share/holo_mcl/local_setup.zsh
[23.337s] -- Symlinking: /home/haru/Documents/honrobo_2026/install/holo_mcl/share/holo_mcl/local_setup.dsv
[23.347s] -- Symlinking: /home/haru/Documents/honrobo_2026/install/holo_mcl/share/holo_mcl/package.dsv
[23.357s] -- Symlinking: /home/haru/Documents/honrobo_2026/install/holo_mcl/share/ament_index/resource_index/packages/holo_mcl
[23.368s] -- Symlinking: /home/haru/Documents/honrobo_2026/install/holo_mcl/share/ament_index/resource_index/rclcpp_components/holo_mcl
[23.378s] -- Symlinking: /home/haru/Documents/honrobo_2026/install/holo_mcl/share/holo_mcl/cmake/ament_cmake_export_dependencies-extras.cmake
[23.389s] -- Symlinking: /home/haru/Documents/honrobo_2026/install/holo_mcl/share/holo_mcl/cmake/ament_cmake_export_include_directories-extras.cmake
[23.400s] -- Symlinking: /home/haru/Documents/honrobo_2026/install/holo_mcl/share/holo_mcl/cmake/ament_cmake_export_libraries-extras.cmake
[23.409s] -- Symlinking: /home/haru/Documents/honrobo_2026/install/holo_mcl/share/holo_mcl/cmake/holo_mclConfig.cmake
[23.420s] -- Symlinking: /home/haru/Documents/honrobo_2026/install/holo_mcl/share/holo_mcl/cmake/holo_mclConfig-version.cmake
[23.430s] -- Symlinking: /home/haru/Documents/honrobo_2026/install/holo_mcl/share/holo_mcl/package.xml
[23.443s] Invoked command in '/home/haru/Documents/honrobo_2026/build/holo_mcl' returned '0': CMAKE_PREFIX_PATH=/opt/ros/humble /usr/bin/cmake --install /home/haru/Documents/honrobo_2026/build/holo_mcl
