[0.775s] Invoking command in '/home/haru/Documents/honrobo_2026/build/honrobo_pkg': PYTHONPATH=/home/haru/Documents/honrobo_2026/build/honrobo_pkg/prefix_override:/usr/lib/python3/dist-packages/colcon_core/task/python/colcon_distutils_commands:/home/haru/Documents/honrobo_2026/install/honrobo_pkg/lib/python3.10/site-packages:${PYTHONPATH} /usr/bin/python3 -W ignore:setup.py install is deprecated -W ignore:easy_install command is deprecated setup.py develop --editable --build-directory /home/haru/Documents/honrobo_2026/build/honrobo_pkg/build --no-deps symlink_data
[0.804s] Traceback (most recent call last):
[0.804s]   File "/home/haru/Documents/honrobo_2026/build/honrobo_pkg/setup.py", line 1, in <module>
[0.804s]     from setuptools import find_packages, setup
[0.804s]   File "/home/haru/.local/lib/python3.10/site-packages/setuptools/__init__.py", line 8, in <module>
[0.804s]     import _distutils_hack.override  # noqa: F401
[0.805s]   File "/home/haru/.local/lib/python3.10/site-packages/_distutils_hack/override.py", line 1, in <module>
[0.805s]     __import__('_distutils_hack').do_override()
[0.805s]   File "/home/haru/.local/lib/python3.10/site-packages/_distutils_hack/__init__.py", line 70, in do_override
[0.805s]     ensure_local_distutils()
[0.805s]   File "/home/haru/.local/lib/python3.10/site-packages/_distutils_hack/__init__.py", line 53, in ensure_local_distutils
[0.805s]     importlib.import_module('distutils')
[0.805s]   File "/usr/lib/python3.10/importlib/__init__.py", line 126, in import_module
[0.805s]     return _bootstrap._gcd_import(name[level:], package, level)
[0.805s]   File "<frozen importlib._bootstrap>", line 1050, in _gcd_import
[0.805s]   File "<frozen importlib._bootstrap>", line 1027, in _find_and_load
[0.805s]   File "<frozen importlib._bootstrap>", line 1002, in _find_and_load_unlocked
[0.805s]   File "<frozen importlib._bootstrap>", line 945, in _find_spec
[0.805s]   File "/home/haru/.local/lib/python3.10/site-packages/_distutils_hack/__init__.py", line 90, in find_spec
[0.806s]     return method()
[0.806s]   File "/home/haru/.local/lib/python3.10/site-packages/_distutils_hack/__init__.py", line 101, in spec_for_distutils
[0.806s]     mod = importlib.import_module('setuptools._distutils')
[0.806s]   File "/usr/lib/python3.10/importlib/__init__.py", line 126, in import_module
[0.806s]     return _bootstrap._gcd_import(name[level:], package, level)
[0.806s]   File "/home/haru/.local/lib/python3.10/site-packages/setuptools/_distutils/__init__.py", line 12, in <module>
[0.806s]     importlib.import_module('_distutils_system_mod')
[0.806s]   File "/usr/lib/python3.10/importlib/__init__.py", line 126, in import_module
[0.806s]     return _bootstrap._gcd_import(name[level:], package, level)
[0.806s]   File "/usr/lib/python3.10/_distutils_system_mod.py", line 16, in <module>
[0.806s]     import distutils.command.install as orig_install
[0.806s]   File "<frozen importlib._bootstrap>", line 1027, in _find_and_load
[0.806s]   File "<frozen importlib._bootstrap>", line 1006, in _find_and_load_unlocked
[0.806s]   File "<frozen importlib._bootstrap>", line 688, in _load_unlocked
[0.806s]   File "<frozen importlib._bootstrap_external>", line 879, in exec_module
[0.806s]   File "<frozen importlib._bootstrap_external>", line 1012, in get_code
[0.806s]   File "<frozen importlib._bootstrap_external>", line 674, in _compile_bytecode
[0.806s]   File "<frozen importlib._bootstrap>", line 244, in _verbose_message
[0.806s] KeyboardInterrupt
