Traceback (most recent call last):
  File "/home/haru/Documents/honrobo_2026/build/honrobo_pkg/setup.py", line 5, in <module>
    setup(
  File "/home/haru/.local/lib/python3.10/site-packages/setuptools/__init__.py", line 104, in setup
    return distutils.core.setup(**attrs)
  File "/home/haru/.local/lib/python3.10/site-packages/setuptools/_distutils/core.py", line 146, in setup
    _setup_distribution = dist = klass(attrs)
  File "/home/haru/.local/lib/python3.10/site-packages/setuptools/dist.py", line 307, in __init__
    _Distribution.__init__(self, dist_attrs)
  File "/home/haru/.local/lib/python3.10/site-packages/setuptools/_distutils/dist.py", line 284, in __init__
    self.finalize_options()
  File "/home/haru/.local/lib/python3.10/site-packages/setuptools/dist.py", line 658, in finalize_options
    ep(self)
  File "/home/haru/.local/lib/python3.10/site-packages/setuptools/dist.py", line 675, in _finalize_setup_keywords
    for ep in metadata.entry_points(group='distutils.setup_keywords'):
  File "/usr/lib/python3.10/importlib/metadata/__init__.py", line 1021, in entry_points
    return SelectableGroups.load(eps).select(**params)
  File "/usr/lib/python3.10/importlib/metadata/__init__.py", line 459, in load
    ordered = sorted(eps, key=by_group)
  File "/usr/lib/python3.10/importlib/metadata/__init__.py", line 1019, in <genexpr>
    dist.entry_points for dist in unique(distributions())
  File "/usr/lib/python3.10/importlib/metadata/__init__.py", line 631, in entry_points
    return EntryPoints._from_text_for(self.read_text('entry_points.txt'), self)
  File "/usr/lib/python3.10/importlib/metadata/__init__.py", line 927, in read_text
    return self._path.joinpath(filename).read_text(encoding='utf-8')
KeyboardInterrupt
