[0.022s] Invoking command in '/home/haru/Documents/honrobo_2026/build/holo_lidar_converter': CMAKE_PREFIX_PATH=/opt/ros/humble /usr/bin/cmake --build /home/haru/Documents/honrobo_2026/build/holo_lidar_converter -- -j12 -l12
[0.284s] [ 28%] Built target laserscan_to_pointcloud2
[0.285s] [ 57%] Built target pointcloud2_to_laserscan
[0.285s] [100%] Built target holo_lidar_converter
[0.299s] Invoked command in '/home/haru/Documents/honrobo_2026/build/holo_lidar_converter' returned '0': CMAKE_PREFIX_PATH=/opt/ros/humble /usr/bin/cmake --build /home/haru/Documents/honrobo_2026/build/holo_lidar_converter -- -j12 -l12
[0.301s] Invoking command in '/home/haru/Documents/honrobo_2026/build/holo_lidar_converter': CMAKE_PREFIX_PATH=/opt/ros/humble /usr/bin/cmake --install /home/haru/Documents/honrobo_2026/build/holo_lidar_converter
[0.310s] -- Install configuration: ""
[0.311s] -- Execute custom install script
[0.311s] -- Up-to-date symlink: /home/haru/Documents/honrobo_2026/install/holo_lidar_converter/lib/holo_lidar_converter/laserscan_to_pointcloud2
[0.313s] -- Up-to-date symlink: /home/haru/Documents/honrobo_2026/install/holo_lidar_converter/lib/holo_lidar_converter/pointcloud2_to_laserscan
[0.336s] -- Up-to-date symlink: /home/haru/Documents/honrobo_2026/install/holo_lidar_converter/include/holo_lidar_converter/holo_lidar_converter/laserscan_to_pointcloud2.hpp
[0.337s] -- Up-to-date symlink: /home/haru/Documents/honrobo_2026/install/holo_lidar_converter/include/holo_lidar_converter/holo_lidar_converter/pointcloud2_to_laserscan.hpp
[0.338s] -- Up-to-date symlink: /home/haru/Documents/honrobo_2026/install/holo_lidar_converter/share/holo_lidar_converter/environment/library_path.sh
[0.339s] -- Up-to-date symlink: /home/haru/Documents/honrobo_2026/install/holo_lidar_converter/share/holo_lidar_converter/environment/library_path.dsv
[0.339s] -- Up-to-date symlink: /home/haru/Documents/honrobo_2026/install/holo_lidar_converter/lib/libholo_lidar_converter.so
[0.340s] -- Up-to-date symlink: /home/haru/Documents/honrobo_2026/install/holo_lidar_converter/share/ament_index/resource_index/package_run_dependencies/holo_lidar_converter
[0.341s] -- Up-to-date symlink: /home/haru/Documents/honrobo_2026/install/holo_lidar_converter/share/ament_index/resource_index/parent_prefix_path/holo_lidar_converter
[0.341s] -- Up-to-date symlink: /home/haru/Documents/honrobo_2026/install/holo_lidar_converter/share/holo_lidar_converter/environment/ament_prefix_path.sh
[0.341s] -- Up-to-date symlink: /home/haru/Documents/honrobo_2026/install/holo_lidar_converter/share/holo_lidar_converter/environment/ament_prefix_path.dsv
[0.341s] -- Up-to-date symlink: /home/haru/Documents/honrobo_2026/install/holo_lidar_converter/share/holo_lidar_converter/environment/path.sh
[0.341s] -- Up-to-date symlink: /home/haru/Documents/honrobo_2026/install/holo_lidar_converter/share/holo_lidar_converter/environment/path.dsv
[0.341s] -- Up-to-date symlink: /home/haru/Documents/honrobo_2026/install/holo_lidar_converter/share/holo_lidar_converter/local_setup.bash
[0.341s] -- Up-to-date symlink: /home/haru/Documents/honrobo_2026/install/holo_lidar_converter/share/holo_lidar_converter/local_setup.sh
[0.342s] -- Up-to-date symlink: /home/haru/Documents/honrobo_2026/install/holo_lidar_converter/share/holo_lidar_converter/local_setup.zsh
[0.342s] -- Up-to-date symlink: /home/haru/Documents/honrobo_2026/install/holo_lidar_converter/share/holo_lidar_converter/local_setup.dsv
[0.342s] -- Symlinking: /home/haru/Documents/honrobo_2026/install/holo_lidar_converter/share/holo_lidar_converter/package.dsv
[0.342s] -- Up-to-date symlink: /home/haru/Documents/honrobo_2026/install/holo_lidar_converter/share/ament_index/resource_index/packages/holo_lidar_converter
[0.342s] -- Up-to-date symlink: /home/haru/Documents/honrobo_2026/install/holo_lidar_converter/share/ament_index/resource_index/rclcpp_components/holo_lidar_converter
[0.342s] -- Up-to-date symlink: /home/haru/Documents/honrobo_2026/install/holo_lidar_converter/share/holo_lidar_converter/cmake/ament_cmake_export_dependencies-extras.cmake
[0.342s] -- Up-to-date symlink: /home/haru/Documents/honrobo_2026/install/holo_lidar_converter/share/holo_lidar_converter/cmake/ament_cmake_export_include_directories-extras.cmake
[0.342s] -- Up-to-date symlink: /home/haru/Documents/honrobo_2026/install/holo_lidar_converter/share/holo_lidar_converter/cmake/ament_cmake_export_libraries-extras.cmake
[0.342s] -- Up-to-date symlink: /home/haru/Documents/honrobo_2026/install/holo_lidar_converter/share/holo_lidar_converter/cmake/holo_lidar_converterConfig.cmake
[0.343s] -- Up-to-date symlink: /home/haru/Documents/honrobo_2026/install/holo_lidar_converter/share/holo_lidar_converter/cmake/holo_lidar_converterConfig-version.cmake
[0.343s] -- Up-to-date symlink: /home/haru/Documents/honrobo_2026/install/holo_lidar_converter/share/holo_lidar_converter/package.xml
[0.345s] Invoked command in '/home/haru/Documents/honrobo_2026/build/holo_lidar_converter' returned '0': CMAKE_PREFIX_PATH=/opt/ros/humble /usr/bin/cmake --install /home/haru/Documents/honrobo_2026/build/holo_lidar_converter
