Consolidate compiler generated dependencies of target holo_mcl
Consolidate compiler generated dependencies of target mcl
[ 75%] Built target holo_mcl
[100%] Built target mcl
-- Install configuration: ""
-- Execute custom install script
-- Up-to-date symlink: /home/haru/Documents/honrobo_2026/install/holo_mcl/lib/holo_mcl/mcl
-- Up-to-date symlink: /home/haru/Documents/honrobo_2026/install/holo_mcl/include/holo_mcl/holo_mcl/mcl.hpp
-- Up-to-date symlink: /home/haru/Documents/honrobo_2026/install/holo_mcl/share/holo_mcl/environment/library_path.sh
-- Up-to-date symlink: /home/haru/Documents/honrobo_2026/install/holo_mcl/share/holo_mcl/environment/library_path.dsv
-- Up-to-date symlink: /home/haru/Documents/honrobo_2026/install/holo_mcl/lib/libholo_mcl.so
-- Up-to-date symlink: /home/haru/Documents/honrobo_2026/install/holo_mcl/share/ament_index/resource_index/package_run_dependencies/holo_mcl
-- Up-to-date symlink: /home/haru/Documents/honrobo_2026/install/holo_mcl/share/ament_index/resource_index/parent_prefix_path/holo_mcl
-- Up-to-date symlink: /home/haru/Documents/honrobo_2026/install/holo_mcl/share/holo_mcl/environment/ament_prefix_path.sh
-- Up-to-date symlink: /home/haru/Documents/honrobo_2026/install/holo_mcl/share/holo_mcl/environment/ament_prefix_path.dsv
-- Up-to-date symlink: /home/haru/Documents/honrobo_2026/install/holo_mcl/share/holo_mcl/environment/path.sh
-- Up-to-date symlink: /home/haru/Documents/honrobo_2026/install/holo_mcl/share/holo_mcl/environment/path.dsv
-- Up-to-date symlink: /home/haru/Documents/honrobo_2026/install/holo_mcl/share/holo_mcl/local_setup.bash
-- Up-to-date symlink: /home/haru/Documents/honrobo_2026/install/holo_mcl/share/holo_mcl/local_setup.sh
-- Up-to-date symlink: /home/haru/Documents/honrobo_2026/install/holo_mcl/share/holo_mcl/local_setup.zsh
-- Up-to-date symlink: /home/haru/Documents/honrobo_2026/install/holo_mcl/share/holo_mcl/local_setup.dsv
-- Symlinking: /home/haru/Documents/honrobo_2026/install/holo_mcl/share/holo_mcl/package.dsv
-- Up-to-date symlink: /home/haru/Documents/honrobo_2026/install/holo_mcl/share/ament_index/resource_index/packages/holo_mcl
-- Up-to-date symlink: /home/haru/Documents/honrobo_2026/install/holo_mcl/share/ament_index/resource_index/rclcpp_components/holo_mcl
-- Up-to-date symlink: /home/haru/Documents/honrobo_2026/install/holo_mcl/share/holo_mcl/cmake/ament_cmake_export_dependencies-extras.cmake
-- Up-to-date symlink: /home/haru/Documents/honrobo_2026/install/holo_mcl/share/holo_mcl/cmake/ament_cmake_export_include_directories-extras.cmake
-- Up-to-date symlink: /home/haru/Documents/honrobo_2026/install/holo_mcl/share/holo_mcl/cmake/ament_cmake_export_libraries-extras.cmake
-- Up-to-date symlink: /home/haru/Documents/honrobo_2026/install/holo_mcl/share/holo_mcl/cmake/holo_mclConfig.cmake
-- Up-to-date symlink: /home/haru/Documents/honrobo_2026/install/holo_mcl/share/holo_mcl/cmake/holo_mclConfig-version.cmake
-- Up-to-date symlink: /home/haru/Documents/honrobo_2026/install/holo_mcl/share/holo_mcl/package.xml
