[0.492s] Invoking command in '/home/haru/Documents/honrobo_2026/build/honrobo_pkg': PYTHONPATH=/home/haru/Documents/honrobo_2026/build/honrobo_pkg/prefix_override:/usr/lib/python3/dist-packages/colcon_core/task/python/colcon_distutils_commands:/home/haru/Documents/honrobo_2026/install/honrobo_pkg/lib/python3.10/site-packages:${PYTHONPATH} /usr/bin/python3 -W ignore:setup.py install is deprecated -W ignore:easy_install command is deprecated setup.py develop --editable --build-directory /home/haru/Documents/honrobo_2026/build/honrobo_pkg/build --no-deps symlink_data --force
[0.695s] running develop
[0.825s] running egg_info
[0.826s] writing honrobo_pkg.egg-info/PKG-INFO
[0.826s] writing dependency_links to honrobo_pkg.egg-info/dependency_links.txt
[0.826s] writing entry points to honrobo_pkg.egg-info/entry_points.txt
[0.826s] writing requirements to honrobo_pkg.egg-info/requires.txt
[0.827s] writing top-level names to honrobo_pkg.egg-info/top_level.txt
[0.828s] reading manifest file 'honrobo_pkg.egg-info/SOURCES.txt'
[0.830s] writing manifest file 'honrobo_pkg.egg-info/SOURCES.txt'
[0.831s] running build_ext
[0.831s] Creating /home/haru/Documents/honrobo_2026/install/honrobo_pkg/lib/python3.10/site-packages/honrobo-pkg.egg-link (link to .)
[0.831s] Installing can_node script to /home/haru/Documents/honrobo_2026/install/honrobo_pkg/lib/honrobo_pkg
[0.832s] Installing ps4_node script to /home/haru/Documents/honrobo_2026/install/honrobo_pkg/lib/honrobo_pkg
[0.832s] Installing roboware_node script to /home/haru/Documents/honrobo_2026/install/honrobo_pkg/lib/honrobo_pkg
[0.832s] Installing web_node script to /home/haru/Documents/honrobo_2026/install/honrobo_pkg/lib/honrobo_pkg
[0.832s] Installing zikoiti_node script to /home/haru/Documents/honrobo_2026/install/honrobo_pkg/lib/honrobo_pkg
[0.832s] 
[0.832s] Installed /home/haru/Documents/honrobo_2026/build/honrobo_pkg
[0.832s] running symlink_data
[0.832s] symbolically linking /home/haru/Documents/honrobo_2026/build/honrobo_pkg/resource/honrobo_pkg -> /home/haru/Documents/honrobo_2026/install/honrobo_pkg/share/ament_index/resource_index/packages
[0.832s] symbolically linking /home/haru/Documents/honrobo_2026/build/honrobo_pkg/package.xml -> /home/haru/Documents/honrobo_2026/install/honrobo_pkg/share/honrobo_pkg
[0.858s] Invoked command in '/home/haru/Documents/honrobo_2026/build/honrobo_pkg' returned '0': PYTHONPATH=/home/haru/Documents/honrobo_2026/build/honrobo_pkg/prefix_override:/usr/lib/python3/dist-packages/colcon_core/task/python/colcon_distutils_commands:/home/haru/Documents/honrobo_2026/install/honrobo_pkg/lib/python3.10/site-packages:${PYTHONPATH} /usr/bin/python3 -W ignore:setup.py install is deprecated -W ignore:easy_install command is deprecated setup.py develop --editable --build-directory /home/haru/Documents/honrobo_2026/build/honrobo_pkg/build --no-deps symlink_data --force
