[0.026s] Invoking command in '/home/haru/Documents/honrobo_2026/build/fast_nav_cpp': CMAKE_PREFIX_PATH=/opt/ros/humble /usr/bin/cmake --build /home/haru/Documents/honrobo_2026/build/fast_nav_cpp -- -j12 -l12
[0.319s] [100%] Built target fast_nav_node
[0.338s] Invoked command in '/home/haru/Documents/honrobo_2026/build/fast_nav_cpp' returned '0': CMAKE_PREFIX_PATH=/opt/ros/humble /usr/bin/cmake --build /home/haru/Documents/honrobo_2026/build/fast_nav_cpp -- -j12 -l12
[0.339s] Invoking command in '/home/haru/Documents/honrobo_2026/build/fast_nav_cpp': CMAKE_PREFIX_PATH=/opt/ros/humble /usr/bin/cmake --install /home/haru/Documents/honrobo_2026/build/fast_nav_cpp
[0.351s] -- Install configuration: ""
[0.353s] -- Execute custom install script
[0.375s] -- Up-to-date symlink: /home/haru/Documents/honrobo_2026/install/fast_nav_cpp/lib/fast_nav_cpp/fast_nav_node
[0.376s] -- Up-to-date symlink: /home/haru/Documents/honrobo_2026/install/fast_nav_cpp/share/ament_index/resource_index/package_run_dependencies/fast_nav_cpp
[0.377s] -- Up-to-date symlink: /home/haru/Documents/honrobo_2026/install/fast_nav_cpp/share/ament_index/resource_index/parent_prefix_path/fast_nav_cpp
[0.377s] -- Up-to-date symlink: /home/haru/Documents/honrobo_2026/install/fast_nav_cpp/share/fast_nav_cpp/environment/ament_prefix_path.sh
[0.378s] -- Up-to-date symlink: /home/haru/Documents/honrobo_2026/install/fast_nav_cpp/share/fast_nav_cpp/environment/ament_prefix_path.dsv
[0.379s] -- Up-to-date symlink: /home/haru/Documents/honrobo_2026/install/fast_nav_cpp/share/fast_nav_cpp/environment/path.sh
[0.379s] -- Up-to-date symlink: /home/haru/Documents/honrobo_2026/install/fast_nav_cpp/share/fast_nav_cpp/environment/path.dsv
[0.380s] -- Up-to-date symlink: /home/haru/Documents/honrobo_2026/install/fast_nav_cpp/share/fast_nav_cpp/local_setup.bash
[0.381s] -- Up-to-date symlink: /home/haru/Documents/honrobo_2026/install/fast_nav_cpp/share/fast_nav_cpp/local_setup.sh
[0.381s] -- Up-to-date symlink: /home/haru/Documents/honrobo_2026/install/fast_nav_cpp/share/fast_nav_cpp/local_setup.zsh
[0.381s] -- Up-to-date symlink: /home/haru/Documents/honrobo_2026/install/fast_nav_cpp/share/fast_nav_cpp/local_setup.dsv
[0.381s] -- Symlinking: /home/haru/Documents/honrobo_2026/install/fast_nav_cpp/share/fast_nav_cpp/package.dsv
[0.382s] -- Up-to-date symlink: /home/haru/Documents/honrobo_2026/install/fast_nav_cpp/share/ament_index/resource_index/packages/fast_nav_cpp
[0.382s] -- Up-to-date symlink: /home/haru/Documents/honrobo_2026/install/fast_nav_cpp/share/fast_nav_cpp/cmake/fast_nav_cppConfig.cmake
[0.382s] -- Up-to-date symlink: /home/haru/Documents/honrobo_2026/install/fast_nav_cpp/share/fast_nav_cpp/cmake/fast_nav_cppConfig-version.cmake
[0.382s] -- Up-to-date symlink: /home/haru/Documents/honrobo_2026/install/fast_nav_cpp/share/fast_nav_cpp/package.xml
[0.405s] Invoked command in '/home/haru/Documents/honrobo_2026/build/fast_nav_cpp' returned '0': CMAKE_PREFIX_PATH=/opt/ros/humble /usr/bin/cmake --install /home/haru/Documents/honrobo_2026/build/fast_nav_cpp
