[0.020s] Invoking command in '/home/haru/Documents/honrobo_2026/build/holo_lidar_converter': CMAKE_PREFIX_PATH=/opt/ros/humble /usr/bin/cmake /home/haru/Documents/honrobo_2026/src/holo_lidar_converter -DAMENT_CMAKE_SYMLINK_INSTALL=1 -DCMAKE_INSTALL_PREFIX=/home/haru/Documents/honrobo_2026/install/holo_lidar_converter
[0.291s] -- The C compiler identification is GNU 11.4.0
[0.291s] -- The CXX compiler identification is GNU 11.4.0
[0.291s] -- Detecting C compiler ABI info
[0.291s] -- Detecting C compiler ABI info - done
[0.291s] -- Check for working C compiler: /usr/bin/cc - skipped
[0.291s] -- Detecting C compile features
[0.292s] -- Detecting C compile features - done
[0.292s] -- Detecting CXX compiler ABI info
[0.356s] -- Detecting CXX compiler ABI info - done
[0.364s] -- Check for working CXX compiler: /usr/bin/c++ - skipped
[0.365s] -- Detecting CXX compile features
[0.365s] -- Detecting CXX compile features - done
[0.368s] -- Found ament_cmake_auto: 1.3.14 (/opt/ros/humble/share/ament_cmake_auto/cmake)
[0.791s] -- Found Python3: /usr/bin/python3 (found version "3.10.12") found components: Interpreter 
[0.862s] -- Override CMake install command with custom implementation using symlinks instead of copying resources
[1.032s] -- Found rosidl_generator_c: 3.1.8 (/opt/ros/humble/share/rosidl_generator_c/cmake)
[1.039s] -- Found rosidl_adapter: 3.1.8 (/opt/ros/humble/share/rosidl_adapter/cmake)
[1.051s] -- Found rosidl_generator_cpp: 3.1.8 (/opt/ros/humble/share/rosidl_generator_cpp/cmake)
[1.066s] -- Using all available rosidl_typesupport_c: rosidl_typesupport_fastrtps_c;rosidl_typesupport_introspection_c
[1.086s] -- Using all available rosidl_typesupport_cpp: rosidl_typesupport_fastrtps_cpp;rosidl_typesupport_introspection_cpp
[1.142s] -- Found rmw_implementation_cmake: 6.1.2 (/opt/ros/humble/share/rmw_implementation_cmake/cmake)
[1.145s] -- Found rmw_fastrtps_cpp: 6.2.10 (/opt/ros/humble/share/rmw_fastrtps_cpp/cmake)
[1.261s] -- Found OpenSSL: /usr/lib/x86_64-linux-gnu/libcrypto.so (found version "3.0.2")  
[1.297s] -- Found FastRTPS: /opt/ros/humble/include  
[1.354s] -- Using RMW implementation 'rmw_fastrtps_cpp' as default
[1.366s] -- Looking for pthread.h
[1.455s] -- Looking for pthread.h - found
[1.455s] -- Performing Test CMAKE_HAVE_LIBC_PTHREAD
[1.547s] -- Performing Test CMAKE_HAVE_LIBC_PTHREAD - Success
[1.549s] -- Found Threads: TRUE  
[1.804s] -- Configuring done
[1.832s] -- Generating done
[1.840s] -- Build files have been written to: /home/haru/Documents/honrobo_2026/build/holo_lidar_converter
[1.852s] Invoked command in '/home/haru/Documents/honrobo_2026/build/holo_lidar_converter' returned '0': CMAKE_PREFIX_PATH=/opt/ros/humble /usr/bin/cmake /home/haru/Documents/honrobo_2026/src/holo_lidar_converter -DAMENT_CMAKE_SYMLINK_INSTALL=1 -DCMAKE_INSTALL_PREFIX=/home/haru/Documents/honrobo_2026/install/holo_lidar_converter
[1.854s] Invoking command in '/home/haru/Documents/honrobo_2026/build/holo_lidar_converter': CMAKE_PREFIX_PATH=/opt/ros/humble /usr/bin/cmake --build /home/haru/Documents/honrobo_2026/build/holo_lidar_converter -- -j12 -l12
[1.919s] [ 57%] Building CXX object CMakeFiles/pointcloud2_to_laserscan.dir/rclcpp_components/node_main_pointcloud2_to_laserscan.cpp.o
[1.919s] [ 57%] Building CXX object CMakeFiles/holo_lidar_converter.dir/src/laserscan_to_pointcloud2.cpp.o
[1.920s] [ 57%] Building CXX object CMakeFiles/laserscan_to_pointcloud2.dir/rclcpp_components/node_main_laserscan_to_pointcloud2.cpp.o
[1.920s] [ 57%] Building CXX object CMakeFiles/holo_lidar_converter.dir/src/pointcloud2_to_laserscan.cpp.o
[5.974s] [ 71%] Linking CXX executable pointcloud2_to_laserscan
[5.983s] [ 85%] Linking CXX executable laserscan_to_pointcloud2
[6.178s] [ 85%] Built target pointcloud2_to_laserscan
[6.190s] [ 85%] Built target laserscan_to_pointcloud2
[14.907s] [100%] Linking CXX shared library libholo_lidar_converter.so
[15.792s] [100%] Built target holo_lidar_converter
[15.807s] Invoked command in '/home/haru/Documents/honrobo_2026/build/holo_lidar_converter' returned '0': CMAKE_PREFIX_PATH=/opt/ros/humble /usr/bin/cmake --build /home/haru/Documents/honrobo_2026/build/holo_lidar_converter -- -j12 -l12
[15.819s] Invoking command in '/home/haru/Documents/honrobo_2026/build/holo_lidar_converter': CMAKE_PREFIX_PATH=/opt/ros/humble /usr/bin/cmake --install /home/haru/Documents/honrobo_2026/build/holo_lidar_converter
[15.829s] -- Install configuration: ""
[15.830s] -- Execute custom install script
[15.830s] -- Symlinking: /home/haru/Documents/honrobo_2026/install/holo_lidar_converter/lib/holo_lidar_converter/laserscan_to_pointcloud2
[15.842s] -- Symlinking: /home/haru/Documents/honrobo_2026/install/holo_lidar_converter/lib/holo_lidar_converter/pointcloud2_to_laserscan
[15.853s] -- Symlinking: /home/haru/Documents/honrobo_2026/install/holo_lidar_converter/include/holo_lidar_converter/holo_lidar_converter/laserscan_to_pointcloud2.hpp
[15.865s] -- Symlinking: /home/haru/Documents/honrobo_2026/install/holo_lidar_converter/include/holo_lidar_converter/holo_lidar_converter/pointcloud2_to_laserscan.hpp
[15.876s] -- Symlinking: /home/haru/Documents/honrobo_2026/install/holo_lidar_converter/share/holo_lidar_converter/environment/library_path.sh
[15.888s] -- Symlinking: /home/haru/Documents/honrobo_2026/install/holo_lidar_converter/share/holo_lidar_converter/environment/library_path.dsv
[15.899s] -- Symlinking: /home/haru/Documents/honrobo_2026/install/holo_lidar_converter/lib/libholo_lidar_converter.so
[15.911s] -- Symlinking: /home/haru/Documents/honrobo_2026/install/holo_lidar_converter/share/ament_index/resource_index/package_run_dependencies/holo_lidar_converter
[15.923s] -- Symlinking: /home/haru/Documents/honrobo_2026/install/holo_lidar_converter/share/ament_index/resource_index/parent_prefix_path/holo_lidar_converter
[15.935s] -- Symlinking: /home/haru/Documents/honrobo_2026/install/holo_lidar_converter/share/holo_lidar_converter/environment/ament_prefix_path.sh
[15.946s] -- Symlinking: /home/haru/Documents/honrobo_2026/install/holo_lidar_converter/share/holo_lidar_converter/environment/ament_prefix_path.dsv
[15.958s] -- Symlinking: /home/haru/Documents/honrobo_2026/install/holo_lidar_converter/share/holo_lidar_converter/environment/path.sh
[15.969s] -- Symlinking: /home/haru/Documents/honrobo_2026/install/holo_lidar_converter/share/holo_lidar_converter/environment/path.dsv
[15.980s] -- Symlinking: /home/haru/Documents/honrobo_2026/install/holo_lidar_converter/share/holo_lidar_converter/local_setup.bash
[15.991s] -- Symlinking: /home/haru/Documents/honrobo_2026/install/holo_lidar_converter/share/holo_lidar_converter/local_setup.sh
[16.002s] -- Symlinking: /home/haru/Documents/honrobo_2026/install/holo_lidar_converter/share/holo_lidar_converter/local_setup.zsh
[16.013s] -- Symlinking: /home/haru/Documents/honrobo_2026/install/holo_lidar_converter/share/holo_lidar_converter/local_setup.dsv
[16.024s] -- Symlinking: /home/haru/Documents/honrobo_2026/install/holo_lidar_converter/share/holo_lidar_converter/package.dsv
[16.035s] -- Symlinking: /home/haru/Documents/honrobo_2026/install/holo_lidar_converter/share/ament_index/resource_index/packages/holo_lidar_converter
[16.046s] -- Symlinking: /home/haru/Documents/honrobo_2026/install/holo_lidar_converter/share/ament_index/resource_index/rclcpp_components/holo_lidar_converter
[16.057s] -- Symlinking: /home/haru/Documents/honrobo_2026/install/holo_lidar_converter/share/holo_lidar_converter/cmake/ament_cmake_export_dependencies-extras.cmake
[16.068s] -- Symlinking: /home/haru/Documents/honrobo_2026/install/holo_lidar_converter/share/holo_lidar_converter/cmake/ament_cmake_export_include_directories-extras.cmake
[16.079s] -- Symlinking: /home/haru/Documents/honrobo_2026/install/holo_lidar_converter/share/holo_lidar_converter/cmake/ament_cmake_export_libraries-extras.cmake
[16.090s] -- Symlinking: /home/haru/Documents/honrobo_2026/install/holo_lidar_converter/share/holo_lidar_converter/cmake/holo_lidar_converterConfig.cmake
[16.101s] -- Symlinking: /home/haru/Documents/honrobo_2026/install/holo_lidar_converter/share/holo_lidar_converter/cmake/holo_lidar_converterConfig-version.cmake
[16.112s] -- Symlinking: /home/haru/Documents/honrobo_2026/install/holo_lidar_converter/share/holo_lidar_converter/package.xml
[16.125s] Invoked command in '/home/haru/Documents/honrobo_2026/build/holo_lidar_converter' returned '0': CMAKE_PREFIX_PATH=/opt/ros/humble /usr/bin/cmake --install /home/haru/Documents/honrobo_2026/build/holo_lidar_converter
