[0.017s] Invoking command in '/home/haru/Documents/honrobo_2026/build/fast_nav_cpp': CMAKE_PREFIX_PATH=/opt/ros/humble /usr/bin/cmake --build /home/haru/Documents/honrobo_2026/build/fast_nav_cpp -- -j12 -l12
[0.194s] [100%] Built target fast_nav_node
[0.202s] Invoked command in '/home/haru/Documents/honrobo_2026/build/fast_nav_cpp' returned '0': CMAKE_PREFIX_PATH=/opt/ros/humble /usr/bin/cmake --build /home/haru/Documents/honrobo_2026/build/fast_nav_cpp -- -j12 -l12
[0.203s] Invoking command in '/home/haru/Documents/honrobo_2026/build/fast_nav_cpp': CMAKE_PREFIX_PATH=/opt/ros/humble /usr/bin/cmake --install /home/haru/Documents/honrobo_2026/build/fast_nav_cpp
[0.210s] -- Install configuration: ""
[0.210s] -- Execute custom install script
[0.210s] -- Up-to-date symlink: /home/haru/Documents/honrobo_2026/install/fast_nav_cpp/lib/fast_nav_cpp/fast_nav_node
[0.214s] -- Up-to-date symlink: /home/haru/Documents/honrobo_2026/install/fast_nav_cpp/share/ament_index/resource_index/package_run_dependencies/fast_nav_cpp
[0.220s] -- Up-to-date symlink: /home/haru/Documents/honrobo_2026/install/fast_nav_cpp/share/ament_index/resource_index/parent_prefix_path/fast_nav_cpp
[0.222s] -- Up-to-date symlink: /home/haru/Documents/honrobo_2026/install/fast_nav_cpp/share/fast_nav_cpp/environment/ament_prefix_path.sh
[0.223s] -- Up-to-date symlink: /home/haru/Documents/honrobo_2026/install/fast_nav_cpp/share/fast_nav_cpp/environment/ament_prefix_path.dsv
[0.223s] -- Up-to-date symlink: /home/haru/Documents/honrobo_2026/install/fast_nav_cpp/share/fast_nav_cpp/environment/path.sh
[0.223s] -- Up-to-date symlink: /home/haru/Documents/honrobo_2026/install/fast_nav_cpp/share/fast_nav_cpp/environment/path.dsv
[0.224s] -- Up-to-date symlink: /home/haru/Documents/honrobo_2026/install/fast_nav_cpp/share/fast_nav_cpp/local_setup.bash
[0.229s] -- Up-to-date symlink: /home/haru/Documents/honrobo_2026/install/fast_nav_cpp/share/fast_nav_cpp/local_setup.sh
[0.235s] -- Up-to-date symlink: /home/haru/Documents/honrobo_2026/install/fast_nav_cpp/share/fast_nav_cpp/local_setup.zsh
[0.235s] -- Up-to-date symlink: /home/haru/Documents/honrobo_2026/install/fast_nav_cpp/share/fast_nav_cpp/local_setup.dsv
[0.235s] -- Symlinking: /home/haru/Documents/honrobo_2026/install/fast_nav_cpp/share/fast_nav_cpp/package.dsv
[0.243s] -- Up-to-date symlink: /home/haru/Documents/honrobo_2026/install/fast_nav_cpp/share/ament_index/resource_index/packages/fast_nav_cpp
[0.243s] -- Up-to-date symlink: /home/haru/Documents/honrobo_2026/install/fast_nav_cpp/share/fast_nav_cpp/cmake/fast_nav_cppConfig.cmake
[0.243s] -- Up-to-date symlink: /home/haru/Documents/honrobo_2026/install/fast_nav_cpp/share/fast_nav_cpp/cmake/fast_nav_cppConfig-version.cmake
[0.244s] -- Up-to-date symlink: /home/haru/Documents/honrobo_2026/install/fast_nav_cpp/share/fast_nav_cpp/package.xml
[0.261s] Invoked command in '/home/haru/Documents/honrobo_2026/build/fast_nav_cpp' returned '0': CMAKE_PREFIX_PATH=/opt/ros/humble /usr/bin/cmake --install /home/haru/Documents/honrobo_2026/build/fast_nav_cpp
