[0.027s] Invoking command in '/home/haru/Documents/honrobo_2026/build/fast_nav_cpp': CMAKE_PREFIX_PATH=/opt/ros/humble /usr/bin/cmake --build /home/haru/Documents/honrobo_2026/build/fast_nav_cpp -- -j12 -l12
[0.326s] [100%] Built target fast_nav_node
[0.344s] Invoked command in '/home/haru/Documents/honrobo_2026/build/fast_nav_cpp' returned '0': CMAKE_PREFIX_PATH=/opt/ros/humble /usr/bin/cmake --build /home/haru/Documents/honrobo_2026/build/fast_nav_cpp -- -j12 -l12
[0.345s] Invoking command in '/home/haru/Documents/honrobo_2026/build/fast_nav_cpp': CMAKE_PREFIX_PATH=/opt/ros/humble /usr/bin/cmake --install /home/haru/Documents/honrobo_2026/build/fast_nav_cpp
[0.354s] -- Install configuration: ""
[0.355s] -- Execute custom install script
[0.357s] -- Up-to-date symlink: /home/haru/Documents/honrobo_2026/install/fast_nav_cpp/lib/fast_nav_cpp/fast_nav_node
[0.357s] -- Up-to-date symlink: /home/haru/Documents/honrobo_2026/install/fast_nav_cpp/share/ament_index/resource_index/package_run_dependencies/fast_nav_cpp
[0.358s] -- Up-to-date symlink: /home/haru/Documents/honrobo_2026/install/fast_nav_cpp/share/ament_index/resource_index/parent_prefix_path/fast_nav_cpp
[0.358s] -- Up-to-date symlink: /home/haru/Documents/honrobo_2026/install/fast_nav_cpp/share/fast_nav_cpp/environment/ament_prefix_path.sh
[0.358s] -- Up-to-date symlink: /home/haru/Documents/honrobo_2026/install/fast_nav_cpp/share/fast_nav_cpp/environment/ament_prefix_path.dsv
[0.358s] -- Up-to-date symlink: /home/haru/Documents/honrobo_2026/install/fast_nav_cpp/share/fast_nav_cpp/environment/path.sh
[0.358s] -- Up-to-date symlink: /home/haru/Documents/honrobo_2026/install/fast_nav_cpp/share/fast_nav_cpp/environment/path.dsv
[0.359s] -- Up-to-date symlink: /home/haru/Documents/honrobo_2026/install/fast_nav_cpp/share/fast_nav_cpp/local_setup.bash
[0.359s] -- Up-to-date symlink: /home/haru/Documents/honrobo_2026/install/fast_nav_cpp/share/fast_nav_cpp/local_setup.sh
[0.359s] -- Up-to-date symlink: /home/haru/Documents/honrobo_2026/install/fast_nav_cpp/share/fast_nav_cpp/local_setup.zsh
[0.359s] -- Up-to-date symlink: /home/haru/Documents/honrobo_2026/install/fast_nav_cpp/share/fast_nav_cpp/local_setup.dsv
[0.359s] -- Symlinking: /home/haru/Documents/honrobo_2026/install/fast_nav_cpp/share/fast_nav_cpp/package.dsv
[0.369s] -- Up-to-date symlink: /home/haru/Documents/honrobo_2026/install/fast_nav_cpp/share/ament_index/resource_index/packages/fast_nav_cpp
[0.369s] -- Up-to-date symlink: /home/haru/Documents/honrobo_2026/install/fast_nav_cpp/share/fast_nav_cpp/cmake/fast_nav_cppConfig.cmake
[0.369s] -- Up-to-date symlink: /home/haru/Documents/honrobo_2026/install/fast_nav_cpp/share/fast_nav_cpp/cmake/fast_nav_cppConfig-version.cmake
[0.370s] -- Up-to-date symlink: /home/haru/Documents/honrobo_2026/install/fast_nav_cpp/share/fast_nav_cpp/package.xml
[0.372s] Invoked command in '/home/haru/Documents/honrobo_2026/build/fast_nav_cpp' returned '0': CMAKE_PREFIX_PATH=/opt/ros/humble /usr/bin/cmake --install /home/haru/Documents/honrobo_2026/build/fast_nav_cpp
