Consolidate compiler generated dependencies of target pointcloud2_to_laserscan
Consolidate compiler generated dependencies of target laserscan_to_pointcloud2
Consolidate compiler generated dependencies of target holo_lidar_converter
[ 28%] Built target pointcloud2_to_laserscan
[ 57%] Built target laserscan_to_pointcloud2
[100%] Built target holo_lidar_converter
-- Install configuration: ""
-- Execute custom install script
-- Up-to-date symlink: /home/haru/Documents/honrobo_2026/install/holo_lidar_converter/lib/holo_lidar_converter/laserscan_to_pointcloud2
-- Up-to-date symlink: /home/haru/Documents/honrobo_2026/install/holo_lidar_converter/lib/holo_lidar_converter/pointcloud2_to_laserscan
-- Up-to-date symlink: /home/haru/Documents/honrobo_2026/install/holo_lidar_converter/include/holo_lidar_converter/holo_lidar_converter/laserscan_to_pointcloud2.hpp
-- Up-to-date symlink: /home/haru/Documents/honrobo_2026/install/holo_lidar_converter/include/holo_lidar_converter/holo_lidar_converter/pointcloud2_to_laserscan.hpp
-- Up-to-date symlink: /home/haru/Documents/honrobo_2026/install/holo_lidar_converter/share/holo_lidar_converter/environment/library_path.sh
-- Up-to-date symlink: /home/haru/Documents/honrobo_2026/install/holo_lidar_converter/share/holo_lidar_converter/environment/library_path.dsv
-- Up-to-date symlink: /home/haru/Documents/honrobo_2026/install/holo_lidar_converter/lib/libholo_lidar_converter.so
-- Up-to-date symlink: /home/haru/Documents/honrobo_2026/install/holo_lidar_converter/share/ament_index/resource_index/package_run_dependencies/holo_lidar_converter
-- Up-to-date symlink: /home/haru/Documents/honrobo_2026/install/holo_lidar_converter/share/ament_index/resource_index/parent_prefix_path/holo_lidar_converter
-- Up-to-date symlink: /home/haru/Documents/honrobo_2026/install/holo_lidar_converter/share/holo_lidar_converter/environment/ament_prefix_path.sh
-- Up-to-date symlink: /home/haru/Documents/honrobo_2026/install/holo_lidar_converter/share/holo_lidar_converter/environment/ament_prefix_path.dsv
-- Up-to-date symlink: /home/haru/Documents/honrobo_2026/install/holo_lidar_converter/share/holo_lidar_converter/environment/path.sh
-- Up-to-date symlink: /home/haru/Documents/honrobo_2026/install/holo_lidar_converter/share/holo_lidar_converter/environment/path.dsv
-- Up-to-date symlink: /home/haru/Documents/honrobo_2026/install/holo_lidar_converter/share/holo_lidar_converter/local_setup.bash
-- Up-to-date symlink: /home/haru/Documents/honrobo_2026/install/holo_lidar_converter/share/holo_lidar_converter/local_setup.sh
-- Up-to-date symlink: /home/haru/Documents/honrobo_2026/install/holo_lidar_converter/share/holo_lidar_converter/local_setup.zsh
-- Up-to-date symlink: /home/haru/Documents/honrobo_2026/install/holo_lidar_converter/share/holo_lidar_converter/local_setup.dsv
-- Symlinking: /home/haru/Documents/honrobo_2026/install/holo_lidar_converter/share/holo_lidar_converter/package.dsv
-- Up-to-date symlink: /home/haru/Documents/honrobo_2026/install/holo_lidar_converter/share/ament_index/resource_index/packages/holo_lidar_converter
-- Up-to-date symlink: /home/haru/Documents/honrobo_2026/install/holo_lidar_converter/share/ament_index/resource_index/rclcpp_components/holo_lidar_converter
-- Up-to-date symlink: /home/haru/Documents/honrobo_2026/install/holo_lidar_converter/share/holo_lidar_converter/cmake/ament_cmake_export_dependencies-extras.cmake
-- Up-to-date symlink: /home/haru/Documents/honrobo_2026/install/holo_lidar_converter/share/holo_lidar_converter/cmake/ament_cmake_export_include_directories-extras.cmake
-- Up-to-date symlink: /home/haru/Documents/honrobo_2026/install/holo_lidar_converter/share/holo_lidar_converter/cmake/ament_cmake_export_libraries-extras.cmake
-- Up-to-date symlink: /home/haru/Documents/honrobo_2026/install/holo_lidar_converter/share/holo_lidar_converter/cmake/holo_lidar_converterConfig.cmake
-- Up-to-date symlink: /home/haru/Documents/honrobo_2026/install/holo_lidar_converter/share/holo_lidar_converter/cmake/holo_lidar_converterConfig-version.cmake
-- Up-to-date symlink: /home/haru/Documents/honrobo_2026/install/holo_lidar_converter/share/holo_lidar_converter/package.xml
