[0.592s] Invoking command in '/home/haru/Documents/honrobo_2026/build/honrobo_pkg': PYTHONPATH=/home/haru/Documents/honrobo_2026/build/honrobo_pkg/prefix_override:/usr/lib/python3/dist-packages/colcon_core/task/python/colcon_distutils_commands:/home/haru/Documents/honrobo_2026/install/honrobo_pkg/lib/python3.10/site-packages: /usr/bin/python3 -W ignore:setup.py install is deprecated -W ignore:easy_install command is deprecated setup.py develop --editable --build-directory /home/haru/Documents/honrobo_2026/build/honrobo_pkg/build --no-deps symlink_data
[0.819s] running develop
[0.928s] running egg_info
[0.928s] writing honrobo_pkg.egg-info/PKG-INFO
[0.929s] writing dependency_links to honrobo_pkg.egg-info/dependency_links.txt
[0.929s] writing entry points to honrobo_pkg.egg-info/entry_points.txt
[0.929s] writing requirements to honrobo_pkg.egg-info/requires.txt
[0.929s] writing top-level names to honrobo_pkg.egg-info/top_level.txt
[0.931s] reading manifest file 'honrobo_pkg.egg-info/SOURCES.txt'
[0.933s] writing manifest file 'honrobo_pkg.egg-info/SOURCES.txt'
[0.934s] running build_ext
[0.934s] Creating /home/haru/Documents/honrobo_2026/install/honrobo_pkg/lib/python3.10/site-packages/honrobo-pkg.egg-link (link to .)
[0.935s] Installing can_node script to /home/haru/Documents/honrobo_2026/install/honrobo_pkg/lib/honrobo_pkg
[0.935s] Installing ps4_node script to /home/haru/Documents/honrobo_2026/install/honrobo_pkg/lib/honrobo_pkg
[0.936s] Installing roboware_node script to /home/haru/Documents/honrobo_2026/install/honrobo_pkg/lib/honrobo_pkg
[0.936s] Installing web_node script to /home/haru/Documents/honrobo_2026/install/honrobo_pkg/lib/honrobo_pkg
[0.936s] Installing zikoiti_node script to /home/haru/Documents/honrobo_2026/install/honrobo_pkg/lib/honrobo_pkg
[0.936s] 
[0.936s] Installed /home/haru/Documents/honrobo_2026/build/honrobo_pkg
[0.937s] running symlink_data
[0.972s] Invoked command in '/home/haru/Documents/honrobo_2026/build/honrobo_pkg' returned '0': PYTHONPATH=/home/haru/Documents/honrobo_2026/build/honrobo_pkg/prefix_override:/usr/lib/python3/dist-packages/colcon_core/task/python/colcon_distutils_commands:/home/haru/Documents/honrobo_2026/install/honrobo_pkg/lib/python3.10/site-packages: /usr/bin/python3 -W ignore:setup.py install is deprecated -W ignore:easy_install command is deprecated setup.py develop --editable --build-directory /home/haru/Documents/honrobo_2026/build/honrobo_pkg/build --no-deps symlink_data
