[0.478s] Invoking command in '/home/haru/Documents/honrobo_2026/src/honrobo_pkg': PYTHONPATH=/home/haru/Documents/honrobo_2026/build/honrobo_pkg/prefix_override:/usr/lib/python3/dist-packages/colcon_core/task/python/colcon_distutils_commands:/home/haru/Documents/honrobo_2026/install/honrobo_pkg/lib/python3.10/site-packages:${PYTHONPATH} /usr/bin/python3 -W ignore:setup.py install is deprecated -W ignore:easy_install command is deprecated setup.py egg_info --egg-base ../../build/honrobo_pkg build --build-base /home/haru/Documents/honrobo_2026/build/honrobo_pkg/build install --record /home/haru/Documents/honrobo_2026/build/honrobo_pkg/install.log --single-version-externally-managed install_data
[0.661s] running egg_info
[0.662s] creating ../../build/honrobo_pkg/honrobo_pkg.egg-info
[0.662s] writing ../../build/honrobo_pkg/honrobo_pkg.egg-info/PKG-INFO
[0.662s] writing dependency_links to ../../build/honrobo_pkg/honrobo_pkg.egg-info/dependency_links.txt
[0.662s] writing entry points to ../../build/honrobo_pkg/honrobo_pkg.egg-info/entry_points.txt
[0.662s] writing requirements to ../../build/honrobo_pkg/honrobo_pkg.egg-info/requires.txt
[0.662s] writing top-level names to ../../build/honrobo_pkg/honrobo_pkg.egg-info/top_level.txt
[0.662s] writing manifest file '../../build/honrobo_pkg/honrobo_pkg.egg-info/SOURCES.txt'
[0.664s] reading manifest file '../../build/honrobo_pkg/honrobo_pkg.egg-info/SOURCES.txt'
[0.664s] writing manifest file '../../build/honrobo_pkg/honrobo_pkg.egg-info/SOURCES.txt'
[0.664s] running build
[0.664s] running build_py
[0.664s] creating /home/haru/Documents/honrobo_2026/build/honrobo_pkg/build
[0.664s] creating /home/haru/Documents/honrobo_2026/build/honrobo_pkg/build/lib
[0.664s] creating /home/haru/Documents/honrobo_2026/build/honrobo_pkg/build/lib/honrobo_pkg
[0.665s] copying honrobo_pkg/ps4_node.py -> /home/haru/Documents/honrobo_2026/build/honrobo_pkg/build/lib/honrobo_pkg
[0.665s] copying honrobo_pkg/__init__.py -> /home/haru/Documents/honrobo_2026/build/honrobo_pkg/build/lib/honrobo_pkg
[0.665s] copying honrobo_pkg/web_node.py -> /home/haru/Documents/honrobo_2026/build/honrobo_pkg/build/lib/honrobo_pkg
[0.665s] copying honrobo_pkg/can_node.py -> /home/haru/Documents/honrobo_2026/build/honrobo_pkg/build/lib/honrobo_pkg
[0.665s] copying honrobo_pkg/zikoiti_node.py -> /home/haru/Documents/honrobo_2026/build/honrobo_pkg/build/lib/honrobo_pkg
[0.665s] copying honrobo_pkg/roboware_node.py -> /home/haru/Documents/honrobo_2026/build/honrobo_pkg/build/lib/honrobo_pkg
[0.665s] running install
[0.665s] running install_lib
[0.666s] creating /home/haru/Documents/honrobo_2026/install/honrobo_pkg/lib/python3.10/site-packages/honrobo_pkg
[0.666s] copying /home/haru/Documents/honrobo_2026/build/honrobo_pkg/build/lib/honrobo_pkg/ps4_node.py -> /home/haru/Documents/honrobo_2026/install/honrobo_pkg/lib/python3.10/site-packages/honrobo_pkg
[0.666s] copying /home/haru/Documents/honrobo_2026/build/honrobo_pkg/build/lib/honrobo_pkg/__init__.py -> /home/haru/Documents/honrobo_2026/install/honrobo_pkg/lib/python3.10/site-packages/honrobo_pkg
[0.666s] copying /home/haru/Documents/honrobo_2026/build/honrobo_pkg/build/lib/honrobo_pkg/web_node.py -> /home/haru/Documents/honrobo_2026/install/honrobo_pkg/lib/python3.10/site-packages/honrobo_pkg
[0.666s] copying /home/haru/Documents/honrobo_2026/build/honrobo_pkg/build/lib/honrobo_pkg/can_node.py -> /home/haru/Documents/honrobo_2026/install/honrobo_pkg/lib/python3.10/site-packages/honrobo_pkg
[0.666s] copying /home/haru/Documents/honrobo_2026/build/honrobo_pkg/build/lib/honrobo_pkg/zikoiti_node.py -> /home/haru/Documents/honrobo_2026/install/honrobo_pkg/lib/python3.10/site-packages/honrobo_pkg
[0.666s] copying /home/haru/Documents/honrobo_2026/build/honrobo_pkg/build/lib/honrobo_pkg/roboware_node.py -> /home/haru/Documents/honrobo_2026/install/honrobo_pkg/lib/python3.10/site-packages/honrobo_pkg
[0.667s] byte-compiling /home/haru/Documents/honrobo_2026/install/honrobo_pkg/lib/python3.10/site-packages/honrobo_pkg/ps4_node.py to ps4_node.cpython-310.pyc
[0.668s] byte-compiling /home/haru/Documents/honrobo_2026/install/honrobo_pkg/lib/python3.10/site-packages/honrobo_pkg/__init__.py to __init__.cpython-310.pyc
[0.668s] byte-compiling /home/haru/Documents/honrobo_2026/install/honrobo_pkg/lib/python3.10/site-packages/honrobo_pkg/web_node.py to web_node.cpython-310.pyc
[0.669s] byte-compiling /home/haru/Documents/honrobo_2026/install/honrobo_pkg/lib/python3.10/site-packages/honrobo_pkg/can_node.py to can_node.cpython-310.pyc
[0.671s] byte-compiling /home/haru/Documents/honrobo_2026/install/honrobo_pkg/lib/python3.10/site-packages/honrobo_pkg/zikoiti_node.py to zikoiti_node.cpython-310.pyc
[0.671s] byte-compiling /home/haru/Documents/honrobo_2026/install/honrobo_pkg/lib/python3.10/site-packages/honrobo_pkg/roboware_node.py to roboware_node.cpython-310.pyc
[0.672s] running install_data
[0.672s] creating /home/haru/Documents/honrobo_2026/install/honrobo_pkg/share/ament_index
[0.672s] creating /home/haru/Documents/honrobo_2026/install/honrobo_pkg/share/ament_index/resource_index
[0.673s] creating /home/haru/Documents/honrobo_2026/install/honrobo_pkg/share/ament_index/resource_index/packages
[0.673s] copying resource/honrobo_pkg -> /home/haru/Documents/honrobo_2026/install/honrobo_pkg/share/ament_index/resource_index/packages
[0.673s] copying package.xml -> /home/haru/Documents/honrobo_2026/install/honrobo_pkg/share/honrobo_pkg
[0.673s] running install_egg_info
[0.674s] Copying ../../build/honrobo_pkg/honrobo_pkg.egg-info to /home/haru/Documents/honrobo_2026/install/honrobo_pkg/lib/python3.10/site-packages/honrobo_pkg-1.0.0-py3.10.egg-info
[0.675s] running install_scripts
[0.690s] Installing can_node script to /home/haru/Documents/honrobo_2026/install/honrobo_pkg/lib/honrobo_pkg
[0.690s] Installing ps4_node script to /home/haru/Documents/honrobo_2026/install/honrobo_pkg/lib/honrobo_pkg
[0.690s] Installing roboware_node script to /home/haru/Documents/honrobo_2026/install/honrobo_pkg/lib/honrobo_pkg
[0.690s] Installing web_node script to /home/haru/Documents/honrobo_2026/install/honrobo_pkg/lib/honrobo_pkg
[0.690s] Installing zikoiti_node script to /home/haru/Documents/honrobo_2026/install/honrobo_pkg/lib/honrobo_pkg
[0.691s] writing list of installed files to '/home/haru/Documents/honrobo_2026/build/honrobo_pkg/install.log'
[0.709s] Invoked command in '/home/haru/Documents/honrobo_2026/src/honrobo_pkg' returned '0': PYTHONPATH=/home/haru/Documents/honrobo_2026/build/honrobo_pkg/prefix_override:/usr/lib/python3/dist-packages/colcon_core/task/python/colcon_distutils_commands:/home/haru/Documents/honrobo_2026/install/honrobo_pkg/lib/python3.10/site-packages:${PYTHONPATH} /usr/bin/python3 -W ignore:setup.py install is deprecated -W ignore:easy_install command is deprecated setup.py egg_info --egg-base ../../build/honrobo_pkg build --build-base /home/haru/Documents/honrobo_2026/build/honrobo_pkg/build install --record /home/haru/Documents/honrobo_2026/build/honrobo_pkg/install.log --single-version-externally-managed install_data
