[0.026s] Invoking command in '/home/haru/Documents/honrobo_2026/build/fast_nav_cpp': CMAKE_PREFIX_PATH=/opt/ros/humble /usr/bin/cmake /home/haru/Documents/honrobo_2026/src/fast_nav_cpp -DAMENT_CMAKE_SYMLINK_INSTALL=1 -DCMAKE_INSTALL_PREFIX=/home/haru/Documents/honrobo_2026/install/fast_nav_cpp
[0.297s] -- The C compiler identification is GNU 11.4.0
[0.297s] -- The CXX compiler identification is GNU 11.4.0
[0.298s] -- Detecting C compiler ABI info
[0.298s] -- Detecting C compiler ABI info - done
[0.298s] -- Check for working C compiler: /usr/bin/cc - skipped
[0.298s] -- Detecting C compile features
[0.298s] -- Detecting C compile features - done
[0.298s] -- Detecting CXX compiler ABI info
[0.362s] -- Detecting CXX compiler ABI info - done
[0.370s] -- Check for working CXX compiler: /usr/bin/c++ - skipped
[0.370s] -- Detecting CXX compile features
[0.371s] -- Detecting CXX compile features - done
[0.375s] -- Found ament_cmake: 1.3.14 (/opt/ros/humble/share/ament_cmake/cmake)
[0.799s] -- Found Python3: /usr/bin/python3 (found version "3.10.12") found components: Interpreter 
[0.869s] -- Override CMake install command with custom implementation using symlinks instead of copying resources
[0.911s] -- Found rclcpp: 16.0.19 (/opt/ros/humble/share/rclcpp/cmake)
[0.968s] -- Found rosidl_generator_c: 3.1.8 (/opt/ros/humble/share/rosidl_generator_c/cmake)
[0.975s] -- Found rosidl_adapter: 3.1.8 (/opt/ros/humble/share/rosidl_adapter/cmake)
[0.988s] -- Found rosidl_generator_cpp: 3.1.8 (/opt/ros/humble/share/rosidl_generator_cpp/cmake)
[1.000s] -- Using all available rosidl_typesupport_c: rosidl_typesupport_fastrtps_c;rosidl_typesupport_introspection_c
[1.020s] -- Using all available rosidl_typesupport_cpp: rosidl_typesupport_fastrtps_cpp;rosidl_typesupport_introspection_cpp
[1.075s] -- Found rmw_implementation_cmake: 6.1.2 (/opt/ros/humble/share/rmw_implementation_cmake/cmake)
[1.079s] -- Found rmw_fastrtps_cpp: 6.2.10 (/opt/ros/humble/share/rmw_fastrtps_cpp/cmake)
[1.195s] -- Found OpenSSL: /usr/lib/x86_64-linux-gnu/libcrypto.so (found version "3.0.2")  
[1.233s] -- Found FastRTPS: /opt/ros/humble/include  
[1.289s] -- Using RMW implementation 'rmw_fastrtps_cpp' as default
[1.301s] -- Looking for pthread.h
[1.392s] -- Looking for pthread.h - found
[1.393s] -- Performing Test CMAKE_HAVE_LIBC_PTHREAD
[1.486s] -- Performing Test CMAKE_HAVE_LIBC_PTHREAD - Success
[1.488s] -- Found Threads: TRUE  
[1.549s] -- Found geometry_msgs: 4.9.1 (/opt/ros/humble/share/geometry_msgs/cmake)
[1.566s] -- Found nav_msgs: 4.9.1 (/opt/ros/humble/share/nav_msgs/cmake)
[1.586s] -- Found sensor_msgs: 4.9.1 (/opt/ros/humble/share/sensor_msgs/cmake)
[1.605s] -- Found tf2: 0.25.20 (/opt/ros/humble/share/tf2/cmake)
[1.620s] -- Found tf2_ros: 0.25.20 (/opt/ros/humble/share/tf2_ros/cmake)
[1.724s] -- Found tf2_geometry_msgs: 0.25.20 (/opt/ros/humble/share/tf2_geometry_msgs/cmake)
[1.744s] -- Found eigen3_cmake_module: 0.1.1 (/opt/ros/humble/share/eigen3_cmake_module/cmake)
[1.745s] -- Found Eigen3: TRUE (found version "3.4.0") 
[1.746s] -- Ensuring Eigen3 include directory is part of orocos-kdl CMake target
[1.757s] -- Found OpenCV: /usr (found version "4.5.4") 
[1.839s] -- Configuring done
[1.858s] -- Generating done
[1.864s] -- Build files have been written to: /home/haru/Documents/honrobo_2026/build/fast_nav_cpp
[1.877s] Invoked command in '/home/haru/Documents/honrobo_2026/build/fast_nav_cpp' returned '0': CMAKE_PREFIX_PATH=/opt/ros/humble /usr/bin/cmake /home/haru/Documents/honrobo_2026/src/fast_nav_cpp -DAMENT_CMAKE_SYMLINK_INSTALL=1 -DCMAKE_INSTALL_PREFIX=/home/haru/Documents/honrobo_2026/install/fast_nav_cpp
[1.878s] Invoking command in '/home/haru/Documents/honrobo_2026/build/fast_nav_cpp': CMAKE_PREFIX_PATH=/opt/ros/humble /usr/bin/cmake --build /home/haru/Documents/honrobo_2026/build/fast_nav_cpp -- -j12 -l12
[1.945s] [ 50%] Building CXX object CMakeFiles/fast_nav_node.dir/src/fast_nav_node.cpp.o
[30.289s] [100%] Linking CXX executable fast_nav_node
[30.765s] [100%] Built target fast_nav_node
[30.776s] Invoked command in '/home/haru/Documents/honrobo_2026/build/fast_nav_cpp' returned '0': CMAKE_PREFIX_PATH=/opt/ros/humble /usr/bin/cmake --build /home/haru/Documents/honrobo_2026/build/fast_nav_cpp -- -j12 -l12
[30.777s] Invoking command in '/home/haru/Documents/honrobo_2026/build/fast_nav_cpp': CMAKE_PREFIX_PATH=/opt/ros/humble /usr/bin/cmake --install /home/haru/Documents/honrobo_2026/build/fast_nav_cpp
[30.785s] -- Install configuration: ""
[30.785s] -- Execute custom install script
[30.786s] -- Symlinking: /home/haru/Documents/honrobo_2026/install/fast_nav_cpp/lib/fast_nav_cpp/fast_nav_node
[30.795s] -- Symlinking: /home/haru/Documents/honrobo_2026/install/fast_nav_cpp/share/ament_index/resource_index/package_run_dependencies/fast_nav_cpp
[30.804s] -- Symlinking: /home/haru/Documents/honrobo_2026/install/fast_nav_cpp/share/ament_index/resource_index/parent_prefix_path/fast_nav_cpp
[30.813s] -- Symlinking: /home/haru/Documents/honrobo_2026/install/fast_nav_cpp/share/fast_nav_cpp/environment/ament_prefix_path.sh
[30.822s] -- Symlinking: /home/haru/Documents/honrobo_2026/install/fast_nav_cpp/share/fast_nav_cpp/environment/ament_prefix_path.dsv
[30.831s] -- Symlinking: /home/haru/Documents/honrobo_2026/install/fast_nav_cpp/share/fast_nav_cpp/environment/path.sh
[30.840s] -- Symlinking: /home/haru/Documents/honrobo_2026/install/fast_nav_cpp/share/fast_nav_cpp/environment/path.dsv
[30.849s] -- Symlinking: /home/haru/Documents/honrobo_2026/install/fast_nav_cpp/share/fast_nav_cpp/local_setup.bash
[30.859s] -- Symlinking: /home/haru/Documents/honrobo_2026/install/fast_nav_cpp/share/fast_nav_cpp/local_setup.sh
[30.868s] -- Symlinking: /home/haru/Documents/honrobo_2026/install/fast_nav_cpp/share/fast_nav_cpp/local_setup.zsh
[30.877s] -- Symlinking: /home/haru/Documents/honrobo_2026/install/fast_nav_cpp/share/fast_nav_cpp/local_setup.dsv
[30.886s] -- Symlinking: /home/haru/Documents/honrobo_2026/install/fast_nav_cpp/share/fast_nav_cpp/package.dsv
[30.896s] -- Symlinking: /home/haru/Documents/honrobo_2026/install/fast_nav_cpp/share/ament_index/resource_index/packages/fast_nav_cpp
[30.905s] -- Symlinking: /home/haru/Documents/honrobo_2026/install/fast_nav_cpp/share/fast_nav_cpp/cmake/fast_nav_cppConfig.cmake
[30.914s] -- Symlinking: /home/haru/Documents/honrobo_2026/install/fast_nav_cpp/share/fast_nav_cpp/cmake/fast_nav_cppConfig-version.cmake
[30.923s] -- Symlinking: /home/haru/Documents/honrobo_2026/install/fast_nav_cpp/share/fast_nav_cpp/package.xml
[30.934s] Invoked command in '/home/haru/Documents/honrobo_2026/build/fast_nav_cpp' returned '0': CMAKE_PREFIX_PATH=/opt/ros/humble /usr/bin/cmake --install /home/haru/Documents/honrobo_2026/build/fast_nav_cpp
