-- The C compiler identification is GNU 11.4.0
-- The CXX compiler identification is GNU 11.4.0
-- Detecting C compiler ABI info
-- Detecting C compiler ABI info - done
-- Check for working C compiler: /usr/bin/cc - skipped
-- Detecting C compile features
-- Detecting C compile features - done
-- Detecting CXX compiler ABI info
-- Detecting CXX compiler ABI info - done
-- Check for working CXX compiler: /usr/bin/c++ - skipped
-- Detecting CXX compile features
-- Detecting CXX compile features - done
-- Found ament_cmake_auto: 1.3.14 (/opt/ros/humble/share/ament_cmake_auto/cmake)
-- Found Python3: /usr/bin/python3 (found version "3.10.12") found components: Interpreter 
-- Override CMake install command with custom implementation using symlinks instead of copying resources
-- Found rosidl_generator_c: 3.1.8 (/opt/ros/humble/share/rosidl_generator_c/cmake)
-- Found rosidl_adapter: 3.1.8 (/opt/ros/humble/share/rosidl_adapter/cmake)
-- Found rosidl_generator_cpp: 3.1.8 (/opt/ros/humble/share/rosidl_generator_cpp/cmake)
-- Using all available rosidl_typesupport_c: rosidl_typesupport_fastrtps_c;rosidl_typesupport_introspection_c
-- Using all available rosidl_typesupport_cpp: rosidl_typesupport_fastrtps_cpp;rosidl_typesupport_introspection_cpp
-- Found rmw_implementation_cmake: 6.1.2 (/opt/ros/humble/share/rmw_implementation_cmake/cmake)
-- Found rmw_fastrtps_cpp: 6.2.10 (/opt/ros/humble/share/rmw_fastrtps_cpp/cmake)
-- Found OpenSSL: /usr/lib/x86_64-linux-gnu/libcrypto.so (found version "3.0.2")  
-- Found FastRTPS: /opt/ros/humble/include  
-- Using RMW implementation 'rmw_fastrtps_cpp' as default
-- Looking for pthread.h
-- Looking for pthread.h - found
-- Performing Test CMAKE_HAVE_LIBC_PTHREAD
-- Performing Test CMAKE_HAVE_LIBC_PTHREAD - Success
-- Found Threads: TRUE  
-- Configuring done
-- Generating done
-- Build files have been written to: /home/haru/Documents/honrobo_2026/build/holo_lidar_converter
[ 57%] Building CXX object CMakeFiles/laserscan_to_pointcloud2.dir/rclcpp_components/node_main_laserscan_to_pointcloud2.cpp.o
[ 57%] Building CXX object CMakeFiles/holo_lidar_converter.dir/src/pointcloud2_to_laserscan.cpp.o
[ 57%] Building CXX object CMakeFiles/pointcloud2_to_laserscan.dir/rclcpp_components/node_main_pointcloud2_to_laserscan.cpp.o
[ 57%] Building CXX object CMakeFiles/holo_lidar_converter.dir/src/laserscan_to_pointcloud2.cpp.o
[ 71%] Linking CXX executable laserscan_to_pointcloud2
[ 71%] Built target laserscan_to_pointcloud2
[ 85%] Linking CXX executable pointcloud2_to_laserscan
[ 85%] Built target pointcloud2_to_laserscan
[100%] Linking CXX shared library libholo_lidar_converter.so
[100%] Built target holo_lidar_converter
-- Install configuration: ""
-- Execute custom install script
-- Symlinking: /home/haru/Documents/honrobo_2026/install/holo_lidar_converter/lib/holo_lidar_converter/laserscan_to_pointcloud2
-- Symlinking: /home/haru/Documents/honrobo_2026/install/holo_lidar_converter/lib/holo_lidar_converter/pointcloud2_to_laserscan
-- Symlinking: /home/haru/Documents/honrobo_2026/install/holo_lidar_converter/include/holo_lidar_converter/holo_lidar_converter/laserscan_to_pointcloud2.hpp
-- Symlinking: /home/haru/Documents/honrobo_2026/install/holo_lidar_converter/include/holo_lidar_converter/holo_lidar_converter/pointcloud2_to_laserscan.hpp
-- Symlinking: /home/haru/Documents/honrobo_2026/install/holo_lidar_converter/share/holo_lidar_converter/environment/library_path.sh
-- Symlinking: /home/haru/Documents/honrobo_2026/install/holo_lidar_converter/share/holo_lidar_converter/environment/library_path.dsv
-- Symlinking: /home/haru/Documents/honrobo_2026/install/holo_lidar_converter/lib/libholo_lidar_converter.so
-- Symlinking: /home/haru/Documents/honrobo_2026/install/holo_lidar_converter/share/ament_index/resource_index/package_run_dependencies/holo_lidar_converter
-- Symlinking: /home/haru/Documents/honrobo_2026/install/holo_lidar_converter/share/ament_index/resource_index/parent_prefix_path/holo_lidar_converter
-- Symlinking: /home/haru/Documents/honrobo_2026/install/holo_lidar_converter/share/holo_lidar_converter/environment/ament_prefix_path.sh
-- Symlinking: /home/haru/Documents/honrobo_2026/install/holo_lidar_converter/share/holo_lidar_converter/environment/ament_prefix_path.dsv
-- Symlinking: /home/haru/Documents/honrobo_2026/install/holo_lidar_converter/share/holo_lidar_converter/environment/path.sh
-- Symlinking: /home/haru/Documents/honrobo_2026/install/holo_lidar_converter/share/holo_lidar_converter/environment/path.dsv
-- Symlinking: /home/haru/Documents/honrobo_2026/install/holo_lidar_converter/share/holo_lidar_converter/local_setup.bash
-- Symlinking: /home/haru/Documents/honrobo_2026/install/holo_lidar_converter/share/holo_lidar_converter/local_setup.sh
-- Symlinking: /home/haru/Documents/honrobo_2026/install/holo_lidar_converter/share/holo_lidar_converter/local_setup.zsh
-- Symlinking: /home/haru/Documents/honrobo_2026/install/holo_lidar_converter/share/holo_lidar_converter/local_setup.dsv
-- Symlinking: /home/haru/Documents/honrobo_2026/install/holo_lidar_converter/share/holo_lidar_converter/package.dsv
-- Symlinking: /home/haru/Documents/honrobo_2026/install/holo_lidar_converter/share/ament_index/resource_index/packages/holo_lidar_converter
-- Symlinking: /home/haru/Documents/honrobo_2026/install/holo_lidar_converter/share/ament_index/resource_index/rclcpp_components/holo_lidar_converter
-- Symlinking: /home/haru/Documents/honrobo_2026/install/holo_lidar_converter/share/holo_lidar_converter/cmake/ament_cmake_export_dependencies-extras.cmake
-- Symlinking: /home/haru/Documents/honrobo_2026/install/holo_lidar_converter/share/holo_lidar_converter/cmake/ament_cmake_export_include_directories-extras.cmake
-- Symlinking: /home/haru/Documents/honrobo_2026/install/holo_lidar_converter/share/holo_lidar_converter/cmake/ament_cmake_export_libraries-extras.cmake
-- Symlinking: /home/haru/Documents/honrobo_2026/install/holo_lidar_converter/share/holo_lidar_converter/cmake/holo_lidar_converterConfig.cmake
-- Symlinking: /home/haru/Documents/honrobo_2026/install/holo_lidar_converter/share/holo_lidar_converter/cmake/holo_lidar_converterConfig-version.cmake
-- Symlinking: /home/haru/Documents/honrobo_2026/install/holo_lidar_converter/share/holo_lidar_converter/package.xml
