[0.012s] Invoking command in '/home/haru/Documents/honrobo_2026/build/holo_lidar_converter': CMAKE_PREFIX_PATH=/opt/ros/humble /usr/bin/cmake /home/haru/Documents/honrobo_2026/src/holo_lidar_converter -DAMENT_CMAKE_SYMLINK_INSTALL=1 -DCMAKE_INSTALL_PREFIX=/home/haru/Documents/honrobo_2026/install/holo_lidar_converter
[0.227s] -- The C compiler identification is GNU 11.4.0
[0.227s] -- The CXX compiler identification is GNU 11.4.0
[0.227s] -- Detecting C compiler ABI info
[0.227s] -- Detecting C compiler ABI info - done
[0.227s] -- Check for working C compiler: /usr/bin/cc - skipped
[0.227s] -- Detecting C compile features
[0.227s] -- Detecting C compile features - done
[0.227s] -- Detecting CXX compiler ABI info
[0.264s] -- Detecting CXX compiler ABI info - done
[0.269s] -- Check for working CXX compiler: /usr/bin/c++ - skipped
[0.269s] -- Detecting CXX compile features
[0.269s] -- Detecting CXX compile features - done
[0.271s] -- Found ament_cmake_auto: 1.3.14 (/opt/ros/humble/share/ament_cmake_auto/cmake)
[0.595s] -- Found Python3: /usr/bin/python3 (found version "3.10.12") found components: Interpreter 
[0.649s] -- Override CMake install command with custom implementation using symlinks instead of copying resources
[0.765s] -- Found rosidl_generator_c: 3.1.8 (/opt/ros/humble/share/rosidl_generator_c/cmake)
[0.770s] -- Found rosidl_adapter: 3.1.8 (/opt/ros/humble/share/rosidl_adapter/cmake)
[0.778s] -- Found rosidl_generator_cpp: 3.1.8 (/opt/ros/humble/share/rosidl_generator_cpp/cmake)
[0.789s] -- Using all available rosidl_typesupport_c: rosidl_typesupport_fastrtps_c;rosidl_typesupport_introspection_c
[0.803s] -- Using all available rosidl_typesupport_cpp: rosidl_typesupport_fastrtps_cpp;rosidl_typesupport_introspection_cpp
[0.842s] -- Found rmw_implementation_cmake: 6.1.2 (/opt/ros/humble/share/rmw_implementation_cmake/cmake)
[0.845s] -- Found rmw_fastrtps_cpp: 6.2.10 (/opt/ros/humble/share/rmw_fastrtps_cpp/cmake)
[0.928s] -- Found OpenSSL: /usr/lib/x86_64-linux-gnu/libcrypto.so (found version "3.0.2")  
[0.961s] -- Found FastRTPS: /opt/ros/humble/include  
[1.004s] -- Using RMW implementation 'rmw_fastrtps_cpp' as default
[1.013s] -- Looking for pthread.h
[1.084s] -- Looking for pthread.h - found
[1.084s] -- Performing Test CMAKE_HAVE_LIBC_PTHREAD
[1.159s] -- Performing Test CMAKE_HAVE_LIBC_PTHREAD - Success
[1.160s] -- Found Threads: TRUE  
[1.386s] -- Configuring done
[1.409s] -- Generating done
[1.415s] -- Build files have been written to: /home/haru/Documents/honrobo_2026/build/holo_lidar_converter
[1.428s] Invoked command in '/home/haru/Documents/honrobo_2026/build/holo_lidar_converter' returned '0': CMAKE_PREFIX_PATH=/opt/ros/humble /usr/bin/cmake /home/haru/Documents/honrobo_2026/src/holo_lidar_converter -DAMENT_CMAKE_SYMLINK_INSTALL=1 -DCMAKE_INSTALL_PREFIX=/home/haru/Documents/honrobo_2026/install/holo_lidar_converter
[1.429s] Invoking command in '/home/haru/Documents/honrobo_2026/build/holo_lidar_converter': CMAKE_PREFIX_PATH=/opt/ros/humble /usr/bin/cmake --build /home/haru/Documents/honrobo_2026/build/holo_lidar_converter -- -j12 -l12
[1.486s] [ 57%] Building CXX object CMakeFiles/laserscan_to_pointcloud2.dir/rclcpp_components/node_main_laserscan_to_pointcloud2.cpp.o
[1.486s] [ 57%] Building CXX object CMakeFiles/holo_lidar_converter.dir/src/pointcloud2_to_laserscan.cpp.o
[1.486s] [ 57%] Building CXX object CMakeFiles/pointcloud2_to_laserscan.dir/rclcpp_components/node_main_pointcloud2_to_laserscan.cpp.o
[1.486s] [ 57%] Building CXX object CMakeFiles/holo_lidar_converter.dir/src/laserscan_to_pointcloud2.cpp.o
[5.535s] [ 71%] Linking CXX executable laserscan_to_pointcloud2
[5.725s] [ 71%] Built target laserscan_to_pointcloud2
[6.706s] [ 85%] Linking CXX executable pointcloud2_to_laserscan
[6.845s] [ 85%] Built target pointcloud2_to_laserscan
[14.548s] [100%] Linking CXX shared library libholo_lidar_converter.so
[15.302s] [100%] Built target holo_lidar_converter
[15.315s] Invoked command in '/home/haru/Documents/honrobo_2026/build/holo_lidar_converter' returned '0': CMAKE_PREFIX_PATH=/opt/ros/humble /usr/bin/cmake --build /home/haru/Documents/honrobo_2026/build/holo_lidar_converter -- -j12 -l12
[15.327s] Invoking command in '/home/haru/Documents/honrobo_2026/build/holo_lidar_converter': CMAKE_PREFIX_PATH=/opt/ros/humble /usr/bin/cmake --install /home/haru/Documents/honrobo_2026/build/holo_lidar_converter
[15.336s] -- Install configuration: ""
[15.336s] -- Execute custom install script
[15.336s] -- Symlinking: /home/haru/Documents/honrobo_2026/install/holo_lidar_converter/lib/holo_lidar_converter/laserscan_to_pointcloud2
[15.347s] -- Symlinking: /home/haru/Documents/honrobo_2026/install/holo_lidar_converter/lib/holo_lidar_converter/pointcloud2_to_laserscan
[15.359s] -- Symlinking: /home/haru/Documents/honrobo_2026/install/holo_lidar_converter/include/holo_lidar_converter/holo_lidar_converter/laserscan_to_pointcloud2.hpp
[15.370s] -- Symlinking: /home/haru/Documents/honrobo_2026/install/holo_lidar_converter/include/holo_lidar_converter/holo_lidar_converter/pointcloud2_to_laserscan.hpp
[15.381s] -- Symlinking: /home/haru/Documents/honrobo_2026/install/holo_lidar_converter/share/holo_lidar_converter/environment/library_path.sh
[15.393s] -- Symlinking: /home/haru/Documents/honrobo_2026/install/holo_lidar_converter/share/holo_lidar_converter/environment/library_path.dsv
[15.404s] -- Symlinking: /home/haru/Documents/honrobo_2026/install/holo_lidar_converter/lib/libholo_lidar_converter.so
[15.416s] -- Symlinking: /home/haru/Documents/honrobo_2026/install/holo_lidar_converter/share/ament_index/resource_index/package_run_dependencies/holo_lidar_converter
[15.426s] -- Symlinking: /home/haru/Documents/honrobo_2026/install/holo_lidar_converter/share/ament_index/resource_index/parent_prefix_path/holo_lidar_converter
[15.436s] -- Symlinking: /home/haru/Documents/honrobo_2026/install/holo_lidar_converter/share/holo_lidar_converter/environment/ament_prefix_path.sh
[15.446s] -- Symlinking: /home/haru/Documents/honrobo_2026/install/holo_lidar_converter/share/holo_lidar_converter/environment/ament_prefix_path.dsv
[15.457s] -- Symlinking: /home/haru/Documents/honrobo_2026/install/holo_lidar_converter/share/holo_lidar_converter/environment/path.sh
[15.468s] -- Symlinking: /home/haru/Documents/honrobo_2026/install/holo_lidar_converter/share/holo_lidar_converter/environment/path.dsv
[15.478s] -- Symlinking: /home/haru/Documents/honrobo_2026/install/holo_lidar_converter/share/holo_lidar_converter/local_setup.bash
[15.489s] -- Symlinking: /home/haru/Documents/honrobo_2026/install/holo_lidar_converter/share/holo_lidar_converter/local_setup.sh
[15.500s] -- Symlinking: /home/haru/Documents/honrobo_2026/install/holo_lidar_converter/share/holo_lidar_converter/local_setup.zsh
[15.511s] -- Symlinking: /home/haru/Documents/honrobo_2026/install/holo_lidar_converter/share/holo_lidar_converter/local_setup.dsv
[15.521s] -- Symlinking: /home/haru/Documents/honrobo_2026/install/holo_lidar_converter/share/holo_lidar_converter/package.dsv
[15.531s] -- Symlinking: /home/haru/Documents/honrobo_2026/install/holo_lidar_converter/share/ament_index/resource_index/packages/holo_lidar_converter
[15.542s] -- Symlinking: /home/haru/Documents/honrobo_2026/install/holo_lidar_converter/share/ament_index/resource_index/rclcpp_components/holo_lidar_converter
[15.553s] -- Symlinking: /home/haru/Documents/honrobo_2026/install/holo_lidar_converter/share/holo_lidar_converter/cmake/ament_cmake_export_dependencies-extras.cmake
[15.564s] -- Symlinking: /home/haru/Documents/honrobo_2026/install/holo_lidar_converter/share/holo_lidar_converter/cmake/ament_cmake_export_include_directories-extras.cmake
[15.574s] -- Symlinking: /home/haru/Documents/honrobo_2026/install/holo_lidar_converter/share/holo_lidar_converter/cmake/ament_cmake_export_libraries-extras.cmake
[15.585s] -- Symlinking: /home/haru/Documents/honrobo_2026/install/holo_lidar_converter/share/holo_lidar_converter/cmake/holo_lidar_converterConfig.cmake
[15.596s] -- Symlinking: /home/haru/Documents/honrobo_2026/install/holo_lidar_converter/share/holo_lidar_converter/cmake/holo_lidar_converterConfig-version.cmake
[15.607s] -- Symlinking: /home/haru/Documents/honrobo_2026/install/holo_lidar_converter/share/holo_lidar_converter/package.xml
[15.621s] Invoked command in '/home/haru/Documents/honrobo_2026/build/holo_lidar_converter' returned '0': CMAKE_PREFIX_PATH=/opt/ros/humble /usr/bin/cmake --install /home/haru/Documents/honrobo_2026/build/holo_lidar_converter
