[0.017s] Invoking command in '/home/haru/Documents/honrobo_2026/build/fast_nav_cpp': CMAKE_PREFIX_PATH=/opt/ros/humble /usr/bin/cmake --build /home/haru/Documents/honrobo_2026/build/fast_nav_cpp -- -j12 -l12
[0.212s] Consolidate compiler generated dependencies of target fast_nav_node
[0.212s] [100%] Built target fast_nav_node
[0.224s] Invoked command in '/home/haru/Documents/honrobo_2026/build/fast_nav_cpp' returned '0': CMAKE_PREFIX_PATH=/opt/ros/humble /usr/bin/cmake --build /home/haru/Documents/honrobo_2026/build/fast_nav_cpp -- -j12 -l12
[0.225s] Invoking command in '/home/haru/Documents/honrobo_2026/build/fast_nav_cpp': CMAKE_PREFIX_PATH=/opt/ros/humble /usr/bin/cmake --install /home/haru/Documents/honrobo_2026/build/fast_nav_cpp
[0.231s] -- Install configuration: ""
[0.231s] -- Execute custom install script
[0.232s] -- Up-to-date symlink: /home/haru/Documents/honrobo_2026/install/fast_nav_cpp/lib/fast_nav_cpp/fast_nav_node
[0.232s] -- Up-to-date symlink: /home/haru/Documents/honrobo_2026/install/fast_nav_cpp/share/ament_index/resource_index/package_run_dependencies/fast_nav_cpp
[0.232s] -- Up-to-date symlink: /home/haru/Documents/honrobo_2026/install/fast_nav_cpp/share/ament_index/resource_index/parent_prefix_path/fast_nav_cpp
[0.232s] -- Up-to-date symlink: /home/haru/Documents/honrobo_2026/install/fast_nav_cpp/share/fast_nav_cpp/environment/ament_prefix_path.sh
[0.233s] -- Up-to-date symlink: /home/haru/Documents/honrobo_2026/install/fast_nav_cpp/share/fast_nav_cpp/environment/ament_prefix_path.dsv
[0.233s] -- Up-to-date symlink: /home/haru/Documents/honrobo_2026/install/fast_nav_cpp/share/fast_nav_cpp/environment/path.sh
[0.233s] -- Up-to-date symlink: /home/haru/Documents/honrobo_2026/install/fast_nav_cpp/share/fast_nav_cpp/environment/path.dsv
[0.233s] -- Up-to-date symlink: /home/haru/Documents/honrobo_2026/install/fast_nav_cpp/share/fast_nav_cpp/local_setup.bash
[0.233s] -- Up-to-date symlink: /home/haru/Documents/honrobo_2026/install/fast_nav_cpp/share/fast_nav_cpp/local_setup.sh
[0.233s] -- Up-to-date symlink: /home/haru/Documents/honrobo_2026/install/fast_nav_cpp/share/fast_nav_cpp/local_setup.zsh
[0.233s] -- Up-to-date symlink: /home/haru/Documents/honrobo_2026/install/fast_nav_cpp/share/fast_nav_cpp/local_setup.dsv
[0.233s] -- Symlinking: /home/haru/Documents/honrobo_2026/install/fast_nav_cpp/share/fast_nav_cpp/package.dsv
[0.243s] -- Up-to-date symlink: /home/haru/Documents/honrobo_2026/install/fast_nav_cpp/share/ament_index/resource_index/packages/fast_nav_cpp
[0.243s] -- Up-to-date symlink: /home/haru/Documents/honrobo_2026/install/fast_nav_cpp/share/fast_nav_cpp/cmake/fast_nav_cppConfig.cmake
[0.243s] -- Up-to-date symlink: /home/haru/Documents/honrobo_2026/install/fast_nav_cpp/share/fast_nav_cpp/cmake/fast_nav_cppConfig-version.cmake
[0.243s] -- Up-to-date symlink: /home/haru/Documents/honrobo_2026/install/fast_nav_cpp/share/fast_nav_cpp/package.xml
[0.245s] Invoked command in '/home/haru/Documents/honrobo_2026/build/fast_nav_cpp' returned '0': CMAKE_PREFIX_PATH=/opt/ros/humble /usr/bin/cmake --install /home/haru/Documents/honrobo_2026/build/fast_nav_cpp
