[0.631s] Invoking command in '/home/haru/Documents/honrobo_2026/build/honrobo_pkg': PYTHONPATH=/home/haru/Documents/honrobo_2026/build/honrobo_pkg/prefix_override:/usr/lib/python3/dist-packages/colcon_core/task/python/colcon_distutils_commands:/home/haru/Documents/honrobo_2026/install/honrobo_pkg/lib/python3.10/site-packages:${PYTHONPATH} /usr/bin/python3 -W ignore:setup.py install is deprecated -W ignore:easy_install command is deprecated setup.py develop --editable --build-directory /home/haru/Documents/honrobo_2026/build/honrobo_pkg/build --no-deps symlink_data
[0.881s] running develop
[1.057s] running egg_info
[1.069s] writing honrobo_pkg.egg-info/PKG-INFO
[1.070s] writing dependency_links to honrobo_pkg.egg-info/dependency_links.txt
[1.070s] writing entry points to honrobo_pkg.egg-info/entry_points.txt
[1.070s] writing requirements to honrobo_pkg.egg-info/requires.txt
[1.071s] writing top-level names to honrobo_pkg.egg-info/top_level.txt
[1.096s] reading manifest file 'honrobo_pkg.egg-info/SOURCES.txt'
[1.097s] writing manifest file 'honrobo_pkg.egg-info/SOURCES.txt'
[1.110s] running build_ext
[1.110s] Creating /home/haru/Documents/honrobo_2026/install/honrobo_pkg/lib/python3.10/site-packages/honrobo-pkg.egg-link (link to .)
[1.111s] Installing can_node script to /home/haru/Documents/honrobo_2026/install/honrobo_pkg/lib/honrobo_pkg
[1.111s] Installing monitor_node script to /home/haru/Documents/honrobo_2026/install/honrobo_pkg/lib/honrobo_pkg
[1.111s] Installing nav_gui script to /home/haru/Documents/honrobo_2026/install/honrobo_pkg/lib/honrobo_pkg
[1.111s] Installing ps4_node script to /home/haru/Documents/honrobo_2026/install/honrobo_pkg/lib/honrobo_pkg
[1.112s] Installing roboware_node script to /home/haru/Documents/honrobo_2026/install/honrobo_pkg/lib/honrobo_pkg
[1.112s] Installing scan_filter script to /home/haru/Documents/honrobo_2026/install/honrobo_pkg/lib/honrobo_pkg
[1.112s] Installing web_node script to /home/haru/Documents/honrobo_2026/install/honrobo_pkg/lib/honrobo_pkg
[1.112s] Installing zikoiti_node script to /home/haru/Documents/honrobo_2026/install/honrobo_pkg/lib/honrobo_pkg
[1.112s] 
[1.112s] Installed /home/haru/Documents/honrobo_2026/build/honrobo_pkg
[1.112s] running symlink_data
[1.139s] Invoked command in '/home/haru/Documents/honrobo_2026/build/honrobo_pkg' returned '0': PYTHONPATH=/home/haru/Documents/honrobo_2026/build/honrobo_pkg/prefix_override:/usr/lib/python3/dist-packages/colcon_core/task/python/colcon_distutils_commands:/home/haru/Documents/honrobo_2026/install/honrobo_pkg/lib/python3.10/site-packages:${PYTHONPATH} /usr/bin/python3 -W ignore:setup.py install is deprecated -W ignore:easy_install command is deprecated setup.py develop --editable --build-directory /home/haru/Documents/honrobo_2026/build/honrobo_pkg/build --no-deps symlink_data
