[0.142s] DEBUG:colcon:Command line arguments: ['/usr/bin/colcon', 'build', '--symlink-install']
[0.142s] DEBUG:colcon:Parsed command line arguments: Namespace(log_base=None, log_level=None, verb_name='build', build_base='build', install_base='install', merge_install=False, symlink_install=True, test_result_base=None, continue_on_error=False, executor='parallel', parallel_workers=12, event_handlers=None, ignore_user_meta=False, metas=['./colcon.meta'], base_paths=['.'], packages_ignore=None, packages_ignore_regex=None, paths=None, packages_up_to=None, packages_up_to_regex=None, packages_above=None, packages_above_and_dependencies=None, packages_above_depth=None, packages_select_by_dep=None, packages_skip_by_dep=None, packages_skip_up_to=None, packages_select_build_failed=False, packages_skip_build_finished=False, packages_select_test_failures=False, packages_skip_test_passed=False, packages_select=None, packages_skip=None, packages_select_regex=None, packages_skip_regex=None, packages_start=None, packages_end=None, allow_overriding=[], cmake_args=None, cmake_target=None, cmake_target_skip_unavailable=False, cmake_clean_cache=False, cmake_clean_first=False, cmake_force_configure=False, ament_cmake_args=None, catkin_cmake_args=None, catkin_skip_building_tests=False, verb_parser=<colcon_defaults.argument_parser.defaults.DefaultArgumentsDecorator object at 0x73810996e800>, verb_extension=<colcon_core.verb.build.BuildVerb object at 0x73810996df30>, main=<bound method BuildVerb.main of <colcon_core.verb.build.BuildVerb object at 0x73810996df30>>)
[0.187s] Level 1:colcon.colcon_core.package_discovery:discover_packages(colcon_meta) check parameters
[0.188s] Level 1:colcon.colcon_core.package_discovery:discover_packages(recursive) check parameters
[0.188s] Level 1:colcon.colcon_core.package_discovery:discover_packages(ignore) check parameters
[0.188s] Level 1:colcon.colcon_core.package_discovery:discover_packages(path) check parameters
[0.188s] Level 1:colcon.colcon_core.package_discovery:discover_packages(colcon_meta) discover
[0.188s] Level 1:colcon.colcon_core.package_discovery:discover_packages(recursive) discover
[0.188s] INFO:colcon.colcon_core.package_discovery:Crawling recursively for packages in '/home/haru/Documents/honrobo_2026'
[0.188s] Level 1:colcon.colcon_core.package_identification:_identify(.) by extensions ['ignore', 'ignore_ament_install']
[0.188s] Level 1:colcon.colcon_core.package_identification:_identify(.) by extension 'ignore'
[0.188s] Level 1:colcon.colcon_core.package_identification:_identify(.) by extension 'ignore_ament_install'
[0.188s] Level 1:colcon.colcon_core.package_identification:_identify(.) by extensions ['colcon_pkg']
[0.188s] Level 1:colcon.colcon_core.package_identification:_identify(.) by extension 'colcon_pkg'
[0.188s] Level 1:colcon.colcon_core.package_identification:_identify(.) by extensions ['colcon_meta']
[0.188s] Level 1:colcon.colcon_core.package_identification:_identify(.) by extension 'colcon_meta'
[0.188s] Level 1:colcon.colcon_core.package_identification:_identify(.) by extensions ['ros']
[0.188s] Level 1:colcon.colcon_core.package_identification:_identify(.) by extension 'ros'
[0.206s] Level 1:colcon.colcon_core.package_identification:_identify(.) by extensions ['cmake', 'python']
[0.206s] Level 1:colcon.colcon_core.package_identification:_identify(.) by extension 'cmake'
[0.206s] Level 1:colcon.colcon_core.package_identification:_identify(.) by extension 'python'
[0.206s] Level 1:colcon.colcon_core.package_identification:_identify(.) by extensions ['python_setup_py']
[0.206s] Level 1:colcon.colcon_core.package_identification:_identify(.) by extension 'python_setup_py'
[0.206s] Level 1:colcon.colcon_core.package_identification:_identify(build) by extensions ['ignore', 'ignore_ament_install']
[0.206s] Level 1:colcon.colcon_core.package_identification:_identify(build) by extension 'ignore'
[0.206s] Level 1:colcon.colcon_core.package_identification:_identify(build) ignored
[0.207s] Level 1:colcon.colcon_core.package_identification:_identify(install) by extensions ['ignore', 'ignore_ament_install']
[0.207s] Level 1:colcon.colcon_core.package_identification:_identify(install) by extension 'ignore'
[0.207s] Level 1:colcon.colcon_core.package_identification:_identify(install) ignored
[0.207s] Level 1:colcon.colcon_core.package_identification:_identify(log) by extensions ['ignore', 'ignore_ament_install']
[0.207s] Level 1:colcon.colcon_core.package_identification:_identify(log) by extension 'ignore'
[0.207s] Level 1:colcon.colcon_core.package_identification:_identify(log) ignored
[0.207s] Level 1:colcon.colcon_core.package_identification:_identify(scripts) by extensions ['ignore', 'ignore_ament_install']
[0.207s] Level 1:colcon.colcon_core.package_identification:_identify(scripts) by extension 'ignore'
[0.207s] Level 1:colcon.colcon_core.package_identification:_identify(scripts) by extension 'ignore_ament_install'
[0.207s] Level 1:colcon.colcon_core.package_identification:_identify(scripts) by extensions ['colcon_pkg']
[0.207s] Level 1:colcon.colcon_core.package_identification:_identify(scripts) by extension 'colcon_pkg'
[0.208s] Level 1:colcon.colcon_core.package_identification:_identify(scripts) by extensions ['colcon_meta']
[0.208s] Level 1:colcon.colcon_core.package_identification:_identify(scripts) by extension 'colcon_meta'
[0.208s] Level 1:colcon.colcon_core.package_identification:_identify(scripts) by extensions ['ros']
[0.208s] Level 1:colcon.colcon_core.package_identification:_identify(scripts) by extension 'ros'
[0.208s] Level 1:colcon.colcon_core.package_identification:_identify(scripts) by extensions ['cmake', 'python']
[0.208s] Level 1:colcon.colcon_core.package_identification:_identify(scripts) by extension 'cmake'
[0.208s] Level 1:colcon.colcon_core.package_identification:_identify(scripts) by extension 'python'
[0.208s] Level 1:colcon.colcon_core.package_identification:_identify(scripts) by extensions ['python_setup_py']
[0.208s] Level 1:colcon.colcon_core.package_identification:_identify(scripts) by extension 'python_setup_py'
[0.208s] Level 1:colcon.colcon_core.package_identification:_identify(src) by extensions ['ignore', 'ignore_ament_install']
[0.208s] Level 1:colcon.colcon_core.package_identification:_identify(src) by extension 'ignore'
[0.208s] Level 1:colcon.colcon_core.package_identification:_identify(src) by extension 'ignore_ament_install'
[0.208s] Level 1:colcon.colcon_core.package_identification:_identify(src) by extensions ['colcon_pkg']
[0.208s] Level 1:colcon.colcon_core.package_identification:_identify(src) by extension 'colcon_pkg'
[0.208s] Level 1:colcon.colcon_core.package_identification:_identify(src) by extensions ['colcon_meta']
[0.208s] Level 1:colcon.colcon_core.package_identification:_identify(src) by extension 'colcon_meta'
[0.208s] Level 1:colcon.colcon_core.package_identification:_identify(src) by extensions ['ros']
[0.208s] Level 1:colcon.colcon_core.package_identification:_identify(src) by extension 'ros'
[0.208s] Level 1:colcon.colcon_core.package_identification:_identify(src) by extensions ['cmake', 'python']
[0.209s] Level 1:colcon.colcon_core.package_identification:_identify(src) by extension 'cmake'
[0.209s] Level 1:colcon.colcon_core.package_identification:_identify(src) by extension 'python'
[0.209s] Level 1:colcon.colcon_core.package_identification:_identify(src) by extensions ['python_setup_py']
[0.209s] Level 1:colcon.colcon_core.package_identification:_identify(src) by extension 'python_setup_py'
[0.209s] Level 1:colcon.colcon_core.package_identification:_identify(src/fast_nav_cpp) by extensions ['ignore', 'ignore_ament_install']
[0.209s] Level 1:colcon.colcon_core.package_identification:_identify(src/fast_nav_cpp) by extension 'ignore'
[0.209s] Level 1:colcon.colcon_core.package_identification:_identify(src/fast_nav_cpp) by extension 'ignore_ament_install'
[0.209s] Level 1:colcon.colcon_core.package_identification:_identify(src/fast_nav_cpp) by extensions ['colcon_pkg']
[0.209s] Level 1:colcon.colcon_core.package_identification:_identify(src/fast_nav_cpp) by extension 'colcon_pkg'
[0.209s] Level 1:colcon.colcon_core.package_identification:_identify(src/fast_nav_cpp) by extensions ['colcon_meta']
[0.209s] Level 1:colcon.colcon_core.package_identification:_identify(src/fast_nav_cpp) by extension 'colcon_meta'
[0.209s] Level 1:colcon.colcon_core.package_identification:_identify(src/fast_nav_cpp) by extensions ['ros']
[0.209s] Level 1:colcon.colcon_core.package_identification:_identify(src/fast_nav_cpp) by extension 'ros'
[0.212s] DEBUG:colcon.colcon_core.package_identification:Package 'src/fast_nav_cpp' with type 'ros.ament_cmake' and name 'fast_nav_cpp'
[0.213s] Level 1:colcon.colcon_core.package_identification:_identify(src/holo_lidar_converter) by extensions ['ignore', 'ignore_ament_install']
[0.213s] Level 1:colcon.colcon_core.package_identification:_identify(src/holo_lidar_converter) by extension 'ignore'
[0.213s] Level 1:colcon.colcon_core.package_identification:_identify(src/holo_lidar_converter) by extension 'ignore_ament_install'
[0.213s] Level 1:colcon.colcon_core.package_identification:_identify(src/holo_lidar_converter) by extensions ['colcon_pkg']
[0.213s] Level 1:colcon.colcon_core.package_identification:_identify(src/holo_lidar_converter) by extension 'colcon_pkg'
[0.213s] Level 1:colcon.colcon_core.package_identification:_identify(src/holo_lidar_converter) by extensions ['colcon_meta']
[0.213s] Level 1:colcon.colcon_core.package_identification:_identify(src/holo_lidar_converter) by extension 'colcon_meta'
[0.213s] Level 1:colcon.colcon_core.package_identification:_identify(src/holo_lidar_converter) by extensions ['ros']
[0.213s] Level 1:colcon.colcon_core.package_identification:_identify(src/holo_lidar_converter) by extension 'ros'
[0.214s] DEBUG:colcon.colcon_core.package_identification:Package 'src/holo_lidar_converter' with type 'ros.ament_cmake' and name 'holo_lidar_converter'
[0.214s] Level 1:colcon.colcon_core.package_identification:_identify(src/holo_mcl) by extensions ['ignore', 'ignore_ament_install']
[0.214s] Level 1:colcon.colcon_core.package_identification:_identify(src/holo_mcl) by extension 'ignore'
[0.214s] Level 1:colcon.colcon_core.package_identification:_identify(src/holo_mcl) by extension 'ignore_ament_install'
[0.214s] Level 1:colcon.colcon_core.package_identification:_identify(src/holo_mcl) by extensions ['colcon_pkg']
[0.214s] Level 1:colcon.colcon_core.package_identification:_identify(src/holo_mcl) by extension 'colcon_pkg'
[0.214s] Level 1:colcon.colcon_core.package_identification:_identify(src/holo_mcl) by extensions ['colcon_meta']
[0.215s] Level 1:colcon.colcon_core.package_identification:_identify(src/holo_mcl) by extension 'colcon_meta'
[0.215s] Level 1:colcon.colcon_core.package_identification:_identify(src/holo_mcl) by extensions ['ros']
[0.215s] Level 1:colcon.colcon_core.package_identification:_identify(src/holo_mcl) by extension 'ros'
[0.216s] DEBUG:colcon.colcon_core.package_identification:Package 'src/holo_mcl' with type 'ros.ament_cmake' and name 'holo_mcl'
[0.216s] Level 1:colcon.colcon_core.package_identification:_identify(src/honrobo_pkg) by extensions ['ignore', 'ignore_ament_install']
[0.216s] Level 1:colcon.colcon_core.package_identification:_identify(src/honrobo_pkg) by extension 'ignore'
[0.216s] Level 1:colcon.colcon_core.package_identification:_identify(src/honrobo_pkg) by extension 'ignore_ament_install'
[0.216s] Level 1:colcon.colcon_core.package_identification:_identify(src/honrobo_pkg) by extensions ['colcon_pkg']
[0.216s] Level 1:colcon.colcon_core.package_identification:_identify(src/honrobo_pkg) by extension 'colcon_pkg'
[0.216s] Level 1:colcon.colcon_core.package_identification:_identify(src/honrobo_pkg) by extensions ['colcon_meta']
[0.216s] Level 1:colcon.colcon_core.package_identification:_identify(src/honrobo_pkg) by extension 'colcon_meta'
[0.216s] Level 1:colcon.colcon_core.package_identification:_identify(src/honrobo_pkg) by extensions ['ros']
[0.216s] Level 1:colcon.colcon_core.package_identification:_identify(src/honrobo_pkg) by extension 'ros'
[0.217s] DEBUG:colcon.colcon_core.package_identification:Package 'src/honrobo_pkg' with type 'ros.ament_python' and name 'honrobo_pkg'
[0.217s] Level 1:colcon.colcon_core.package_discovery:discover_packages(recursive) using defaults
[0.217s] Level 1:colcon.colcon_core.package_discovery:discover_packages(ignore) discover
[0.217s] Level 1:colcon.colcon_core.package_discovery:discover_packages(ignore) using defaults
[0.217s] Level 1:colcon.colcon_core.package_discovery:discover_packages(path) discover
[0.218s] Level 1:colcon.colcon_core.package_discovery:discover_packages(path) using defaults
[0.242s] Level 1:colcon.colcon_core.package_discovery:discover_packages(prefix_path) check parameters
[0.243s] Level 1:colcon.colcon_core.package_discovery:discover_packages(prefix_path) discover
[0.246s] DEBUG:colcon.colcon_installed_package_information.package_discovery:Found 430 installed packages in /opt/ros/humble
[0.248s] Level 1:colcon.colcon_core.package_discovery:discover_packages(prefix_path) using defaults
[0.305s] Level 5:colcon.colcon_core.verb:set package 'fast_nav_cpp' build argument 'cmake_args' from command line to 'None'
[0.305s] Level 5:colcon.colcon_core.verb:set package 'fast_nav_cpp' build argument 'cmake_target' from command line to 'None'
[0.305s] Level 5:colcon.colcon_core.verb:set package 'fast_nav_cpp' build argument 'cmake_target_skip_unavailable' from command line to 'False'
[0.305s] Level 5:colcon.colcon_core.verb:set package 'fast_nav_cpp' build argument 'cmake_clean_cache' from command line to 'False'
[0.305s] Level 5:colcon.colcon_core.verb:set package 'fast_nav_cpp' build argument 'cmake_clean_first' from command line to 'False'
[0.305s] Level 5:colcon.colcon_core.verb:set package 'fast_nav_cpp' build argument 'cmake_force_configure' from command line to 'False'
[0.305s] Level 5:colcon.colcon_core.verb:set package 'fast_nav_cpp' build argument 'ament_cmake_args' from command line to 'None'
[0.305s] Level 5:colcon.colcon_core.verb:set package 'fast_nav_cpp' build argument 'catkin_cmake_args' from command line to 'None'
[0.305s] Level 5:colcon.colcon_core.verb:set package 'fast_nav_cpp' build argument 'catkin_skip_building_tests' from command line to 'False'
[0.306s] DEBUG:colcon.colcon_core.verb:Building package 'fast_nav_cpp' with the following arguments: {'ament_cmake_args': None, 'build_base': '/home/haru/Documents/honrobo_2026/build/fast_nav_cpp', 'catkin_cmake_args': None, 'catkin_skip_building_tests': False, 'cmake_args': None, 'cmake_clean_cache': False, 'cmake_clean_first': False, 'cmake_force_configure': False, 'cmake_target': None, 'cmake_target_skip_unavailable': False, 'install_base': '/home/haru/Documents/honrobo_2026/install/fast_nav_cpp', 'merge_install': False, 'path': '/home/haru/Documents/honrobo_2026/src/fast_nav_cpp', 'symlink_install': True, 'test_result_base': None}
[0.306s] Level 5:colcon.colcon_core.verb:set package 'holo_lidar_converter' build argument 'cmake_args' from command line to 'None'
[0.306s] Level 5:colcon.colcon_core.verb:set package 'holo_lidar_converter' build argument 'cmake_target' from command line to 'None'
[0.306s] Level 5:colcon.colcon_core.verb:set package 'holo_lidar_converter' build argument 'cmake_target_skip_unavailable' from command line to 'False'
[0.306s] Level 5:colcon.colcon_core.verb:set package 'holo_lidar_converter' build argument 'cmake_clean_cache' from command line to 'False'
[0.306s] Level 5:colcon.colcon_core.verb:set package 'holo_lidar_converter' build argument 'cmake_clean_first' from command line to 'False'
[0.306s] Level 5:colcon.colcon_core.verb:set package 'holo_lidar_converter' build argument 'cmake_force_configure' from command line to 'False'
[0.306s] Level 5:colcon.colcon_core.verb:set package 'holo_lidar_converter' build argument 'ament_cmake_args' from command line to 'None'
[0.306s] Level 5:colcon.colcon_core.verb:set package 'holo_lidar_converter' build argument 'catkin_cmake_args' from command line to 'None'
[0.306s] Level 5:colcon.colcon_core.verb:set package 'holo_lidar_converter' build argument 'catkin_skip_building_tests' from command line to 'False'
[0.306s] DEBUG:colcon.colcon_core.verb:Building package 'holo_lidar_converter' with the following arguments: {'ament_cmake_args': None, 'build_base': '/home/haru/Documents/honrobo_2026/build/holo_lidar_converter', 'catkin_cmake_args': None, 'catkin_skip_building_tests': False, 'cmake_args': None, 'cmake_clean_cache': False, 'cmake_clean_first': False, 'cmake_force_configure': False, 'cmake_target': None, 'cmake_target_skip_unavailable': False, 'install_base': '/home/haru/Documents/honrobo_2026/install/holo_lidar_converter', 'merge_install': False, 'path': '/home/haru/Documents/honrobo_2026/src/holo_lidar_converter', 'symlink_install': True, 'test_result_base': None}
[0.306s] Level 5:colcon.colcon_core.verb:set package 'holo_mcl' build argument 'cmake_args' from command line to 'None'
[0.307s] Level 5:colcon.colcon_core.verb:set package 'holo_mcl' build argument 'cmake_target' from command line to 'None'
[0.307s] Level 5:colcon.colcon_core.verb:set package 'holo_mcl' build argument 'cmake_target_skip_unavailable' from command line to 'False'
[0.307s] Level 5:colcon.colcon_core.verb:set package 'holo_mcl' build argument 'cmake_clean_cache' from command line to 'False'
[0.307s] Level 5:colcon.colcon_core.verb:set package 'holo_mcl' build argument 'cmake_clean_first' from command line to 'False'
[0.307s] Level 5:colcon.colcon_core.verb:set package 'holo_mcl' build argument 'cmake_force_configure' from command line to 'False'
[0.307s] Level 5:colcon.colcon_core.verb:set package 'holo_mcl' build argument 'ament_cmake_args' from command line to 'None'
[0.307s] Level 5:colcon.colcon_core.verb:set package 'holo_mcl' build argument 'catkin_cmake_args' from command line to 'None'
[0.307s] Level 5:colcon.colcon_core.verb:set package 'holo_mcl' build argument 'catkin_skip_building_tests' from command line to 'False'
[0.307s] DEBUG:colcon.colcon_core.verb:Building package 'holo_mcl' with the following arguments: {'ament_cmake_args': None, 'build_base': '/home/haru/Documents/honrobo_2026/build/holo_mcl', 'catkin_cmake_args': None, 'catkin_skip_building_tests': False, 'cmake_args': None, 'cmake_clean_cache': False, 'cmake_clean_first': False, 'cmake_force_configure': False, 'cmake_target': None, 'cmake_target_skip_unavailable': False, 'install_base': '/home/haru/Documents/honrobo_2026/install/holo_mcl', 'merge_install': False, 'path': '/home/haru/Documents/honrobo_2026/src/holo_mcl', 'symlink_install': True, 'test_result_base': None}
[0.307s] Level 5:colcon.colcon_core.verb:set package 'honrobo_pkg' build argument 'cmake_args' from command line to 'None'
[0.307s] Level 5:colcon.colcon_core.verb:set package 'honrobo_pkg' build argument 'cmake_target' from command line to 'None'
[0.307s] Level 5:colcon.colcon_core.verb:set package 'honrobo_pkg' build argument 'cmake_target_skip_unavailable' from command line to 'False'
[0.307s] Level 5:colcon.colcon_core.verb:set package 'honrobo_pkg' build argument 'cmake_clean_cache' from command line to 'False'
[0.307s] Level 5:colcon.colcon_core.verb:set package 'honrobo_pkg' build argument 'cmake_clean_first' from command line to 'False'
[0.307s] Level 5:colcon.colcon_core.verb:set package 'honrobo_pkg' build argument 'cmake_force_configure' from command line to 'False'
[0.307s] Level 5:colcon.colcon_core.verb:set package 'honrobo_pkg' build argument 'ament_cmake_args' from command line to 'None'
[0.307s] Level 5:colcon.colcon_core.verb:set package 'honrobo_pkg' build argument 'catkin_cmake_args' from command line to 'None'
[0.307s] Level 5:colcon.colcon_core.verb:set package 'honrobo_pkg' build argument 'catkin_skip_building_tests' from command line to 'False'
[0.307s] DEBUG:colcon.colcon_core.verb:Building package 'honrobo_pkg' with the following arguments: {'ament_cmake_args': None, 'build_base': '/home/haru/Documents/honrobo_2026/build/honrobo_pkg', 'catkin_cmake_args': None, 'catkin_skip_building_tests': False, 'cmake_args': None, 'cmake_clean_cache': False, 'cmake_clean_first': False, 'cmake_force_configure': False, 'cmake_target': None, 'cmake_target_skip_unavailable': False, 'install_base': '/home/haru/Documents/honrobo_2026/install/honrobo_pkg', 'merge_install': False, 'path': '/home/haru/Documents/honrobo_2026/src/honrobo_pkg', 'symlink_install': True, 'test_result_base': None}
[0.307s] INFO:colcon.colcon_core.executor:Executing jobs using 'parallel' executor
[0.309s] DEBUG:colcon.colcon_parallel_executor.executor.parallel:run_until_complete
[0.309s] INFO:colcon.colcon_ros.task.ament_cmake.build:Building ROS package in '/home/haru/Documents/honrobo_2026/src/fast_nav_cpp' with build type 'ament_cmake'
[0.309s] INFO:colcon.colcon_cmake.task.cmake.build:Building CMake package in '/home/haru/Documents/honrobo_2026/src/fast_nav_cpp'
[0.312s] INFO:colcon.colcon_core.plugin_system:Skipping extension 'colcon_core.shell.bat': Not used on non-Windows systems
[0.312s] INFO:colcon.colcon_core.shell:Skip shell extension 'powershell' for command environment: Not usable outside of PowerShell
[0.312s] DEBUG:colcon.colcon_core.shell:Skip shell extension 'dsv' for command environment
[0.316s] INFO:colcon.colcon_ros.task.ament_cmake.build:Building ROS package in '/home/haru/Documents/honrobo_2026/src/holo_lidar_converter' with build type 'ament_cmake'
[0.317s] INFO:colcon.colcon_cmake.task.cmake.build:Building CMake package in '/home/haru/Documents/honrobo_2026/src/holo_lidar_converter'
[0.317s] INFO:colcon.colcon_core.shell:Skip shell extension 'powershell' for command environment: Not usable outside of PowerShell
[0.317s] DEBUG:colcon.colcon_core.shell:Skip shell extension 'dsv' for command environment
[0.321s] INFO:colcon.colcon_ros.task.ament_cmake.build:Building ROS package in '/home/haru/Documents/honrobo_2026/src/holo_mcl' with build type 'ament_cmake'
[0.321s] INFO:colcon.colcon_cmake.task.cmake.build:Building CMake package in '/home/haru/Documents/honrobo_2026/src/holo_mcl'
[0.321s] INFO:colcon.colcon_core.shell:Skip shell extension 'powershell' for command environment: Not usable outside of PowerShell
[0.321s] DEBUG:colcon.colcon_core.shell:Skip shell extension 'dsv' for command environment
[0.325s] INFO:colcon.colcon_ros.task.ament_python.build:Building ROS package in '/home/haru/Documents/honrobo_2026/src/honrobo_pkg' with build type 'ament_python'
[0.325s] Level 1:colcon.colcon_core.shell:create_environment_hook('honrobo_pkg', 'ament_prefix_path')
[0.325s] INFO:colcon.colcon_core.shell:Creating environment hook '/home/haru/Documents/honrobo_2026/install/honrobo_pkg/share/honrobo_pkg/hook/ament_prefix_path.ps1'
[0.326s] INFO:colcon.colcon_core.shell:Creating environment descriptor '/home/haru/Documents/honrobo_2026/install/honrobo_pkg/share/honrobo_pkg/hook/ament_prefix_path.dsv'
[0.326s] INFO:colcon.colcon_core.shell:Creating environment hook '/home/haru/Documents/honrobo_2026/install/honrobo_pkg/share/honrobo_pkg/hook/ament_prefix_path.sh'
[0.327s] INFO:colcon.colcon_core.shell:Skip shell extension 'powershell' for command environment: Not usable outside of PowerShell
[0.327s] DEBUG:colcon.colcon_core.shell:Skip shell extension 'dsv' for command environment
[0.336s] DEBUG:colcon.colcon_core.event_handler.log_command:Invoking command in '/home/haru/Documents/honrobo_2026/build/fast_nav_cpp': CMAKE_PREFIX_PATH=/opt/ros/humble /usr/bin/cmake --build /home/haru/Documents/honrobo_2026/build/fast_nav_cpp -- -j12 -l12
[0.339s] DEBUG:colcon.colcon_core.event_handler.log_command:Invoking command in '/home/haru/Documents/honrobo_2026/build/holo_lidar_converter': CMAKE_PREFIX_PATH=/opt/ros/humble /usr/bin/cmake --build /home/haru/Documents/honrobo_2026/build/holo_lidar_converter -- -j12 -l12
[0.344s] DEBUG:colcon.colcon_core.event_handler.log_command:Invoking command in '/home/haru/Documents/honrobo_2026/build/holo_mcl': CMAKE_PREFIX_PATH=/opt/ros/humble /usr/bin/cmake --build /home/haru/Documents/honrobo_2026/build/holo_mcl -- -j12 -l12
[0.645s] INFO:colcon.colcon_core.task.python.build:Building Python package in '/home/haru/Documents/honrobo_2026/src/honrobo_pkg'
[0.645s] INFO:colcon.colcon_core.shell:Skip shell extension 'powershell' for command environment: Not usable outside of PowerShell
[0.645s] DEBUG:colcon.colcon_core.shell:Skip shell extension 'dsv' for command environment
[0.656s] DEBUG:colcon.colcon_core.event_handler.log_command:Invoked command in '/home/haru/Documents/honrobo_2026/build/holo_lidar_converter' returned '0': CMAKE_PREFIX_PATH=/opt/ros/humble /usr/bin/cmake --build /home/haru/Documents/honrobo_2026/build/holo_lidar_converter -- -j12 -l12
[0.673s] DEBUG:colcon.colcon_core.event_handler.log_command:Invoking command in '/home/haru/Documents/honrobo_2026/build/holo_lidar_converter': CMAKE_PREFIX_PATH=/opt/ros/humble /usr/bin/cmake --install /home/haru/Documents/honrobo_2026/build/holo_lidar_converter
[0.673s] DEBUG:colcon.colcon_core.event_handler.log_command:Invoked command in '/home/haru/Documents/honrobo_2026/build/holo_mcl' returned '0': CMAKE_PREFIX_PATH=/opt/ros/humble /usr/bin/cmake --build /home/haru/Documents/honrobo_2026/build/holo_mcl -- -j12 -l12
[0.674s] DEBUG:colcon.colcon_core.event_handler.log_command:Invoking command in '/home/haru/Documents/honrobo_2026/build/holo_mcl': CMAKE_PREFIX_PATH=/opt/ros/humble /usr/bin/cmake --install /home/haru/Documents/honrobo_2026/build/holo_mcl
[0.676s] DEBUG:colcon.colcon_core.event_handler.log_command:Invoked command in '/home/haru/Documents/honrobo_2026/build/fast_nav_cpp' returned '0': CMAKE_PREFIX_PATH=/opt/ros/humble /usr/bin/cmake --build /home/haru/Documents/honrobo_2026/build/fast_nav_cpp -- -j12 -l12
[0.678s] DEBUG:colcon.colcon_core.event_handler.log_command:Invoking command in '/home/haru/Documents/honrobo_2026/build/fast_nav_cpp': CMAKE_PREFIX_PATH=/opt/ros/humble /usr/bin/cmake --install /home/haru/Documents/honrobo_2026/build/fast_nav_cpp
[0.719s] Level 1:colcon.colcon_core.environment:create_environment_scripts_only(holo_mcl)
[0.726s] DEBUG:colcon.colcon_core.event_handler.log_command:Invoked command in '/home/haru/Documents/honrobo_2026/build/holo_mcl' returned '0': CMAKE_PREFIX_PATH=/opt/ros/humble /usr/bin/cmake --install /home/haru/Documents/honrobo_2026/build/holo_mcl
[0.727s] Level 1:colcon.colcon_core.environment:checking '/home/haru/Documents/honrobo_2026/install/holo_mcl' for CMake module files
[0.727s] Level 1:colcon.colcon_core.environment:checking '/home/haru/Documents/honrobo_2026/install/holo_mcl' for CMake config files
[0.728s] Level 1:colcon.colcon_core.shell:create_environment_hook('holo_mcl', 'cmake_prefix_path')
[0.728s] INFO:colcon.colcon_core.shell:Creating environment hook '/home/haru/Documents/honrobo_2026/install/holo_mcl/share/holo_mcl/hook/cmake_prefix_path.ps1'
[0.729s] INFO:colcon.colcon_core.shell:Creating environment descriptor '/home/haru/Documents/honrobo_2026/install/holo_mcl/share/holo_mcl/hook/cmake_prefix_path.dsv'
[0.729s] INFO:colcon.colcon_core.shell:Creating environment hook '/home/haru/Documents/honrobo_2026/install/holo_mcl/share/holo_mcl/hook/cmake_prefix_path.sh'
[0.730s] Level 1:colcon.colcon_core.environment:checking '/home/haru/Documents/honrobo_2026/install/holo_mcl/lib'
[0.730s] Level 1:colcon.colcon_core.shell:create_environment_hook('holo_mcl', 'ld_library_path_lib')
[0.731s] INFO:colcon.colcon_core.shell:Creating environment hook '/home/haru/Documents/honrobo_2026/install/holo_mcl/share/holo_mcl/hook/ld_library_path_lib.ps1'
[0.731s] INFO:colcon.colcon_core.shell:Creating environment descriptor '/home/haru/Documents/honrobo_2026/install/holo_mcl/share/holo_mcl/hook/ld_library_path_lib.dsv'
[0.731s] INFO:colcon.colcon_core.shell:Creating environment hook '/home/haru/Documents/honrobo_2026/install/holo_mcl/share/holo_mcl/hook/ld_library_path_lib.sh'
[0.732s] Level 1:colcon.colcon_core.environment:checking '/home/haru/Documents/honrobo_2026/install/holo_mcl/bin'
[0.732s] Level 1:colcon.colcon_core.environment:checking '/home/haru/Documents/honrobo_2026/install/holo_mcl/lib/pkgconfig/holo_mcl.pc'
[0.732s] Level 1:colcon.colcon_core.environment:checking '/home/haru/Documents/honrobo_2026/install/holo_mcl/lib/python3.10/site-packages'
[0.733s] Level 1:colcon.colcon_core.environment:checking '/home/haru/Documents/honrobo_2026/install/holo_mcl/bin'
[0.733s] INFO:colcon.colcon_core.shell:Creating package script '/home/haru/Documents/honrobo_2026/install/holo_mcl/share/holo_mcl/package.ps1'
[0.734s] INFO:colcon.colcon_core.shell:Creating package descriptor '/home/haru/Documents/honrobo_2026/install/holo_mcl/share/holo_mcl/package.dsv'
[0.735s] INFO:colcon.colcon_core.shell:Creating package script '/home/haru/Documents/honrobo_2026/install/holo_mcl/share/holo_mcl/package.sh'
[0.736s] INFO:colcon.colcon_core.shell:Creating package script '/home/haru/Documents/honrobo_2026/install/holo_mcl/share/holo_mcl/package.bash'
[0.737s] INFO:colcon.colcon_core.shell:Creating package script '/home/haru/Documents/honrobo_2026/install/holo_mcl/share/holo_mcl/package.zsh'
[0.737s] Level 1:colcon.colcon_core.environment:create_file_with_runtime_dependencies(/home/haru/Documents/honrobo_2026/install/holo_mcl/share/colcon-core/packages/holo_mcl)
[0.738s] Level 1:colcon.colcon_core.environment:create_environment_scripts_only(holo_mcl)
[0.738s] Level 1:colcon.colcon_core.environment:checking '/home/haru/Documents/honrobo_2026/install/holo_mcl' for CMake module files
[0.739s] Level 1:colcon.colcon_core.environment:checking '/home/haru/Documents/honrobo_2026/install/holo_mcl' for CMake config files
[0.739s] Level 1:colcon.colcon_core.shell:create_environment_hook('holo_mcl', 'cmake_prefix_path')
[0.740s] INFO:colcon.colcon_core.shell:Creating environment hook '/home/haru/Documents/honrobo_2026/install/holo_mcl/share/holo_mcl/hook/cmake_prefix_path.ps1'
[0.740s] INFO:colcon.colcon_core.shell:Creating environment descriptor '/home/haru/Documents/honrobo_2026/install/holo_mcl/share/holo_mcl/hook/cmake_prefix_path.dsv'
[0.740s] INFO:colcon.colcon_core.shell:Creating environment hook '/home/haru/Documents/honrobo_2026/install/holo_mcl/share/holo_mcl/hook/cmake_prefix_path.sh'
[0.741s] Level 1:colcon.colcon_core.environment:checking '/home/haru/Documents/honrobo_2026/install/holo_mcl/lib'
[0.741s] Level 1:colcon.colcon_core.shell:create_environment_hook('holo_mcl', 'ld_library_path_lib')
[0.741s] INFO:colcon.colcon_core.shell:Creating environment hook '/home/haru/Documents/honrobo_2026/install/holo_mcl/share/holo_mcl/hook/ld_library_path_lib.ps1'
[0.742s] INFO:colcon.colcon_core.shell:Creating environment descriptor '/home/haru/Documents/honrobo_2026/install/holo_mcl/share/holo_mcl/hook/ld_library_path_lib.dsv'
[0.742s] INFO:colcon.colcon_core.shell:Creating environment hook '/home/haru/Documents/honrobo_2026/install/holo_mcl/share/holo_mcl/hook/ld_library_path_lib.sh'
[0.743s] Level 1:colcon.colcon_core.environment:checking '/home/haru/Documents/honrobo_2026/install/holo_mcl/bin'
[0.743s] Level 1:colcon.colcon_core.environment:checking '/home/haru/Documents/honrobo_2026/install/holo_mcl/lib/pkgconfig/holo_mcl.pc'
[0.743s] Level 1:colcon.colcon_core.environment:checking '/home/haru/Documents/honrobo_2026/install/holo_mcl/lib/python3.10/site-packages'
[0.743s] Level 1:colcon.colcon_core.environment:checking '/home/haru/Documents/honrobo_2026/install/holo_mcl/bin'
[0.744s] INFO:colcon.colcon_core.shell:Creating package script '/home/haru/Documents/honrobo_2026/install/holo_mcl/share/holo_mcl/package.ps1'
[0.744s] INFO:colcon.colcon_core.shell:Creating package descriptor '/home/haru/Documents/honrobo_2026/install/holo_mcl/share/holo_mcl/package.dsv'
[0.745s] INFO:colcon.colcon_core.shell:Creating package script '/home/haru/Documents/honrobo_2026/install/holo_mcl/share/holo_mcl/package.sh'
[0.745s] INFO:colcon.colcon_core.shell:Creating package script '/home/haru/Documents/honrobo_2026/install/holo_mcl/share/holo_mcl/package.bash'
[0.746s] INFO:colcon.colcon_core.shell:Creating package script '/home/haru/Documents/honrobo_2026/install/holo_mcl/share/holo_mcl/package.zsh'
[0.746s] Level 1:colcon.colcon_core.environment:create_file_with_runtime_dependencies(/home/haru/Documents/honrobo_2026/install/holo_mcl/share/colcon-core/packages/holo_mcl)
[0.746s] Level 1:colcon.colcon_core.environment:create_environment_scripts_only(holo_lidar_converter)
[0.747s] Level 1:colcon.colcon_core.environment:checking '/home/haru/Documents/honrobo_2026/install/holo_lidar_converter' for CMake module files
[0.748s] DEBUG:colcon.colcon_core.event_handler.log_command:Invoked command in '/home/haru/Documents/honrobo_2026/build/holo_lidar_converter' returned '0': CMAKE_PREFIX_PATH=/opt/ros/humble /usr/bin/cmake --install /home/haru/Documents/honrobo_2026/build/holo_lidar_converter
[0.748s] Level 1:colcon.colcon_core.environment:checking '/home/haru/Documents/honrobo_2026/install/holo_lidar_converter' for CMake config files
[0.749s] Level 1:colcon.colcon_core.shell:create_environment_hook('holo_lidar_converter', 'cmake_prefix_path')
[0.749s] INFO:colcon.colcon_core.shell:Creating environment hook '/home/haru/Documents/honrobo_2026/install/holo_lidar_converter/share/holo_lidar_converter/hook/cmake_prefix_path.ps1'
[0.749s] INFO:colcon.colcon_core.shell:Creating environment descriptor '/home/haru/Documents/honrobo_2026/install/holo_lidar_converter/share/holo_lidar_converter/hook/cmake_prefix_path.dsv'
[0.750s] INFO:colcon.colcon_core.shell:Creating environment hook '/home/haru/Documents/honrobo_2026/install/holo_lidar_converter/share/holo_lidar_converter/hook/cmake_prefix_path.sh'
[0.750s] Level 1:colcon.colcon_core.environment:checking '/home/haru/Documents/honrobo_2026/install/holo_lidar_converter/lib'
[0.750s] Level 1:colcon.colcon_core.shell:create_environment_hook('holo_lidar_converter', 'ld_library_path_lib')
[0.751s] INFO:colcon.colcon_core.shell:Creating environment hook '/home/haru/Documents/honrobo_2026/install/holo_lidar_converter/share/holo_lidar_converter/hook/ld_library_path_lib.ps1'
[0.751s] INFO:colcon.colcon_core.shell:Creating environment descriptor '/home/haru/Documents/honrobo_2026/install/holo_lidar_converter/share/holo_lidar_converter/hook/ld_library_path_lib.dsv'
[0.752s] INFO:colcon.colcon_core.shell:Creating environment hook '/home/haru/Documents/honrobo_2026/install/holo_lidar_converter/share/holo_lidar_converter/hook/ld_library_path_lib.sh'
[0.752s] Level 1:colcon.colcon_core.environment:checking '/home/haru/Documents/honrobo_2026/install/holo_lidar_converter/bin'
[0.752s] Level 1:colcon.colcon_core.environment:checking '/home/haru/Documents/honrobo_2026/install/holo_lidar_converter/lib/pkgconfig/holo_lidar_converter.pc'
[0.752s] Level 1:colcon.colcon_core.environment:checking '/home/haru/Documents/honrobo_2026/install/holo_lidar_converter/lib/python3.10/site-packages'
[0.753s] Level 1:colcon.colcon_core.environment:checking '/home/haru/Documents/honrobo_2026/install/holo_lidar_converter/bin'
[0.753s] INFO:colcon.colcon_core.shell:Creating package script '/home/haru/Documents/honrobo_2026/install/holo_lidar_converter/share/holo_lidar_converter/package.ps1'
[0.754s] INFO:colcon.colcon_core.shell:Creating package descriptor '/home/haru/Documents/honrobo_2026/install/holo_lidar_converter/share/holo_lidar_converter/package.dsv'
[0.754s] INFO:colcon.colcon_core.shell:Creating package script '/home/haru/Documents/honrobo_2026/install/holo_lidar_converter/share/holo_lidar_converter/package.sh'
[0.755s] INFO:colcon.colcon_core.shell:Creating package script '/home/haru/Documents/honrobo_2026/install/holo_lidar_converter/share/holo_lidar_converter/package.bash'
[0.755s] INFO:colcon.colcon_core.shell:Creating package script '/home/haru/Documents/honrobo_2026/install/holo_lidar_converter/share/holo_lidar_converter/package.zsh'
[0.755s] Level 1:colcon.colcon_core.environment:create_file_with_runtime_dependencies(/home/haru/Documents/honrobo_2026/install/holo_lidar_converter/share/colcon-core/packages/holo_lidar_converter)
[0.756s] Level 1:colcon.colcon_core.environment:create_environment_scripts_only(holo_lidar_converter)
[0.756s] Level 1:colcon.colcon_core.environment:checking '/home/haru/Documents/honrobo_2026/install/holo_lidar_converter' for CMake module files
[0.757s] Level 1:colcon.colcon_core.environment:checking '/home/haru/Documents/honrobo_2026/install/holo_lidar_converter' for CMake config files
[0.757s] Level 1:colcon.colcon_core.shell:create_environment_hook('holo_lidar_converter', 'cmake_prefix_path')
[0.757s] INFO:colcon.colcon_core.shell:Creating environment hook '/home/haru/Documents/honrobo_2026/install/holo_lidar_converter/share/holo_lidar_converter/hook/cmake_prefix_path.ps1'
[0.758s] INFO:colcon.colcon_core.shell:Creating environment descriptor '/home/haru/Documents/honrobo_2026/install/holo_lidar_converter/share/holo_lidar_converter/hook/cmake_prefix_path.dsv'
[0.758s] INFO:colcon.colcon_core.shell:Creating environment hook '/home/haru/Documents/honrobo_2026/install/holo_lidar_converter/share/holo_lidar_converter/hook/cmake_prefix_path.sh'
[0.759s] Level 1:colcon.colcon_core.environment:checking '/home/haru/Documents/honrobo_2026/install/holo_lidar_converter/lib'
[0.759s] Level 1:colcon.colcon_core.shell:create_environment_hook('holo_lidar_converter', 'ld_library_path_lib')
[0.759s] INFO:colcon.colcon_core.shell:Creating environment hook '/home/haru/Documents/honrobo_2026/install/holo_lidar_converter/share/holo_lidar_converter/hook/ld_library_path_lib.ps1'
[0.760s] INFO:colcon.colcon_core.shell:Creating environment descriptor '/home/haru/Documents/honrobo_2026/install/holo_lidar_converter/share/holo_lidar_converter/hook/ld_library_path_lib.dsv'
[0.760s] INFO:colcon.colcon_core.shell:Creating environment hook '/home/haru/Documents/honrobo_2026/install/holo_lidar_converter/share/holo_lidar_converter/hook/ld_library_path_lib.sh'
[0.760s] Level 1:colcon.colcon_core.environment:checking '/home/haru/Documents/honrobo_2026/install/holo_lidar_converter/bin'
[0.761s] Level 1:colcon.colcon_core.environment:checking '/home/haru/Documents/honrobo_2026/install/holo_lidar_converter/lib/pkgconfig/holo_lidar_converter.pc'
[0.761s] Level 1:colcon.colcon_core.environment:checking '/home/haru/Documents/honrobo_2026/install/holo_lidar_converter/lib/python3.10/site-packages'
[0.761s] Level 1:colcon.colcon_core.environment:checking '/home/haru/Documents/honrobo_2026/install/holo_lidar_converter/bin'
[0.761s] INFO:colcon.colcon_core.shell:Creating package script '/home/haru/Documents/honrobo_2026/install/holo_lidar_converter/share/holo_lidar_converter/package.ps1'
[0.762s] INFO:colcon.colcon_core.shell:Creating package descriptor '/home/haru/Documents/honrobo_2026/install/holo_lidar_converter/share/holo_lidar_converter/package.dsv'
[0.763s] INFO:colcon.colcon_core.shell:Creating package script '/home/haru/Documents/honrobo_2026/install/holo_lidar_converter/share/holo_lidar_converter/package.sh'
[0.763s] INFO:colcon.colcon_core.shell:Creating package script '/home/haru/Documents/honrobo_2026/install/holo_lidar_converter/share/holo_lidar_converter/package.bash'
[0.764s] INFO:colcon.colcon_core.shell:Creating package script '/home/haru/Documents/honrobo_2026/install/holo_lidar_converter/share/holo_lidar_converter/package.zsh'
[0.764s] Level 1:colcon.colcon_core.environment:create_file_with_runtime_dependencies(/home/haru/Documents/honrobo_2026/install/holo_lidar_converter/share/colcon-core/packages/holo_lidar_converter)
[0.765s] Level 1:colcon.colcon_core.environment:create_environment_scripts_only(fast_nav_cpp)
[0.765s] Level 1:colcon.colcon_core.environment:checking '/home/haru/Documents/honrobo_2026/install/fast_nav_cpp' for CMake module files
[0.766s] DEBUG:colcon.colcon_core.event_handler.log_command:Invoked command in '/home/haru/Documents/honrobo_2026/build/fast_nav_cpp' returned '0': CMAKE_PREFIX_PATH=/opt/ros/humble /usr/bin/cmake --install /home/haru/Documents/honrobo_2026/build/fast_nav_cpp
[0.766s] Level 1:colcon.colcon_core.environment:checking '/home/haru/Documents/honrobo_2026/install/fast_nav_cpp' for CMake config files
[0.766s] Level 1:colcon.colcon_core.shell:create_environment_hook('fast_nav_cpp', 'cmake_prefix_path')
[0.767s] INFO:colcon.colcon_core.shell:Creating environment hook '/home/haru/Documents/honrobo_2026/install/fast_nav_cpp/share/fast_nav_cpp/hook/cmake_prefix_path.ps1'
[0.767s] INFO:colcon.colcon_core.shell:Creating environment descriptor '/home/haru/Documents/honrobo_2026/install/fast_nav_cpp/share/fast_nav_cpp/hook/cmake_prefix_path.dsv'
[0.768s] INFO:colcon.colcon_core.shell:Creating environment hook '/home/haru/Documents/honrobo_2026/install/fast_nav_cpp/share/fast_nav_cpp/hook/cmake_prefix_path.sh'
[0.768s] Level 1:colcon.colcon_core.environment:checking '/home/haru/Documents/honrobo_2026/install/fast_nav_cpp/lib'
[0.768s] Level 1:colcon.colcon_core.environment:checking '/home/haru/Documents/honrobo_2026/install/fast_nav_cpp/bin'
[0.768s] Level 1:colcon.colcon_core.environment:checking '/home/haru/Documents/honrobo_2026/install/fast_nav_cpp/lib/pkgconfig/fast_nav_cpp.pc'
[0.769s] Level 1:colcon.colcon_core.environment:checking '/home/haru/Documents/honrobo_2026/install/fast_nav_cpp/lib/python3.10/site-packages'
[0.769s] Level 1:colcon.colcon_core.environment:checking '/home/haru/Documents/honrobo_2026/install/fast_nav_cpp/bin'
[0.769s] INFO:colcon.colcon_core.shell:Creating package script '/home/haru/Documents/honrobo_2026/install/fast_nav_cpp/share/fast_nav_cpp/package.ps1'
[0.770s] INFO:colcon.colcon_core.shell:Creating package descriptor '/home/haru/Documents/honrobo_2026/install/fast_nav_cpp/share/fast_nav_cpp/package.dsv'
[0.770s] INFO:colcon.colcon_core.shell:Creating package script '/home/haru/Documents/honrobo_2026/install/fast_nav_cpp/share/fast_nav_cpp/package.sh'
[0.771s] INFO:colcon.colcon_core.shell:Creating package script '/home/haru/Documents/honrobo_2026/install/fast_nav_cpp/share/fast_nav_cpp/package.bash'
[0.771s] INFO:colcon.colcon_core.shell:Creating package script '/home/haru/Documents/honrobo_2026/install/fast_nav_cpp/share/fast_nav_cpp/package.zsh'
[0.772s] Level 1:colcon.colcon_core.environment:create_file_with_runtime_dependencies(/home/haru/Documents/honrobo_2026/install/fast_nav_cpp/share/colcon-core/packages/fast_nav_cpp)
[0.772s] Level 1:colcon.colcon_core.environment:create_environment_scripts_only(fast_nav_cpp)
[0.772s] Level 1:colcon.colcon_core.environment:checking '/home/haru/Documents/honrobo_2026/install/fast_nav_cpp' for CMake module files
[0.773s] Level 1:colcon.colcon_core.environment:checking '/home/haru/Documents/honrobo_2026/install/fast_nav_cpp' for CMake config files
[0.773s] Level 1:colcon.colcon_core.shell:create_environment_hook('fast_nav_cpp', 'cmake_prefix_path')
[0.773s] INFO:colcon.colcon_core.shell:Creating environment hook '/home/haru/Documents/honrobo_2026/install/fast_nav_cpp/share/fast_nav_cpp/hook/cmake_prefix_path.ps1'
[0.774s] INFO:colcon.colcon_core.shell:Creating environment descriptor '/home/haru/Documents/honrobo_2026/install/fast_nav_cpp/share/fast_nav_cpp/hook/cmake_prefix_path.dsv'
[0.774s] INFO:colcon.colcon_core.shell:Creating environment hook '/home/haru/Documents/honrobo_2026/install/fast_nav_cpp/share/fast_nav_cpp/hook/cmake_prefix_path.sh'
[0.775s] Level 1:colcon.colcon_core.environment:checking '/home/haru/Documents/honrobo_2026/install/fast_nav_cpp/lib'
[0.775s] Level 1:colcon.colcon_core.environment:checking '/home/haru/Documents/honrobo_2026/install/fast_nav_cpp/bin'
[0.775s] Level 1:colcon.colcon_core.environment:checking '/home/haru/Documents/honrobo_2026/install/fast_nav_cpp/lib/pkgconfig/fast_nav_cpp.pc'
[0.775s] Level 1:colcon.colcon_core.environment:checking '/home/haru/Documents/honrobo_2026/install/fast_nav_cpp/lib/python3.10/site-packages'
[0.776s] Level 1:colcon.colcon_core.environment:checking '/home/haru/Documents/honrobo_2026/install/fast_nav_cpp/bin'
[0.776s] INFO:colcon.colcon_core.shell:Creating package script '/home/haru/Documents/honrobo_2026/install/fast_nav_cpp/share/fast_nav_cpp/package.ps1'
[0.777s] INFO:colcon.colcon_core.shell:Creating package descriptor '/home/haru/Documents/honrobo_2026/install/fast_nav_cpp/share/fast_nav_cpp/package.dsv'
[0.777s] INFO:colcon.colcon_core.shell:Creating package script '/home/haru/Documents/honrobo_2026/install/fast_nav_cpp/share/fast_nav_cpp/package.sh'
[0.778s] INFO:colcon.colcon_core.shell:Creating package script '/home/haru/Documents/honrobo_2026/install/fast_nav_cpp/share/fast_nav_cpp/package.bash'
[0.778s] INFO:colcon.colcon_core.shell:Creating package script '/home/haru/Documents/honrobo_2026/install/fast_nav_cpp/share/fast_nav_cpp/package.zsh'
[0.779s] Level 1:colcon.colcon_core.environment:create_file_with_runtime_dependencies(/home/haru/Documents/honrobo_2026/install/fast_nav_cpp/share/colcon-core/packages/fast_nav_cpp)
[1.425s] DEBUG:colcon.colcon_core.event_handler.log_command:Invoking command in '/home/haru/Documents/honrobo_2026/build/honrobo_pkg': PYTHONPATH=/home/haru/Documents/honrobo_2026/build/honrobo_pkg/prefix_override:/usr/lib/python3/dist-packages/colcon_core/task/python/colcon_distutils_commands:/home/haru/Documents/honrobo_2026/install/honrobo_pkg/lib/python3.10/site-packages:${PYTHONPATH} /usr/bin/python3 -W ignore:setup.py install is deprecated -W ignore:easy_install command is deprecated setup.py develop --editable --build-directory /home/haru/Documents/honrobo_2026/build/honrobo_pkg/build --no-deps symlink_data
[2.223s] Level 1:colcon.colcon_core.shell:create_environment_hook('honrobo_pkg', 'pythonpath_develop')
[2.223s] INFO:colcon.colcon_core.shell:Creating environment hook '/home/haru/Documents/honrobo_2026/build/honrobo_pkg/share/honrobo_pkg/hook/pythonpath_develop.ps1'
[2.224s] DEBUG:colcon.colcon_core.event_handler.log_command:Invoked command in '/home/haru/Documents/honrobo_2026/build/honrobo_pkg' returned '0': PYTHONPATH=/home/haru/Documents/honrobo_2026/build/honrobo_pkg/prefix_override:/usr/lib/python3/dist-packages/colcon_core/task/python/colcon_distutils_commands:/home/haru/Documents/honrobo_2026/install/honrobo_pkg/lib/python3.10/site-packages:${PYTHONPATH} /usr/bin/python3 -W ignore:setup.py install is deprecated -W ignore:easy_install command is deprecated setup.py develop --editable --build-directory /home/haru/Documents/honrobo_2026/build/honrobo_pkg/build --no-deps symlink_data
[2.224s] INFO:colcon.colcon_core.shell:Creating environment descriptor '/home/haru/Documents/honrobo_2026/build/honrobo_pkg/share/honrobo_pkg/hook/pythonpath_develop.dsv'
[2.225s] INFO:colcon.colcon_core.shell:Creating environment hook '/home/haru/Documents/honrobo_2026/build/honrobo_pkg/share/honrobo_pkg/hook/pythonpath_develop.sh'
[2.226s] Level 1:colcon.colcon_core.environment:checking '/home/haru/Documents/honrobo_2026/install/honrobo_pkg' for CMake module files
[2.226s] Level 1:colcon.colcon_core.environment:checking '/home/haru/Documents/honrobo_2026/install/honrobo_pkg' for CMake config files
[2.227s] Level 1:colcon.colcon_core.environment:checking '/home/haru/Documents/honrobo_2026/install/honrobo_pkg/lib'
[2.227s] Level 1:colcon.colcon_core.environment:checking '/home/haru/Documents/honrobo_2026/install/honrobo_pkg/bin'
[2.227s] Level 1:colcon.colcon_core.environment:checking '/home/haru/Documents/honrobo_2026/install/honrobo_pkg/lib/pkgconfig/honrobo_pkg.pc'
[2.227s] Level 1:colcon.colcon_core.environment:checking '/home/haru/Documents/honrobo_2026/install/honrobo_pkg/lib/python3.10/site-packages'
[2.227s] Level 1:colcon.colcon_core.shell:create_environment_hook('honrobo_pkg', 'pythonpath')
[2.228s] INFO:colcon.colcon_core.shell:Creating environment hook '/home/haru/Documents/honrobo_2026/install/honrobo_pkg/share/honrobo_pkg/hook/pythonpath.ps1'
[2.228s] INFO:colcon.colcon_core.shell:Creating environment descriptor '/home/haru/Documents/honrobo_2026/install/honrobo_pkg/share/honrobo_pkg/hook/pythonpath.dsv'
[2.229s] INFO:colcon.colcon_core.shell:Creating environment hook '/home/haru/Documents/honrobo_2026/install/honrobo_pkg/share/honrobo_pkg/hook/pythonpath.sh'
[2.230s] Level 1:colcon.colcon_core.environment:checking '/home/haru/Documents/honrobo_2026/install/honrobo_pkg/bin'
[2.230s] Level 1:colcon.colcon_core.environment:create_environment_scripts_only(honrobo_pkg)
[2.230s] INFO:colcon.colcon_core.shell:Creating package script '/home/haru/Documents/honrobo_2026/install/honrobo_pkg/share/honrobo_pkg/package.ps1'
[2.231s] INFO:colcon.colcon_core.shell:Creating package descriptor '/home/haru/Documents/honrobo_2026/install/honrobo_pkg/share/honrobo_pkg/package.dsv'
[2.231s] INFO:colcon.colcon_core.shell:Creating package script '/home/haru/Documents/honrobo_2026/install/honrobo_pkg/share/honrobo_pkg/package.sh'
[2.232s] INFO:colcon.colcon_core.shell:Creating package script '/home/haru/Documents/honrobo_2026/install/honrobo_pkg/share/honrobo_pkg/package.bash'
[2.232s] INFO:colcon.colcon_core.shell:Creating package script '/home/haru/Documents/honrobo_2026/install/honrobo_pkg/share/honrobo_pkg/package.zsh'
[2.233s] Level 1:colcon.colcon_core.environment:create_file_with_runtime_dependencies(/home/haru/Documents/honrobo_2026/install/honrobo_pkg/share/colcon-core/packages/honrobo_pkg)
[2.233s] DEBUG:colcon.colcon_parallel_executor.executor.parallel:closing loop
[2.233s] DEBUG:colcon.colcon_parallel_executor.executor.parallel:loop closed
[2.234s] DEBUG:colcon.colcon_parallel_executor.executor.parallel:run_until_complete finished with '0'
[2.234s] DEBUG:colcon.colcon_core.event_reactor:joining thread
[2.239s] INFO:colcon.colcon_core.plugin_system:Skipping extension 'colcon_notification.desktop_notification.terminal_notifier': Not used on non-Darwin systems
[2.240s] INFO:colcon.colcon_core.plugin_system:Skipping extension 'colcon_notification.desktop_notification.win32': Not used on non-Windows systems
[2.240s] INFO:colcon.colcon_notification.desktop_notification:Sending desktop notification using 'notify2'
[2.252s] DEBUG:colcon.colcon_core.event_reactor:joined thread
[2.252s] INFO:colcon.colcon_core.shell:Creating prefix script '/home/haru/Documents/honrobo_2026/install/local_setup.ps1'
[2.254s] INFO:colcon.colcon_core.shell:Creating prefix util module '/home/haru/Documents/honrobo_2026/install/_local_setup_util_ps1.py'
[2.255s] INFO:colcon.colcon_core.shell:Creating prefix chain script '/home/haru/Documents/honrobo_2026/install/setup.ps1'
[2.256s] INFO:colcon.colcon_core.shell:Creating prefix script '/home/haru/Documents/honrobo_2026/install/local_setup.sh'
[2.257s] INFO:colcon.colcon_core.shell:Creating prefix util module '/home/haru/Documents/honrobo_2026/install/_local_setup_util_sh.py'
[2.257s] INFO:colcon.colcon_core.shell:Creating prefix chain script '/home/haru/Documents/honrobo_2026/install/setup.sh'
[2.258s] INFO:colcon.colcon_core.shell:Creating prefix script '/home/haru/Documents/honrobo_2026/install/local_setup.bash'
[2.259s] INFO:colcon.colcon_core.shell:Creating prefix chain script '/home/haru/Documents/honrobo_2026/install/setup.bash'
[2.260s] INFO:colcon.colcon_core.shell:Creating prefix script '/home/haru/Documents/honrobo_2026/install/local_setup.zsh'
[2.260s] INFO:colcon.colcon_core.shell:Creating prefix chain script '/home/haru/Documents/honrobo_2026/install/setup.zsh'
