[0.000000] (-) TimerEvent: {}
[0.000383] (honrobo_pkg) JobQueued: {'identifier': 'honrobo_pkg', 'dependencies': OrderedDict()}
[0.000445] (honrobo_pkg) JobStarted: {'identifier': 'honrobo_pkg'}
[0.099152] (-) TimerEvent: {}
[0.199450] (-) TimerEvent: {}
[0.299761] (-) TimerEvent: {}
[0.400070] (-) TimerEvent: {}
[0.500381] (-) TimerEvent: {}
[0.600705] (-) TimerEvent: {}
[0.613199] (honrobo_pkg) Command: {'cmd': ['/usr/bin/python3', '-W', 'ignore:setup.py install is deprecated', '-W', 'ignore:easy_install command is deprecated', 'setup.py', 'develop', '--editable', '--build-directory', '/home/haru/Documents/honrobo_2026/build/honrobo_pkg/build', '--no-deps', 'symlink_data'], 'cwd': '/home/haru/Documents/honrobo_2026/build/honrobo_pkg', 'env': {'GJS_DEBUG_TOPICS': 'JS ERROR;JS LOG', 'LESSOPEN': '| /usr/bin/lesspipe %s', 'VSCODE_CWD': '/home/haru', 'LANGUAGE': 'ja:en', 'USER': 'haru', 'LC_TIME': 'ja_JP.UTF-8', 'VSCODE_NLS_CONFIG': '{"userLocale":"ja","osLocale":"ja","resolvedLanguage":"en","defaultMessagesFile":"/usr/share/antigravity/resources/app/out/nls.messages.json","locale":"ja","availableLanguages":{}}', 'XDG_SESSION_TYPE': 'wayland', 'SHLVL': '0', 'HOME': '/home/haru', 'CHROME_DESKTOP': 'antigravity.desktop', 'DESKTOP_SESSION': 'ubuntu', 'VSCODE_IPC_HOOK': '/run/user/1000/vscode-69ab7373-1.10-main.sock', 'GIO_LAUNCHED_DESKTOP_FILE': '/usr/share/applications/antigravity.desktop', 'GNOME_SHELL_SESSION_MODE': 'ubuntu', 'GTK_MODULES': 'gail:atk-bridge', 'PAGER': 'cat', 'LC_MONETARY': 'ja_JP.UTF-8', 'MANAGERPID': '1395', 'SYSTEMD_EXEC_PID': '1581', 'IM_CONFIG_CHECK_ENV': '1', 'DBUS_SESSION_BUS_ADDRESS': 'unix:path=/run/user/1000/bus', 'ANTIGRAVITY_AGENT': '1', 'GIO_LAUNCHED_DESKTOP_FILE_PID': '3642', 'IM_CONFIG_PHASE': '1', 'WAYLAND_DISPLAY': 'wayland-0', 'LOGNAME': 'haru', '_': '/usr/bin/colcon', 'JOURNAL_STREAM': '8:17536', 'XDG_SESSION_CLASS': 'user', 'USERNAME': 'haru', 'TERM': 'dumb', 'GNOME_DESKTOP_SESSION_ID': 'this-is-deprecated', 'FC_FONTATIONS': '1', 'ANTIGRAVITY_EDITOR_APP_ROOT': '/usr/share/antigravity/resources/app', 'PATH': '/home/haru/.local/bin:/home/haru/.local/bin:/home/haru/.local/bin:/home/haru/.local/bin:/home/haru/.local/bin:/usr/local/sbin:/usr/local/bin:/usr/sbin:/usr/bin:/sbin:/bin:/usr/games:/usr/local/games:/snap/bin:/snap/bin', 'SESSION_MANAGER': 'local/haru-Inspiron-15-3535:@/tmp/.ICE-unix/1552,unix/haru-Inspiron-15-3535:/tmp/.ICE-unix/1552', 'INVOCATION_ID': '0dbbf7737fbb4dc9bd73d2c92ae1d616', 'PAPERSIZE': 'a4', 'XDG_MENU_PREFIX': 'gnome-', 'LC_ADDRESS': 'ja_JP.UTF-8', 'GNOME_SETUP_DISPLAY': ':1', 'XDG_RUNTIME_DIR': '/run/user/1000', 'GDK_BACKEND': 'wayland', 'DISPLAY': ':0', 'LANG': 'ja_JP.UTF-8', 'XDG_CURRENT_DESKTOP': 'ubuntu:GNOME', 'LC_TELEPHONE': 'ja_JP.UTF-8', 'XMODIFIERS': '@im=ibus', 'XDG_SESSION_DESKTOP': 'ubuntu', 'XAUTHORITY': '/run/user/1000/.mutter-Xwaylandauth.YG35Q3', 'LS_COLORS': '', 'SSH_AGENT_LAUNCHER': 'gnome-keyring', 'SSH_AUTH_SOCK': '/run/user/1000/keyring/ssh', 'SHELL': '/bin/bash', 'LC_NAME': 'ja_JP.UTF-8', 'QT_ACCESSIBILITY': '1', 'GDMSESSION': 'ubuntu', 'LESSCLOSE': '/usr/bin/lesspipe %s %s', 'LC_MEASUREMENT': 'ja_JP.UTF-8', 'GJS_DEBUG_OUTPUT': 'stderr', 'LC_IDENTIFICATION': 'ja_JP.UTF-8', 'QT_IM_MODULE': 'ibus', 'ANTIGRAVITY_TRAJECTORY_ID': '0108a0b0-946d-4b25-a1e4-640b7387ea3c', 'PWD': '/home/haru/Documents/honrobo_2026/build/honrobo_pkg', 'LC_ALL': 'en_US.UTF-8', 'XDG_CONFIG_DIRS': '/etc/xdg/xdg-ubuntu:/etc/xdg', 'VSCODE_CODE_CACHE_PATH': '/home/haru/.config/Antigravity/CachedData/15487b3041e65228cae24980a3f796c905ef582c', 'XDG_DATA_DIRS': '/usr/share/ubuntu:/usr/local/share/:/usr/share/:/var/lib/snapd/desktop', 'LC_NUMERIC': 'ja_JP.UTF-8', 'LC_PAPER': 'ja_JP.UTF-8', 'COLCON': '1', 'VSCODE_PID': '3642', 'PYTHONPATH': '/home/haru/Documents/honrobo_2026/build/honrobo_pkg/prefix_override:/usr/lib/python3/dist-packages/colcon_core/task/python/colcon_distutils_commands:/home/haru/Documents/honrobo_2026/install/honrobo_pkg/lib/python3.10/site-packages:'}, 'shell': False}
[0.700816] (-) TimerEvent: {}
[0.801147] (-) TimerEvent: {}
[0.872657] (honrobo_pkg) StdoutLine: {'line': b'running develop\n'}
[0.901255] (-) TimerEvent: {}
[0.985914] (honrobo_pkg) StdoutLine: {'line': b'running egg_info\n'}
[0.986236] (honrobo_pkg) StdoutLine: {'line': b'writing honrobo_pkg.egg-info/PKG-INFO\n'}
[0.986402] (honrobo_pkg) StdoutLine: {'line': b'writing dependency_links to honrobo_pkg.egg-info/dependency_links.txt\n'}
[0.986576] (honrobo_pkg) StdoutLine: {'line': b'writing entry points to honrobo_pkg.egg-info/entry_points.txt\n'}
[0.986724] (honrobo_pkg) StdoutLine: {'line': b'writing requirements to honrobo_pkg.egg-info/requires.txt\n'}
[0.986877] (honrobo_pkg) StdoutLine: {'line': b'writing top-level names to honrobo_pkg.egg-info/top_level.txt\n'}
[0.988898] (honrobo_pkg) StdoutLine: {'line': b"reading manifest file 'honrobo_pkg.egg-info/SOURCES.txt'\n"}
[0.989870] (honrobo_pkg) StdoutLine: {'line': b"writing manifest file 'honrobo_pkg.egg-info/SOURCES.txt'\n"}
[0.991205] (honrobo_pkg) StdoutLine: {'line': b'running build_ext\n'}
[0.991472] (honrobo_pkg) StdoutLine: {'line': b'Creating /home/haru/Documents/honrobo_2026/install/honrobo_pkg/lib/python3.10/site-packages/honrobo-pkg.egg-link (link to .)\n'}
[0.992526] (honrobo_pkg) StdoutLine: {'line': b'Installing can_node script to /home/haru/Documents/honrobo_2026/install/honrobo_pkg/lib/honrobo_pkg\n'}
[0.992830] (honrobo_pkg) StdoutLine: {'line': b'Installing ps4_node script to /home/haru/Documents/honrobo_2026/install/honrobo_pkg/lib/honrobo_pkg\n'}
[0.992980] (honrobo_pkg) StdoutLine: {'line': b'Installing roboware_node script to /home/haru/Documents/honrobo_2026/install/honrobo_pkg/lib/honrobo_pkg\n'}
[0.993165] (honrobo_pkg) StdoutLine: {'line': b'Installing web_node script to /home/haru/Documents/honrobo_2026/install/honrobo_pkg/lib/honrobo_pkg\n'}
[0.993405] (honrobo_pkg) StdoutLine: {'line': b'Installing zikoiti_node script to /home/haru/Documents/honrobo_2026/install/honrobo_pkg/lib/honrobo_pkg\n'}
[0.993680] (honrobo_pkg) StdoutLine: {'line': b'\n'}
[0.993848] (honrobo_pkg) StdoutLine: {'line': b'Installed /home/haru/Documents/honrobo_2026/build/honrobo_pkg\n'}
[0.993948] (honrobo_pkg) StdoutLine: {'line': b'running symlink_data\n'}
[1.001355] (-) TimerEvent: {}
[1.028654] (honrobo_pkg) CommandEnded: {'returncode': 0}
[1.044972] (honrobo_pkg) JobEnded: {'identifier': 'honrobo_pkg', 'rc': 0}
[1.046030] (-) EventReactorShutdown: {}
