[0.381s] Invoking command in '/home/haru/Documents/honrobo_2026/build/honrobo_pkg': PYTHONPATH=/home/haru/Documents/honrobo_2026/build/honrobo_pkg/prefix_override:/usr/lib/python3/dist-packages/colcon_core/task/python/colcon_distutils_commands:/home/haru/Documents/honrobo_2026/install/honrobo_pkg/lib/python3.10/site-packages: /usr/bin/python3 -W ignore:setup.py install is deprecated -W ignore:easy_install command is deprecated setup.py develop --uninstall --editable --build-directory /home/haru/Documents/honrobo_2026/build/honrobo_pkg/build
[0.544s] running develop
[0.620s] Removing /home/haru/Documents/honrobo_2026/install/honrobo_pkg/lib/python3.10/site-packages/honrobo-pkg.egg-link (link to .)
[0.638s] Invoked command in '/home/haru/Documents/honrobo_2026/build/honrobo_pkg' returned '0': PYTHONPATH=/home/haru/Documents/honrobo_2026/build/honrobo_pkg/prefix_override:/usr/lib/python3/dist-packages/colcon_core/task/python/colcon_distutils_commands:/home/haru/Documents/honrobo_2026/install/honrobo_pkg/lib/python3.10/site-packages: /usr/bin/python3 -W ignore:setup.py install is deprecated -W ignore:easy_install command is deprecated setup.py develop --uninstall --editable --build-directory /home/haru/Documents/honrobo_2026/build/honrobo_pkg/build
[0.639s] Invoking command in '/home/haru/Documents/honrobo_2026/src/honrobo_pkg': PYTHONPATH=/home/haru/Documents/honrobo_2026/build/honrobo_pkg/prefix_override:/usr/lib/python3/dist-packages/colcon_core/task/python/colcon_distutils_commands:/home/haru/Documents/honrobo_2026/install/honrobo_pkg/lib/python3.10/site-packages: /usr/bin/python3 -W ignore:setup.py install is deprecated -W ignore:easy_install command is deprecated setup.py egg_info --egg-base ../../build/honrobo_pkg build --build-base /home/haru/Documents/honrobo_2026/build/honrobo_pkg/build install --record /home/haru/Documents/honrobo_2026/build/honrobo_pkg/install.log --single-version-externally-managed install_data --force
[0.788s] running egg_info
[0.788s] writing ../../build/honrobo_pkg/honrobo_pkg.egg-info/PKG-INFO
[0.788s] writing dependency_links to ../../build/honrobo_pkg/honrobo_pkg.egg-info/dependency_links.txt
[0.788s] writing entry points to ../../build/honrobo_pkg/honrobo_pkg.egg-info/entry_points.txt
[0.789s] writing requirements to ../../build/honrobo_pkg/honrobo_pkg.egg-info/requires.txt
[0.789s] writing top-level names to ../../build/honrobo_pkg/honrobo_pkg.egg-info/top_level.txt
[0.790s] reading manifest file '../../build/honrobo_pkg/honrobo_pkg.egg-info/SOURCES.txt'
[0.791s] writing manifest file '../../build/honrobo_pkg/honrobo_pkg.egg-info/SOURCES.txt'
[0.791s] running build
[0.791s] running build_py
[0.791s] copying honrobo_pkg/web_node.py -> /home/haru/Documents/honrobo_2026/build/honrobo_pkg/build/lib/honrobo_pkg
[0.791s] running install
[0.792s] running install_lib
[0.792s] copying /home/haru/Documents/honrobo_2026/build/honrobo_pkg/build/lib/honrobo_pkg/ps4_node.py -> /home/haru/Documents/honrobo_2026/install/honrobo_pkg/lib/python3.10/site-packages/honrobo_pkg
[0.792s] copying /home/haru/Documents/honrobo_2026/build/honrobo_pkg/build/lib/honrobo_pkg/__init__.py -> /home/haru/Documents/honrobo_2026/install/honrobo_pkg/lib/python3.10/site-packages/honrobo_pkg
[0.792s] copying /home/haru/Documents/honrobo_2026/build/honrobo_pkg/build/lib/honrobo_pkg/web_node.py -> /home/haru/Documents/honrobo_2026/install/honrobo_pkg/lib/python3.10/site-packages/honrobo_pkg
[0.792s] copying /home/haru/Documents/honrobo_2026/build/honrobo_pkg/build/lib/honrobo_pkg/can_node.py -> /home/haru/Documents/honrobo_2026/install/honrobo_pkg/lib/python3.10/site-packages/honrobo_pkg
[0.793s] copying /home/haru/Documents/honrobo_2026/build/honrobo_pkg/build/lib/honrobo_pkg/zikoiti_node.py -> /home/haru/Documents/honrobo_2026/install/honrobo_pkg/lib/python3.10/site-packages/honrobo_pkg
[0.793s] copying /home/haru/Documents/honrobo_2026/build/honrobo_pkg/build/lib/honrobo_pkg/roboware_node.py -> /home/haru/Documents/honrobo_2026/install/honrobo_pkg/lib/python3.10/site-packages/honrobo_pkg
[0.793s] byte-compiling /home/haru/Documents/honrobo_2026/install/honrobo_pkg/lib/python3.10/site-packages/honrobo_pkg/ps4_node.py to ps4_node.cpython-310.pyc
[0.795s] byte-compiling /home/haru/Documents/honrobo_2026/install/honrobo_pkg/lib/python3.10/site-packages/honrobo_pkg/__init__.py to __init__.cpython-310.pyc
[0.795s] byte-compiling /home/haru/Documents/honrobo_2026/install/honrobo_pkg/lib/python3.10/site-packages/honrobo_pkg/web_node.py to web_node.cpython-310.pyc
[0.798s] byte-compiling /home/haru/Documents/honrobo_2026/install/honrobo_pkg/lib/python3.10/site-packages/honrobo_pkg/can_node.py to can_node.cpython-310.pyc
[0.799s] byte-compiling /home/haru/Documents/honrobo_2026/install/honrobo_pkg/lib/python3.10/site-packages/honrobo_pkg/zikoiti_node.py to zikoiti_node.cpython-310.pyc
[0.801s] byte-compiling /home/haru/Documents/honrobo_2026/install/honrobo_pkg/lib/python3.10/site-packages/honrobo_pkg/roboware_node.py to roboware_node.cpython-310.pyc
[0.802s] running install_data
[0.802s] copying resource/honrobo_pkg -> /home/haru/Documents/honrobo_2026/install/honrobo_pkg/share/ament_index/resource_index/packages
[0.802s] copying package.xml -> /home/haru/Documents/honrobo_2026/install/honrobo_pkg/share/honrobo_pkg
[0.802s] copying launch/nav2.launch.py -> /home/haru/Documents/honrobo_2026/install/honrobo_pkg/share/honrobo_pkg/launch
[0.803s] copying config/nav2_params.yaml -> /home/haru/Documents/honrobo_2026/install/honrobo_pkg/share/honrobo_pkg/config
[0.803s] copying map/map.yaml -> /home/haru/Documents/honrobo_2026/install/honrobo_pkg/share/honrobo_pkg/map
[0.803s] copying map/map.png -> /home/haru/Documents/honrobo_2026/install/honrobo_pkg/share/honrobo_pkg/map
[0.803s] copying map/map_red.yaml -> /home/haru/Documents/honrobo_2026/install/honrobo_pkg/share/honrobo_pkg/map
[0.803s] copying map/map_red.png -> /home/haru/Documents/honrobo_2026/install/honrobo_pkg/share/honrobo_pkg/map
[0.803s] copying map/map_blue.yaml -> /home/haru/Documents/honrobo_2026/install/honrobo_pkg/share/honrobo_pkg/map
[0.803s] copying map/map_blue.png -> /home/haru/Documents/honrobo_2026/install/honrobo_pkg/share/honrobo_pkg/map
[0.803s] running install_egg_info
[0.805s] Copying ../../build/honrobo_pkg/honrobo_pkg.egg-info to /home/haru/Documents/honrobo_2026/install/honrobo_pkg/lib/python3.10/site-packages/honrobo_pkg-1.0.0-py3.10.egg-info
[0.806s] running install_scripts
[0.823s] Installing can_node script to /home/haru/Documents/honrobo_2026/install/honrobo_pkg/lib/honrobo_pkg
[0.823s] Installing ps4_node script to /home/haru/Documents/honrobo_2026/install/honrobo_pkg/lib/honrobo_pkg
[0.823s] Installing roboware_node script to /home/haru/Documents/honrobo_2026/install/honrobo_pkg/lib/honrobo_pkg
[0.823s] Installing web_node script to /home/haru/Documents/honrobo_2026/install/honrobo_pkg/lib/honrobo_pkg
[0.823s] Installing zikoiti_node script to /home/haru/Documents/honrobo_2026/install/honrobo_pkg/lib/honrobo_pkg
[0.824s] writing list of installed files to '/home/haru/Documents/honrobo_2026/build/honrobo_pkg/install.log'
[0.841s] Invoked command in '/home/haru/Documents/honrobo_2026/src/honrobo_pkg' returned '0': PYTHONPATH=/home/haru/Documents/honrobo_2026/build/honrobo_pkg/prefix_override:/usr/lib/python3/dist-packages/colcon_core/task/python/colcon_distutils_commands:/home/haru/Documents/honrobo_2026/install/honrobo_pkg/lib/python3.10/site-packages: /usr/bin/python3 -W ignore:setup.py install is deprecated -W ignore:easy_install command is deprecated setup.py egg_info --egg-base ../../build/honrobo_pkg build --build-base /home/haru/Documents/honrobo_2026/build/honrobo_pkg/build install --record /home/haru/Documents/honrobo_2026/build/honrobo_pkg/install.log --single-version-externally-managed install_data --force
