[0.021s] Invoking command in '/home/haru/Documents/honrobo_2026/build/holo_mcl': CMAKE_PREFIX_PATH=/opt/ros/humble /usr/bin/cmake --build /home/haru/Documents/honrobo_2026/build/holo_mcl -- -j12 -l12
[0.315s] [ 50%] Built target mcl
[0.315s] [100%] Built target holo_mcl
[0.330s] Invoked command in '/home/haru/Documents/honrobo_2026/build/holo_mcl' returned '0': CMAKE_PREFIX_PATH=/opt/ros/humble /usr/bin/cmake --build /home/haru/Documents/honrobo_2026/build/holo_mcl -- -j12 -l12
[0.331s] Invoking command in '/home/haru/Documents/honrobo_2026/build/holo_mcl': CMAKE_PREFIX_PATH=/opt/ros/humble /usr/bin/cmake --install /home/haru/Documents/honrobo_2026/build/holo_mcl
[0.342s] -- Install configuration: ""
[0.343s] -- Execute custom install script
[0.344s] -- Up-to-date symlink: /home/haru/Documents/honrobo_2026/install/holo_mcl/lib/holo_mcl/mcl
[0.345s] -- Up-to-date symlink: /home/haru/Documents/honrobo_2026/install/holo_mcl/include/holo_mcl/holo_mcl/mcl.hpp
[0.345s] -- Up-to-date symlink: /home/haru/Documents/honrobo_2026/install/holo_mcl/share/holo_mcl/environment/library_path.sh
[0.346s] -- Up-to-date symlink: /home/haru/Documents/honrobo_2026/install/holo_mcl/share/holo_mcl/environment/library_path.dsv
[0.346s] -- Up-to-date symlink: /home/haru/Documents/honrobo_2026/install/holo_mcl/lib/libholo_mcl.so
[0.347s] -- Up-to-date symlink: /home/haru/Documents/honrobo_2026/install/holo_mcl/share/ament_index/resource_index/package_run_dependencies/holo_mcl
[0.347s] -- Up-to-date symlink: /home/haru/Documents/honrobo_2026/install/holo_mcl/share/ament_index/resource_index/parent_prefix_path/holo_mcl
[0.347s] -- Up-to-date symlink: /home/haru/Documents/honrobo_2026/install/holo_mcl/share/holo_mcl/environment/ament_prefix_path.sh
[0.347s] -- Up-to-date symlink: /home/haru/Documents/honrobo_2026/install/holo_mcl/share/holo_mcl/environment/ament_prefix_path.dsv
[0.348s] -- Up-to-date symlink: /home/haru/Documents/honrobo_2026/install/holo_mcl/share/holo_mcl/environment/path.sh
[0.348s] -- Up-to-date symlink: /home/haru/Documents/honrobo_2026/install/holo_mcl/share/holo_mcl/environment/path.dsv
[0.348s] -- Up-to-date symlink: /home/haru/Documents/honrobo_2026/install/holo_mcl/share/holo_mcl/local_setup.bash
[0.348s] -- Up-to-date symlink: /home/haru/Documents/honrobo_2026/install/holo_mcl/share/holo_mcl/local_setup.sh
[0.349s] -- Up-to-date symlink: /home/haru/Documents/honrobo_2026/install/holo_mcl/share/holo_mcl/local_setup.zsh
[0.349s] -- Up-to-date symlink: /home/haru/Documents/honrobo_2026/install/holo_mcl/share/holo_mcl/local_setup.dsv
[0.349s] -- Symlinking: /home/haru/Documents/honrobo_2026/install/holo_mcl/share/holo_mcl/package.dsv
[0.359s] -- Up-to-date symlink: /home/haru/Documents/honrobo_2026/install/holo_mcl/share/ament_index/resource_index/packages/holo_mcl
[0.359s] -- Up-to-date symlink: /home/haru/Documents/honrobo_2026/install/holo_mcl/share/ament_index/resource_index/rclcpp_components/holo_mcl
[0.360s] -- Up-to-date symlink: /home/haru/Documents/honrobo_2026/install/holo_mcl/share/holo_mcl/cmake/ament_cmake_export_dependencies-extras.cmake
[0.360s] -- Up-to-date symlink: /home/haru/Documents/honrobo_2026/install/holo_mcl/share/holo_mcl/cmake/ament_cmake_export_include_directories-extras.cmake
[0.360s] -- Up-to-date symlink: /home/haru/Documents/honrobo_2026/install/holo_mcl/share/holo_mcl/cmake/ament_cmake_export_libraries-extras.cmake
[0.361s] -- Up-to-date symlink: /home/haru/Documents/honrobo_2026/install/holo_mcl/share/holo_mcl/cmake/holo_mclConfig.cmake
[0.381s] -- Up-to-date symlink: /home/haru/Documents/honrobo_2026/install/holo_mcl/share/holo_mcl/cmake/holo_mclConfig-version.cmake
[0.381s] -- Up-to-date symlink: /home/haru/Documents/honrobo_2026/install/holo_mcl/share/holo_mcl/package.xml
[0.401s] Invoked command in '/home/haru/Documents/honrobo_2026/build/holo_mcl' returned '0': CMAKE_PREFIX_PATH=/opt/ros/humble /usr/bin/cmake --install /home/haru/Documents/honrobo_2026/build/holo_mcl
