[0.124s] DEBUG:colcon:Command line arguments: ['/usr/bin/colcon', 'build', '--symlink-install']
[0.124s] DEBUG:colcon:Parsed command line arguments: Namespace(log_base=None, log_level=None, verb_name='build', build_base='build', install_base='install', merge_install=False, symlink_install=True, test_result_base=None, continue_on_error=False, executor='parallel', parallel_workers=12, event_handlers=None, ignore_user_meta=False, metas=['./colcon.meta'], base_paths=['.'], packages_ignore=None, packages_ignore_regex=None, paths=None, packages_up_to=None, packages_up_to_regex=None, packages_above=None, packages_above_and_dependencies=None, packages_above_depth=None, packages_select_by_dep=None, packages_skip_by_dep=None, packages_skip_up_to=None, packages_select_build_failed=False, packages_skip_build_finished=False, packages_select_test_failures=False, packages_skip_test_passed=False, packages_select=None, packages_skip=None, packages_select_regex=None, packages_skip_regex=None, packages_start=None, packages_end=None, allow_overriding=[], cmake_args=None, cmake_target=None, cmake_target_skip_unavailable=False, cmake_clean_cache=False, cmake_clean_first=False, cmake_force_configure=False, ament_cmake_args=None, catkin_cmake_args=None, catkin_skip_building_tests=False, verb_parser=<colcon_defaults.argument_parser.defaults.DefaultArgumentsDecorator object at 0x71027b972800>, verb_extension=<colcon_core.verb.build.BuildVerb object at 0x71027b971f30>, main=<bound method BuildVerb.main of <colcon_core.verb.build.BuildVerb object at 0x71027b971f30>>)
[0.168s] Level 1:colcon.colcon_core.package_discovery:discover_packages(colcon_meta) check parameters
[0.169s] Level 1:colcon.colcon_core.package_discovery:discover_packages(recursive) check parameters
[0.169s] Level 1:colcon.colcon_core.package_discovery:discover_packages(ignore) check parameters
[0.169s] Level 1:colcon.colcon_core.package_discovery:discover_packages(path) check parameters
[0.169s] Level 1:colcon.colcon_core.package_discovery:discover_packages(colcon_meta) discover
[0.169s] Level 1:colcon.colcon_core.package_discovery:discover_packages(recursive) discover
[0.169s] INFO:colcon.colcon_core.package_discovery:Crawling recursively for packages in '/home/haru/Documents/honrobo_2026'
[0.169s] Level 1:colcon.colcon_core.package_identification:_identify(.) by extensions ['ignore', 'ignore_ament_install']
[0.169s] Level 1:colcon.colcon_core.package_identification:_identify(.) by extension 'ignore'
[0.169s] Level 1:colcon.colcon_core.package_identification:_identify(.) by extension 'ignore_ament_install'
[0.169s] Level 1:colcon.colcon_core.package_identification:_identify(.) by extensions ['colcon_pkg']
[0.169s] Level 1:colcon.colcon_core.package_identification:_identify(.) by extension 'colcon_pkg'
[0.169s] Level 1:colcon.colcon_core.package_identification:_identify(.) by extensions ['colcon_meta']
[0.169s] Level 1:colcon.colcon_core.package_identification:_identify(.) by extension 'colcon_meta'
[0.169s] Level 1:colcon.colcon_core.package_identification:_identify(.) by extensions ['ros']
[0.169s] Level 1:colcon.colcon_core.package_identification:_identify(.) by extension 'ros'
[0.186s] Level 1:colcon.colcon_core.package_identification:_identify(.) by extensions ['cmake', 'python']
[0.186s] Level 1:colcon.colcon_core.package_identification:_identify(.) by extension 'cmake'
[0.186s] Level 1:colcon.colcon_core.package_identification:_identify(.) by extension 'python'
[0.186s] Level 1:colcon.colcon_core.package_identification:_identify(.) by extensions ['python_setup_py']
[0.186s] Level 1:colcon.colcon_core.package_identification:_identify(.) by extension 'python_setup_py'
[0.186s] Level 1:colcon.colcon_core.package_identification:_identify(build) by extensions ['ignore', 'ignore_ament_install']
[0.186s] Level 1:colcon.colcon_core.package_identification:_identify(build) by extension 'ignore'
[0.186s] Level 1:colcon.colcon_core.package_identification:_identify(build) ignored
[0.186s] Level 1:colcon.colcon_core.package_identification:_identify(install) by extensions ['ignore', 'ignore_ament_install']
[0.187s] Level 1:colcon.colcon_core.package_identification:_identify(install) by extension 'ignore'
[0.187s] Level 1:colcon.colcon_core.package_identification:_identify(install) ignored
[0.187s] Level 1:colcon.colcon_core.package_identification:_identify(log) by extensions ['ignore', 'ignore_ament_install']
[0.187s] Level 1:colcon.colcon_core.package_identification:_identify(log) by extension 'ignore'
[0.187s] Level 1:colcon.colcon_core.package_identification:_identify(log) ignored
[0.187s] Level 1:colcon.colcon_core.package_identification:_identify(scripts) by extensions ['ignore', 'ignore_ament_install']
[0.187s] Level 1:colcon.colcon_core.package_identification:_identify(scripts) by extension 'ignore'
[0.187s] Level 1:colcon.colcon_core.package_identification:_identify(scripts) by extension 'ignore_ament_install'
[0.187s] Level 1:colcon.colcon_core.package_identification:_identify(scripts) by extensions ['colcon_pkg']
[0.187s] Level 1:colcon.colcon_core.package_identification:_identify(scripts) by extension 'colcon_pkg'
[0.187s] Level 1:colcon.colcon_core.package_identification:_identify(scripts) by extensions ['colcon_meta']
[0.187s] Level 1:colcon.colcon_core.package_identification:_identify(scripts) by extension 'colcon_meta'
[0.187s] Level 1:colcon.colcon_core.package_identification:_identify(scripts) by extensions ['ros']
[0.187s] Level 1:colcon.colcon_core.package_identification:_identify(scripts) by extension 'ros'
[0.188s] Level 1:colcon.colcon_core.package_identification:_identify(scripts) by extensions ['cmake', 'python']
[0.188s] Level 1:colcon.colcon_core.package_identification:_identify(scripts) by extension 'cmake'
[0.188s] Level 1:colcon.colcon_core.package_identification:_identify(scripts) by extension 'python'
[0.188s] Level 1:colcon.colcon_core.package_identification:_identify(scripts) by extensions ['python_setup_py']
[0.188s] Level 1:colcon.colcon_core.package_identification:_identify(scripts) by extension 'python_setup_py'
[0.188s] Level 1:colcon.colcon_core.package_identification:_identify(src) by extensions ['ignore', 'ignore_ament_install']
[0.188s] Level 1:colcon.colcon_core.package_identification:_identify(src) by extension 'ignore'
[0.188s] Level 1:colcon.colcon_core.package_identification:_identify(src) by extension 'ignore_ament_install'
[0.188s] Level 1:colcon.colcon_core.package_identification:_identify(src) by extensions ['colcon_pkg']
[0.188s] Level 1:colcon.colcon_core.package_identification:_identify(src) by extension 'colcon_pkg'
[0.188s] Level 1:colcon.colcon_core.package_identification:_identify(src) by extensions ['colcon_meta']
[0.188s] Level 1:colcon.colcon_core.package_identification:_identify(src) by extension 'colcon_meta'
[0.188s] Level 1:colcon.colcon_core.package_identification:_identify(src) by extensions ['ros']
[0.188s] Level 1:colcon.colcon_core.package_identification:_identify(src) by extension 'ros'
[0.188s] Level 1:colcon.colcon_core.package_identification:_identify(src) by extensions ['cmake', 'python']
[0.188s] Level 1:colcon.colcon_core.package_identification:_identify(src) by extension 'cmake'
[0.188s] Level 1:colcon.colcon_core.package_identification:_identify(src) by extension 'python'
[0.188s] Level 1:colcon.colcon_core.package_identification:_identify(src) by extensions ['python_setup_py']
[0.188s] Level 1:colcon.colcon_core.package_identification:_identify(src) by extension 'python_setup_py'
[0.189s] Level 1:colcon.colcon_core.package_identification:_identify(src/fast_nav_cpp) by extensions ['ignore', 'ignore_ament_install']
[0.189s] Level 1:colcon.colcon_core.package_identification:_identify(src/fast_nav_cpp) by extension 'ignore'
[0.189s] Level 1:colcon.colcon_core.package_identification:_identify(src/fast_nav_cpp) by extension 'ignore_ament_install'
[0.189s] Level 1:colcon.colcon_core.package_identification:_identify(src/fast_nav_cpp) by extensions ['colcon_pkg']
[0.189s] Level 1:colcon.colcon_core.package_identification:_identify(src/fast_nav_cpp) by extension 'colcon_pkg'
[0.189s] Level 1:colcon.colcon_core.package_identification:_identify(src/fast_nav_cpp) by extensions ['colcon_meta']
[0.189s] Level 1:colcon.colcon_core.package_identification:_identify(src/fast_nav_cpp) by extension 'colcon_meta'
[0.189s] Level 1:colcon.colcon_core.package_identification:_identify(src/fast_nav_cpp) by extensions ['ros']
[0.189s] Level 1:colcon.colcon_core.package_identification:_identify(src/fast_nav_cpp) by extension 'ros'
[0.192s] DEBUG:colcon.colcon_core.package_identification:Package 'src/fast_nav_cpp' with type 'ros.ament_cmake' and name 'fast_nav_cpp'
[0.192s] Level 1:colcon.colcon_core.package_identification:_identify(src/holo_lidar_converter) by extensions ['ignore', 'ignore_ament_install']
[0.192s] Level 1:colcon.colcon_core.package_identification:_identify(src/holo_lidar_converter) by extension 'ignore'
[0.192s] Level 1:colcon.colcon_core.package_identification:_identify(src/holo_lidar_converter) by extension 'ignore_ament_install'
[0.193s] Level 1:colcon.colcon_core.package_identification:_identify(src/holo_lidar_converter) by extensions ['colcon_pkg']
[0.193s] Level 1:colcon.colcon_core.package_identification:_identify(src/holo_lidar_converter) by extension 'colcon_pkg'
[0.193s] Level 1:colcon.colcon_core.package_identification:_identify(src/holo_lidar_converter) by extensions ['colcon_meta']
[0.193s] Level 1:colcon.colcon_core.package_identification:_identify(src/holo_lidar_converter) by extension 'colcon_meta'
[0.193s] Level 1:colcon.colcon_core.package_identification:_identify(src/holo_lidar_converter) by extensions ['ros']
[0.193s] Level 1:colcon.colcon_core.package_identification:_identify(src/holo_lidar_converter) by extension 'ros'
[0.194s] DEBUG:colcon.colcon_core.package_identification:Package 'src/holo_lidar_converter' with type 'ros.ament_cmake' and name 'holo_lidar_converter'
[0.194s] Level 1:colcon.colcon_core.package_identification:_identify(src/holo_mcl) by extensions ['ignore', 'ignore_ament_install']
[0.194s] Level 1:colcon.colcon_core.package_identification:_identify(src/holo_mcl) by extension 'ignore'
[0.194s] Level 1:colcon.colcon_core.package_identification:_identify(src/holo_mcl) by extension 'ignore_ament_install'
[0.194s] Level 1:colcon.colcon_core.package_identification:_identify(src/holo_mcl) by extensions ['colcon_pkg']
[0.194s] Level 1:colcon.colcon_core.package_identification:_identify(src/holo_mcl) by extension 'colcon_pkg'
[0.194s] Level 1:colcon.colcon_core.package_identification:_identify(src/holo_mcl) by extensions ['colcon_meta']
[0.194s] Level 1:colcon.colcon_core.package_identification:_identify(src/holo_mcl) by extension 'colcon_meta'
[0.194s] Level 1:colcon.colcon_core.package_identification:_identify(src/holo_mcl) by extensions ['ros']
[0.194s] Level 1:colcon.colcon_core.package_identification:_identify(src/holo_mcl) by extension 'ros'
[0.195s] DEBUG:colcon.colcon_core.package_identification:Package 'src/holo_mcl' with type 'ros.ament_cmake' and name 'holo_mcl'
[0.196s] Level 1:colcon.colcon_core.package_identification:_identify(src/honrobo_pkg) by extensions ['ignore', 'ignore_ament_install']
[0.196s] Level 1:colcon.colcon_core.package_identification:_identify(src/honrobo_pkg) by extension 'ignore'
[0.196s] Level 1:colcon.colcon_core.package_identification:_identify(src/honrobo_pkg) by extension 'ignore_ament_install'
[0.196s] Level 1:colcon.colcon_core.package_identification:_identify(src/honrobo_pkg) by extensions ['colcon_pkg']
[0.196s] Level 1:colcon.colcon_core.package_identification:_identify(src/honrobo_pkg) by extension 'colcon_pkg'
[0.196s] Level 1:colcon.colcon_core.package_identification:_identify(src/honrobo_pkg) by extensions ['colcon_meta']
[0.196s] Level 1:colcon.colcon_core.package_identification:_identify(src/honrobo_pkg) by extension 'colcon_meta'
[0.196s] Level 1:colcon.colcon_core.package_identification:_identify(src/honrobo_pkg) by extensions ['ros']
[0.196s] Level 1:colcon.colcon_core.package_identification:_identify(src/honrobo_pkg) by extension 'ros'
[0.197s] DEBUG:colcon.colcon_core.package_identification:Package 'src/honrobo_pkg' with type 'ros.ament_python' and name 'honrobo_pkg'
[0.197s] Level 1:colcon.colcon_core.package_discovery:discover_packages(recursive) using defaults
[0.197s] Level 1:colcon.colcon_core.package_discovery:discover_packages(ignore) discover
[0.197s] Level 1:colcon.colcon_core.package_discovery:discover_packages(ignore) using defaults
[0.197s] Level 1:colcon.colcon_core.package_discovery:discover_packages(path) discover
[0.197s] Level 1:colcon.colcon_core.package_discovery:discover_packages(path) using defaults
[0.221s] Level 1:colcon.colcon_core.package_discovery:discover_packages(prefix_path) check parameters
[0.221s] Level 1:colcon.colcon_core.package_discovery:discover_packages(prefix_path) discover
[0.224s] DEBUG:colcon.colcon_installed_package_information.package_discovery:Found 430 installed packages in /opt/ros/humble
[0.227s] Level 1:colcon.colcon_core.package_discovery:discover_packages(prefix_path) using defaults
[0.286s] Level 5:colcon.colcon_core.verb:set package 'fast_nav_cpp' build argument 'cmake_args' from command line to 'None'
[0.286s] Level 5:colcon.colcon_core.verb:set package 'fast_nav_cpp' build argument 'cmake_target' from command line to 'None'
[0.286s] Level 5:colcon.colcon_core.verb:set package 'fast_nav_cpp' build argument 'cmake_target_skip_unavailable' from command line to 'False'
[0.286s] Level 5:colcon.colcon_core.verb:set package 'fast_nav_cpp' build argument 'cmake_clean_cache' from command line to 'False'
[0.286s] Level 5:colcon.colcon_core.verb:set package 'fast_nav_cpp' build argument 'cmake_clean_first' from command line to 'False'
[0.286s] Level 5:colcon.colcon_core.verb:set package 'fast_nav_cpp' build argument 'cmake_force_configure' from command line to 'False'
[0.286s] Level 5:colcon.colcon_core.verb:set package 'fast_nav_cpp' build argument 'ament_cmake_args' from command line to 'None'
[0.286s] Level 5:colcon.colcon_core.verb:set package 'fast_nav_cpp' build argument 'catkin_cmake_args' from command line to 'None'
[0.286s] Level 5:colcon.colcon_core.verb:set package 'fast_nav_cpp' build argument 'catkin_skip_building_tests' from command line to 'False'
[0.286s] DEBUG:colcon.colcon_core.verb:Building package 'fast_nav_cpp' with the following arguments: {'ament_cmake_args': None, 'build_base': '/home/haru/Documents/honrobo_2026/build/fast_nav_cpp', 'catkin_cmake_args': None, 'catkin_skip_building_tests': False, 'cmake_args': None, 'cmake_clean_cache': False, 'cmake_clean_first': False, 'cmake_force_configure': False, 'cmake_target': None, 'cmake_target_skip_unavailable': False, 'install_base': '/home/haru/Documents/honrobo_2026/install/fast_nav_cpp', 'merge_install': False, 'path': '/home/haru/Documents/honrobo_2026/src/fast_nav_cpp', 'symlink_install': True, 'test_result_base': None}
[0.286s] Level 5:colcon.colcon_core.verb:set package 'holo_lidar_converter' build argument 'cmake_args' from command line to 'None'
[0.286s] Level 5:colcon.colcon_core.verb:set package 'holo_lidar_converter' build argument 'cmake_target' from command line to 'None'
[0.286s] Level 5:colcon.colcon_core.verb:set package 'holo_lidar_converter' build argument 'cmake_target_skip_unavailable' from command line to 'False'
[0.286s] Level 5:colcon.colcon_core.verb:set package 'holo_lidar_converter' build argument 'cmake_clean_cache' from command line to 'False'
[0.286s] Level 5:colcon.colcon_core.verb:set package 'holo_lidar_converter' build argument 'cmake_clean_first' from command line to 'False'
[0.286s] Level 5:colcon.colcon_core.verb:set package 'holo_lidar_converter' build argument 'cmake_force_configure' from command line to 'False'
[0.286s] Level 5:colcon.colcon_core.verb:set package 'holo_lidar_converter' build argument 'ament_cmake_args' from command line to 'None'
[0.286s] Level 5:colcon.colcon_core.verb:set package 'holo_lidar_converter' build argument 'catkin_cmake_args' from command line to 'None'
[0.287s] Level 5:colcon.colcon_core.verb:set package 'holo_lidar_converter' build argument 'catkin_skip_building_tests' from command line to 'False'
[0.287s] DEBUG:colcon.colcon_core.verb:Building package 'holo_lidar_converter' with the following arguments: {'ament_cmake_args': None, 'build_base': '/home/haru/Documents/honrobo_2026/build/holo_lidar_converter', 'catkin_cmake_args': None, 'catkin_skip_building_tests': False, 'cmake_args': None, 'cmake_clean_cache': False, 'cmake_clean_first': False, 'cmake_force_configure': False, 'cmake_target': None, 'cmake_target_skip_unavailable': False, 'install_base': '/home/haru/Documents/honrobo_2026/install/holo_lidar_converter', 'merge_install': False, 'path': '/home/haru/Documents/honrobo_2026/src/holo_lidar_converter', 'symlink_install': True, 'test_result_base': None}
[0.287s] Level 5:colcon.colcon_core.verb:set package 'holo_mcl' build argument 'cmake_args' from command line to 'None'
[0.287s] Level 5:colcon.colcon_core.verb:set package 'holo_mcl' build argument 'cmake_target' from command line to 'None'
[0.287s] Level 5:colcon.colcon_core.verb:set package 'holo_mcl' build argument 'cmake_target_skip_unavailable' from command line to 'False'
[0.287s] Level 5:colcon.colcon_core.verb:set package 'holo_mcl' build argument 'cmake_clean_cache' from command line to 'False'
[0.287s] Level 5:colcon.colcon_core.verb:set package 'holo_mcl' build argument 'cmake_clean_first' from command line to 'False'
[0.287s] Level 5:colcon.colcon_core.verb:set package 'holo_mcl' build argument 'cmake_force_configure' from command line to 'False'
[0.287s] Level 5:colcon.colcon_core.verb:set package 'holo_mcl' build argument 'ament_cmake_args' from command line to 'None'
[0.287s] Level 5:colcon.colcon_core.verb:set package 'holo_mcl' build argument 'catkin_cmake_args' from command line to 'None'
[0.287s] Level 5:colcon.colcon_core.verb:set package 'holo_mcl' build argument 'catkin_skip_building_tests' from command line to 'False'
[0.287s] DEBUG:colcon.colcon_core.verb:Building package 'holo_mcl' with the following arguments: {'ament_cmake_args': None, 'build_base': '/home/haru/Documents/honrobo_2026/build/holo_mcl', 'catkin_cmake_args': None, 'catkin_skip_building_tests': False, 'cmake_args': None, 'cmake_clean_cache': False, 'cmake_clean_first': False, 'cmake_force_configure': False, 'cmake_target': None, 'cmake_target_skip_unavailable': False, 'install_base': '/home/haru/Documents/honrobo_2026/install/holo_mcl', 'merge_install': False, 'path': '/home/haru/Documents/honrobo_2026/src/holo_mcl', 'symlink_install': True, 'test_result_base': None}
[0.287s] Level 5:colcon.colcon_core.verb:set package 'honrobo_pkg' build argument 'cmake_args' from command line to 'None'
[0.288s] Level 5:colcon.colcon_core.verb:set package 'honrobo_pkg' build argument 'cmake_target' from command line to 'None'
[0.288s] Level 5:colcon.colcon_core.verb:set package 'honrobo_pkg' build argument 'cmake_target_skip_unavailable' from command line to 'False'
[0.288s] Level 5:colcon.colcon_core.verb:set package 'honrobo_pkg' build argument 'cmake_clean_cache' from command line to 'False'
[0.288s] Level 5:colcon.colcon_core.verb:set package 'honrobo_pkg' build argument 'cmake_clean_first' from command line to 'False'
[0.288s] Level 5:colcon.colcon_core.verb:set package 'honrobo_pkg' build argument 'cmake_force_configure' from command line to 'False'
[0.288s] Level 5:colcon.colcon_core.verb:set package 'honrobo_pkg' build argument 'ament_cmake_args' from command line to 'None'
[0.288s] Level 5:colcon.colcon_core.verb:set package 'honrobo_pkg' build argument 'catkin_cmake_args' from command line to 'None'
[0.288s] Level 5:colcon.colcon_core.verb:set package 'honrobo_pkg' build argument 'catkin_skip_building_tests' from command line to 'False'
[0.288s] DEBUG:colcon.colcon_core.verb:Building package 'honrobo_pkg' with the following arguments: {'ament_cmake_args': None, 'build_base': '/home/haru/Documents/honrobo_2026/build/honrobo_pkg', 'catkin_cmake_args': None, 'catkin_skip_building_tests': False, 'cmake_args': None, 'cmake_clean_cache': False, 'cmake_clean_first': False, 'cmake_force_configure': False, 'cmake_target': None, 'cmake_target_skip_unavailable': False, 'install_base': '/home/haru/Documents/honrobo_2026/install/honrobo_pkg', 'merge_install': False, 'path': '/home/haru/Documents/honrobo_2026/src/honrobo_pkg', 'symlink_install': True, 'test_result_base': None}
[0.288s] INFO:colcon.colcon_core.executor:Executing jobs using 'parallel' executor
[0.289s] DEBUG:colcon.colcon_parallel_executor.executor.parallel:run_until_complete
[0.289s] INFO:colcon.colcon_ros.task.ament_cmake.build:Building ROS package in '/home/haru/Documents/honrobo_2026/src/fast_nav_cpp' with build type 'ament_cmake'
[0.289s] INFO:colcon.colcon_cmake.task.cmake.build:Building CMake package in '/home/haru/Documents/honrobo_2026/src/fast_nav_cpp'
[0.292s] INFO:colcon.colcon_core.plugin_system:Skipping extension 'colcon_core.shell.bat': Not used on non-Windows systems
[0.292s] INFO:colcon.colcon_core.shell:Skip shell extension 'powershell' for command environment: Not usable outside of PowerShell
[0.292s] DEBUG:colcon.colcon_core.shell:Skip shell extension 'dsv' for command environment
[0.296s] INFO:colcon.colcon_ros.task.ament_cmake.build:Building ROS package in '/home/haru/Documents/honrobo_2026/src/holo_lidar_converter' with build type 'ament_cmake'
[0.296s] INFO:colcon.colcon_cmake.task.cmake.build:Building CMake package in '/home/haru/Documents/honrobo_2026/src/holo_lidar_converter'
[0.297s] INFO:colcon.colcon_core.shell:Skip shell extension 'powershell' for command environment: Not usable outside of PowerShell
[0.297s] DEBUG:colcon.colcon_core.shell:Skip shell extension 'dsv' for command environment
[0.301s] INFO:colcon.colcon_ros.task.ament_cmake.build:Building ROS package in '/home/haru/Documents/honrobo_2026/src/holo_mcl' with build type 'ament_cmake'
[0.301s] INFO:colcon.colcon_cmake.task.cmake.build:Building CMake package in '/home/haru/Documents/honrobo_2026/src/holo_mcl'
[0.301s] INFO:colcon.colcon_core.shell:Skip shell extension 'powershell' for command environment: Not usable outside of PowerShell
[0.301s] DEBUG:colcon.colcon_core.shell:Skip shell extension 'dsv' for command environment
[0.305s] INFO:colcon.colcon_ros.task.ament_python.build:Building ROS package in '/home/haru/Documents/honrobo_2026/src/honrobo_pkg' with build type 'ament_python'
[0.305s] Level 1:colcon.colcon_core.shell:create_environment_hook('honrobo_pkg', 'ament_prefix_path')
[0.305s] INFO:colcon.colcon_core.shell:Creating environment hook '/home/haru/Documents/honrobo_2026/install/honrobo_pkg/share/honrobo_pkg/hook/ament_prefix_path.ps1'
[0.306s] INFO:colcon.colcon_core.shell:Creating environment descriptor '/home/haru/Documents/honrobo_2026/install/honrobo_pkg/share/honrobo_pkg/hook/ament_prefix_path.dsv'
[0.307s] INFO:colcon.colcon_core.shell:Creating environment hook '/home/haru/Documents/honrobo_2026/install/honrobo_pkg/share/honrobo_pkg/hook/ament_prefix_path.sh'
[0.308s] INFO:colcon.colcon_core.shell:Skip shell extension 'powershell' for command environment: Not usable outside of PowerShell
[0.308s] DEBUG:colcon.colcon_core.shell:Skip shell extension 'dsv' for command environment
[0.316s] DEBUG:colcon.colcon_core.event_handler.log_command:Invoking command in '/home/haru/Documents/honrobo_2026/build/fast_nav_cpp': CMAKE_PREFIX_PATH=/opt/ros/humble /usr/bin/cmake /home/haru/Documents/honrobo_2026/src/fast_nav_cpp -DAMENT_CMAKE_SYMLINK_INSTALL=1 -DCMAKE_INSTALL_PREFIX=/home/haru/Documents/honrobo_2026/install/fast_nav_cpp
[0.317s] DEBUG:colcon.colcon_core.event_handler.log_command:Invoking command in '/home/haru/Documents/honrobo_2026/build/holo_lidar_converter': CMAKE_PREFIX_PATH=/opt/ros/humble /usr/bin/cmake /home/haru/Documents/honrobo_2026/src/holo_lidar_converter -DAMENT_CMAKE_SYMLINK_INSTALL=1 -DCMAKE_INSTALL_PREFIX=/home/haru/Documents/honrobo_2026/install/holo_lidar_converter
[0.318s] DEBUG:colcon.colcon_core.event_handler.log_command:Invoking command in '/home/haru/Documents/honrobo_2026/build/holo_mcl': CMAKE_PREFIX_PATH=/opt/ros/humble /usr/bin/cmake /home/haru/Documents/honrobo_2026/src/holo_mcl -DAMENT_CMAKE_SYMLINK_INSTALL=1 -DCMAKE_INSTALL_PREFIX=/home/haru/Documents/honrobo_2026/install/holo_mcl
[0.582s] INFO:colcon.colcon_core.task.python.build:Building Python package in '/home/haru/Documents/honrobo_2026/src/honrobo_pkg'
[0.582s] INFO:colcon.colcon_core.shell:Skip shell extension 'powershell' for command environment: Not usable outside of PowerShell
[0.582s] DEBUG:colcon.colcon_core.shell:Skip shell extension 'dsv' for command environment
[1.278s] DEBUG:colcon.colcon_core.event_handler.log_command:Invoking command in '/home/haru/Documents/honrobo_2026/build/honrobo_pkg': PYTHONPATH=/home/haru/Documents/honrobo_2026/build/honrobo_pkg/prefix_override:/usr/lib/python3/dist-packages/colcon_core/task/python/colcon_distutils_commands:/home/haru/Documents/honrobo_2026/install/honrobo_pkg/lib/python3.10/site-packages:${PYTHONPATH} /usr/bin/python3 -W ignore:setup.py install is deprecated -W ignore:easy_install command is deprecated setup.py develop --editable --build-directory /home/haru/Documents/honrobo_2026/build/honrobo_pkg/build --no-deps symlink_data
[2.087s] Level 1:colcon.colcon_core.shell:create_environment_hook('honrobo_pkg', 'pythonpath_develop')
[2.088s] INFO:colcon.colcon_core.shell:Creating environment hook '/home/haru/Documents/honrobo_2026/build/honrobo_pkg/share/honrobo_pkg/hook/pythonpath_develop.ps1'
[2.088s] DEBUG:colcon.colcon_core.event_handler.log_command:Invoked command in '/home/haru/Documents/honrobo_2026/build/honrobo_pkg' returned '0': PYTHONPATH=/home/haru/Documents/honrobo_2026/build/honrobo_pkg/prefix_override:/usr/lib/python3/dist-packages/colcon_core/task/python/colcon_distutils_commands:/home/haru/Documents/honrobo_2026/install/honrobo_pkg/lib/python3.10/site-packages:${PYTHONPATH} /usr/bin/python3 -W ignore:setup.py install is deprecated -W ignore:easy_install command is deprecated setup.py develop --editable --build-directory /home/haru/Documents/honrobo_2026/build/honrobo_pkg/build --no-deps symlink_data
[2.089s] INFO:colcon.colcon_core.shell:Creating environment descriptor '/home/haru/Documents/honrobo_2026/build/honrobo_pkg/share/honrobo_pkg/hook/pythonpath_develop.dsv'
[2.089s] INFO:colcon.colcon_core.shell:Creating environment hook '/home/haru/Documents/honrobo_2026/build/honrobo_pkg/share/honrobo_pkg/hook/pythonpath_develop.sh'
[2.092s] Level 1:colcon.colcon_core.environment:checking '/home/haru/Documents/honrobo_2026/install/honrobo_pkg' for CMake module files
[2.093s] Level 1:colcon.colcon_core.environment:checking '/home/haru/Documents/honrobo_2026/install/honrobo_pkg' for CMake config files
[2.094s] Level 1:colcon.colcon_core.environment:checking '/home/haru/Documents/honrobo_2026/install/honrobo_pkg/lib'
[2.094s] Level 1:colcon.colcon_core.environment:checking '/home/haru/Documents/honrobo_2026/install/honrobo_pkg/bin'
[2.094s] Level 1:colcon.colcon_core.environment:checking '/home/haru/Documents/honrobo_2026/install/honrobo_pkg/lib/pkgconfig/honrobo_pkg.pc'
[2.094s] Level 1:colcon.colcon_core.environment:checking '/home/haru/Documents/honrobo_2026/install/honrobo_pkg/lib/python3.10/site-packages'
[2.094s] Level 1:colcon.colcon_core.shell:create_environment_hook('honrobo_pkg', 'pythonpath')
[2.094s] INFO:colcon.colcon_core.shell:Creating environment hook '/home/haru/Documents/honrobo_2026/install/honrobo_pkg/share/honrobo_pkg/hook/pythonpath.ps1'
[2.095s] INFO:colcon.colcon_core.shell:Creating environment descriptor '/home/haru/Documents/honrobo_2026/install/honrobo_pkg/share/honrobo_pkg/hook/pythonpath.dsv'
[2.095s] INFO:colcon.colcon_core.shell:Creating environment hook '/home/haru/Documents/honrobo_2026/install/honrobo_pkg/share/honrobo_pkg/hook/pythonpath.sh'
[2.096s] Level 1:colcon.colcon_core.environment:checking '/home/haru/Documents/honrobo_2026/install/honrobo_pkg/bin'
[2.096s] Level 1:colcon.colcon_core.environment:create_environment_scripts_only(honrobo_pkg)
[2.096s] INFO:colcon.colcon_core.shell:Creating package script '/home/haru/Documents/honrobo_2026/install/honrobo_pkg/share/honrobo_pkg/package.ps1'
[2.098s] INFO:colcon.colcon_core.shell:Creating package descriptor '/home/haru/Documents/honrobo_2026/install/honrobo_pkg/share/honrobo_pkg/package.dsv'
[2.098s] INFO:colcon.colcon_core.shell:Creating package script '/home/haru/Documents/honrobo_2026/install/honrobo_pkg/share/honrobo_pkg/package.sh'
[2.099s] INFO:colcon.colcon_core.shell:Creating package script '/home/haru/Documents/honrobo_2026/install/honrobo_pkg/share/honrobo_pkg/package.bash'
[2.100s] INFO:colcon.colcon_core.shell:Creating package script '/home/haru/Documents/honrobo_2026/install/honrobo_pkg/share/honrobo_pkg/package.zsh'
[2.100s] Level 1:colcon.colcon_core.environment:create_file_with_runtime_dependencies(/home/haru/Documents/honrobo_2026/install/honrobo_pkg/share/colcon-core/packages/honrobo_pkg)
[2.149s] DEBUG:colcon.colcon_core.event_handler.log_command:Invoked command in '/home/haru/Documents/honrobo_2026/build/holo_lidar_converter' returned '0': CMAKE_PREFIX_PATH=/opt/ros/humble /usr/bin/cmake /home/haru/Documents/honrobo_2026/src/holo_lidar_converter -DAMENT_CMAKE_SYMLINK_INSTALL=1 -DCMAKE_INSTALL_PREFIX=/home/haru/Documents/honrobo_2026/install/holo_lidar_converter
[2.152s] DEBUG:colcon.colcon_core.event_handler.log_command:Invoking command in '/home/haru/Documents/honrobo_2026/build/holo_lidar_converter': CMAKE_PREFIX_PATH=/opt/ros/humble /usr/bin/cmake --build /home/haru/Documents/honrobo_2026/build/holo_lidar_converter -- -j12 -l12
[2.164s] DEBUG:colcon.colcon_core.event_handler.log_command:Invoked command in '/home/haru/Documents/honrobo_2026/build/holo_mcl' returned '0': CMAKE_PREFIX_PATH=/opt/ros/humble /usr/bin/cmake /home/haru/Documents/honrobo_2026/src/holo_mcl -DAMENT_CMAKE_SYMLINK_INSTALL=1 -DCMAKE_INSTALL_PREFIX=/home/haru/Documents/honrobo_2026/install/holo_mcl
[2.166s] DEBUG:colcon.colcon_core.event_handler.log_command:Invoking command in '/home/haru/Documents/honrobo_2026/build/holo_mcl': CMAKE_PREFIX_PATH=/opt/ros/humble /usr/bin/cmake --build /home/haru/Documents/honrobo_2026/build/holo_mcl -- -j12 -l12
[2.167s] DEBUG:colcon.colcon_core.event_handler.log_command:Invoked command in '/home/haru/Documents/honrobo_2026/build/fast_nav_cpp' returned '0': CMAKE_PREFIX_PATH=/opt/ros/humble /usr/bin/cmake /home/haru/Documents/honrobo_2026/src/fast_nav_cpp -DAMENT_CMAKE_SYMLINK_INSTALL=1 -DCMAKE_INSTALL_PREFIX=/home/haru/Documents/honrobo_2026/install/fast_nav_cpp
[2.169s] DEBUG:colcon.colcon_core.event_handler.log_command:Invoking command in '/home/haru/Documents/honrobo_2026/build/fast_nav_cpp': CMAKE_PREFIX_PATH=/opt/ros/humble /usr/bin/cmake --build /home/haru/Documents/honrobo_2026/build/fast_nav_cpp -- -j12 -l12
[16.104s] DEBUG:colcon.colcon_core.event_handler.log_command:Invoked command in '/home/haru/Documents/honrobo_2026/build/holo_lidar_converter' returned '0': CMAKE_PREFIX_PATH=/opt/ros/humble /usr/bin/cmake --build /home/haru/Documents/honrobo_2026/build/holo_lidar_converter -- -j12 -l12
[16.117s] DEBUG:colcon.colcon_core.event_handler.log_command:Invoking command in '/home/haru/Documents/honrobo_2026/build/holo_lidar_converter': CMAKE_PREFIX_PATH=/opt/ros/humble /usr/bin/cmake --install /home/haru/Documents/honrobo_2026/build/holo_lidar_converter
[16.421s] Level 1:colcon.colcon_core.environment:create_environment_scripts_only(holo_lidar_converter)
[16.422s] Level 1:colcon.colcon_core.environment:checking '/home/haru/Documents/honrobo_2026/install/holo_lidar_converter' for CMake module files
[16.422s] DEBUG:colcon.colcon_core.event_handler.log_command:Invoked command in '/home/haru/Documents/honrobo_2026/build/holo_lidar_converter' returned '0': CMAKE_PREFIX_PATH=/opt/ros/humble /usr/bin/cmake --install /home/haru/Documents/honrobo_2026/build/holo_lidar_converter
[16.423s] Level 1:colcon.colcon_core.environment:checking '/home/haru/Documents/honrobo_2026/install/holo_lidar_converter' for CMake config files
[16.423s] Level 1:colcon.colcon_core.shell:create_environment_hook('holo_lidar_converter', 'cmake_prefix_path')
[16.424s] INFO:colcon.colcon_core.shell:Creating environment hook '/home/haru/Documents/honrobo_2026/install/holo_lidar_converter/share/holo_lidar_converter/hook/cmake_prefix_path.ps1'
[16.424s] INFO:colcon.colcon_core.shell:Creating environment descriptor '/home/haru/Documents/honrobo_2026/install/holo_lidar_converter/share/holo_lidar_converter/hook/cmake_prefix_path.dsv'
[16.425s] INFO:colcon.colcon_core.shell:Creating environment hook '/home/haru/Documents/honrobo_2026/install/holo_lidar_converter/share/holo_lidar_converter/hook/cmake_prefix_path.sh'
[16.425s] Level 1:colcon.colcon_core.environment:checking '/home/haru/Documents/honrobo_2026/install/holo_lidar_converter/lib'
[16.425s] Level 1:colcon.colcon_core.shell:create_environment_hook('holo_lidar_converter', 'ld_library_path_lib')
[16.425s] INFO:colcon.colcon_core.shell:Creating environment hook '/home/haru/Documents/honrobo_2026/install/holo_lidar_converter/share/holo_lidar_converter/hook/ld_library_path_lib.ps1'
[16.426s] INFO:colcon.colcon_core.shell:Creating environment descriptor '/home/haru/Documents/honrobo_2026/install/holo_lidar_converter/share/holo_lidar_converter/hook/ld_library_path_lib.dsv'
[16.426s] INFO:colcon.colcon_core.shell:Creating environment hook '/home/haru/Documents/honrobo_2026/install/holo_lidar_converter/share/holo_lidar_converter/hook/ld_library_path_lib.sh'
[16.426s] Level 1:colcon.colcon_core.environment:checking '/home/haru/Documents/honrobo_2026/install/holo_lidar_converter/bin'
[16.426s] Level 1:colcon.colcon_core.environment:checking '/home/haru/Documents/honrobo_2026/install/holo_lidar_converter/lib/pkgconfig/holo_lidar_converter.pc'
[16.427s] Level 1:colcon.colcon_core.environment:checking '/home/haru/Documents/honrobo_2026/install/holo_lidar_converter/lib/python3.10/site-packages'
[16.427s] Level 1:colcon.colcon_core.environment:checking '/home/haru/Documents/honrobo_2026/install/holo_lidar_converter/bin'
[16.427s] INFO:colcon.colcon_core.shell:Creating package script '/home/haru/Documents/honrobo_2026/install/holo_lidar_converter/share/holo_lidar_converter/package.ps1'
[16.428s] INFO:colcon.colcon_core.shell:Creating package descriptor '/home/haru/Documents/honrobo_2026/install/holo_lidar_converter/share/holo_lidar_converter/package.dsv'
[16.428s] INFO:colcon.colcon_core.shell:Creating package script '/home/haru/Documents/honrobo_2026/install/holo_lidar_converter/share/holo_lidar_converter/package.sh'
[16.429s] INFO:colcon.colcon_core.shell:Creating package script '/home/haru/Documents/honrobo_2026/install/holo_lidar_converter/share/holo_lidar_converter/package.bash'
[16.429s] INFO:colcon.colcon_core.shell:Creating package script '/home/haru/Documents/honrobo_2026/install/holo_lidar_converter/share/holo_lidar_converter/package.zsh'
[16.429s] Level 1:colcon.colcon_core.environment:create_file_with_runtime_dependencies(/home/haru/Documents/honrobo_2026/install/holo_lidar_converter/share/colcon-core/packages/holo_lidar_converter)
[16.430s] Level 1:colcon.colcon_core.environment:create_environment_scripts_only(holo_lidar_converter)
[16.430s] Level 1:colcon.colcon_core.environment:checking '/home/haru/Documents/honrobo_2026/install/holo_lidar_converter' for CMake module files
[16.431s] Level 1:colcon.colcon_core.environment:checking '/home/haru/Documents/honrobo_2026/install/holo_lidar_converter' for CMake config files
[16.431s] Level 1:colcon.colcon_core.shell:create_environment_hook('holo_lidar_converter', 'cmake_prefix_path')
[16.431s] INFO:colcon.colcon_core.shell:Creating environment hook '/home/haru/Documents/honrobo_2026/install/holo_lidar_converter/share/holo_lidar_converter/hook/cmake_prefix_path.ps1'
[16.432s] INFO:colcon.colcon_core.shell:Creating environment descriptor '/home/haru/Documents/honrobo_2026/install/holo_lidar_converter/share/holo_lidar_converter/hook/cmake_prefix_path.dsv'
[16.432s] INFO:colcon.colcon_core.shell:Creating environment hook '/home/haru/Documents/honrobo_2026/install/holo_lidar_converter/share/holo_lidar_converter/hook/cmake_prefix_path.sh'
[16.433s] Level 1:colcon.colcon_core.environment:checking '/home/haru/Documents/honrobo_2026/install/holo_lidar_converter/lib'
[16.433s] Level 1:colcon.colcon_core.shell:create_environment_hook('holo_lidar_converter', 'ld_library_path_lib')
[16.433s] INFO:colcon.colcon_core.shell:Creating environment hook '/home/haru/Documents/honrobo_2026/install/holo_lidar_converter/share/holo_lidar_converter/hook/ld_library_path_lib.ps1'
[16.433s] INFO:colcon.colcon_core.shell:Creating environment descriptor '/home/haru/Documents/honrobo_2026/install/holo_lidar_converter/share/holo_lidar_converter/hook/ld_library_path_lib.dsv'
[16.434s] INFO:colcon.colcon_core.shell:Creating environment hook '/home/haru/Documents/honrobo_2026/install/holo_lidar_converter/share/holo_lidar_converter/hook/ld_library_path_lib.sh'
[16.434s] Level 1:colcon.colcon_core.environment:checking '/home/haru/Documents/honrobo_2026/install/holo_lidar_converter/bin'
[16.434s] Level 1:colcon.colcon_core.environment:checking '/home/haru/Documents/honrobo_2026/install/holo_lidar_converter/lib/pkgconfig/holo_lidar_converter.pc'
[16.434s] Level 1:colcon.colcon_core.environment:checking '/home/haru/Documents/honrobo_2026/install/holo_lidar_converter/lib/python3.10/site-packages'
[16.435s] Level 1:colcon.colcon_core.environment:checking '/home/haru/Documents/honrobo_2026/install/holo_lidar_converter/bin'
[16.435s] INFO:colcon.colcon_core.shell:Creating package script '/home/haru/Documents/honrobo_2026/install/holo_lidar_converter/share/holo_lidar_converter/package.ps1'
[16.436s] INFO:colcon.colcon_core.shell:Creating package descriptor '/home/haru/Documents/honrobo_2026/install/holo_lidar_converter/share/holo_lidar_converter/package.dsv'
[16.436s] INFO:colcon.colcon_core.shell:Creating package script '/home/haru/Documents/honrobo_2026/install/holo_lidar_converter/share/holo_lidar_converter/package.sh'
[16.437s] INFO:colcon.colcon_core.shell:Creating package script '/home/haru/Documents/honrobo_2026/install/holo_lidar_converter/share/holo_lidar_converter/package.bash'
[16.437s] INFO:colcon.colcon_core.shell:Creating package script '/home/haru/Documents/honrobo_2026/install/holo_lidar_converter/share/holo_lidar_converter/package.zsh'
[16.438s] Level 1:colcon.colcon_core.environment:create_file_with_runtime_dependencies(/home/haru/Documents/honrobo_2026/install/holo_lidar_converter/share/colcon-core/packages/holo_lidar_converter)
[23.477s] DEBUG:colcon.colcon_core.event_handler.log_command:Invoked command in '/home/haru/Documents/honrobo_2026/build/holo_mcl' returned '0': CMAKE_PREFIX_PATH=/opt/ros/humble /usr/bin/cmake --build /home/haru/Documents/honrobo_2026/build/holo_mcl -- -j12 -l12
[23.479s] DEBUG:colcon.colcon_core.event_handler.log_command:Invoking command in '/home/haru/Documents/honrobo_2026/build/holo_mcl': CMAKE_PREFIX_PATH=/opt/ros/humble /usr/bin/cmake --install /home/haru/Documents/honrobo_2026/build/holo_mcl
[23.744s] Level 1:colcon.colcon_core.environment:create_environment_scripts_only(holo_mcl)
[23.744s] Level 1:colcon.colcon_core.environment:checking '/home/haru/Documents/honrobo_2026/install/holo_mcl' for CMake module files
[23.745s] DEBUG:colcon.colcon_core.event_handler.log_command:Invoked command in '/home/haru/Documents/honrobo_2026/build/holo_mcl' returned '0': CMAKE_PREFIX_PATH=/opt/ros/humble /usr/bin/cmake --install /home/haru/Documents/honrobo_2026/build/holo_mcl
[23.745s] Level 1:colcon.colcon_core.environment:checking '/home/haru/Documents/honrobo_2026/install/holo_mcl' for CMake config files
[23.746s] Level 1:colcon.colcon_core.shell:create_environment_hook('holo_mcl', 'cmake_prefix_path')
[23.746s] INFO:colcon.colcon_core.shell:Creating environment hook '/home/haru/Documents/honrobo_2026/install/holo_mcl/share/holo_mcl/hook/cmake_prefix_path.ps1'
[23.747s] INFO:colcon.colcon_core.shell:Creating environment descriptor '/home/haru/Documents/honrobo_2026/install/holo_mcl/share/holo_mcl/hook/cmake_prefix_path.dsv'
[23.747s] INFO:colcon.colcon_core.shell:Creating environment hook '/home/haru/Documents/honrobo_2026/install/holo_mcl/share/holo_mcl/hook/cmake_prefix_path.sh'
[23.748s] Level 1:colcon.colcon_core.environment:checking '/home/haru/Documents/honrobo_2026/install/holo_mcl/lib'
[23.748s] Level 1:colcon.colcon_core.shell:create_environment_hook('holo_mcl', 'ld_library_path_lib')
[23.748s] INFO:colcon.colcon_core.shell:Creating environment hook '/home/haru/Documents/honrobo_2026/install/holo_mcl/share/holo_mcl/hook/ld_library_path_lib.ps1'
[23.748s] INFO:colcon.colcon_core.shell:Creating environment descriptor '/home/haru/Documents/honrobo_2026/install/holo_mcl/share/holo_mcl/hook/ld_library_path_lib.dsv'
[23.749s] INFO:colcon.colcon_core.shell:Creating environment hook '/home/haru/Documents/honrobo_2026/install/holo_mcl/share/holo_mcl/hook/ld_library_path_lib.sh'
[23.749s] Level 1:colcon.colcon_core.environment:checking '/home/haru/Documents/honrobo_2026/install/holo_mcl/bin'
[23.749s] Level 1:colcon.colcon_core.environment:checking '/home/haru/Documents/honrobo_2026/install/holo_mcl/lib/pkgconfig/holo_mcl.pc'
[23.749s] Level 1:colcon.colcon_core.environment:checking '/home/haru/Documents/honrobo_2026/install/holo_mcl/lib/python3.10/site-packages'
[23.750s] Level 1:colcon.colcon_core.environment:checking '/home/haru/Documents/honrobo_2026/install/holo_mcl/bin'
[23.750s] INFO:colcon.colcon_core.shell:Creating package script '/home/haru/Documents/honrobo_2026/install/holo_mcl/share/holo_mcl/package.ps1'
[23.751s] INFO:colcon.colcon_core.shell:Creating package descriptor '/home/haru/Documents/honrobo_2026/install/holo_mcl/share/holo_mcl/package.dsv'
[23.751s] INFO:colcon.colcon_core.shell:Creating package script '/home/haru/Documents/honrobo_2026/install/holo_mcl/share/holo_mcl/package.sh'
[23.751s] INFO:colcon.colcon_core.shell:Creating package script '/home/haru/Documents/honrobo_2026/install/holo_mcl/share/holo_mcl/package.bash'
[23.752s] INFO:colcon.colcon_core.shell:Creating package script '/home/haru/Documents/honrobo_2026/install/holo_mcl/share/holo_mcl/package.zsh'
[23.752s] Level 1:colcon.colcon_core.environment:create_file_with_runtime_dependencies(/home/haru/Documents/honrobo_2026/install/holo_mcl/share/colcon-core/packages/holo_mcl)
[23.753s] Level 1:colcon.colcon_core.environment:create_environment_scripts_only(holo_mcl)
[23.753s] Level 1:colcon.colcon_core.environment:checking '/home/haru/Documents/honrobo_2026/install/holo_mcl' for CMake module files
[23.753s] Level 1:colcon.colcon_core.environment:checking '/home/haru/Documents/honrobo_2026/install/holo_mcl' for CMake config files
[23.754s] Level 1:colcon.colcon_core.shell:create_environment_hook('holo_mcl', 'cmake_prefix_path')
[23.754s] INFO:colcon.colcon_core.shell:Creating environment hook '/home/haru/Documents/honrobo_2026/install/holo_mcl/share/holo_mcl/hook/cmake_prefix_path.ps1'
[23.754s] INFO:colcon.colcon_core.shell:Creating environment descriptor '/home/haru/Documents/honrobo_2026/install/holo_mcl/share/holo_mcl/hook/cmake_prefix_path.dsv'
[23.755s] INFO:colcon.colcon_core.shell:Creating environment hook '/home/haru/Documents/honrobo_2026/install/holo_mcl/share/holo_mcl/hook/cmake_prefix_path.sh'
[23.755s] Level 1:colcon.colcon_core.environment:checking '/home/haru/Documents/honrobo_2026/install/holo_mcl/lib'
[23.755s] Level 1:colcon.colcon_core.shell:create_environment_hook('holo_mcl', 'ld_library_path_lib')
[23.755s] INFO:colcon.colcon_core.shell:Creating environment hook '/home/haru/Documents/honrobo_2026/install/holo_mcl/share/holo_mcl/hook/ld_library_path_lib.ps1'
[23.756s] INFO:colcon.colcon_core.shell:Creating environment descriptor '/home/haru/Documents/honrobo_2026/install/holo_mcl/share/holo_mcl/hook/ld_library_path_lib.dsv'
[23.756s] INFO:colcon.colcon_core.shell:Creating environment hook '/home/haru/Documents/honrobo_2026/install/holo_mcl/share/holo_mcl/hook/ld_library_path_lib.sh'
[23.757s] Level 1:colcon.colcon_core.environment:checking '/home/haru/Documents/honrobo_2026/install/holo_mcl/bin'
[23.757s] Level 1:colcon.colcon_core.environment:checking '/home/haru/Documents/honrobo_2026/install/holo_mcl/lib/pkgconfig/holo_mcl.pc'
[23.757s] Level 1:colcon.colcon_core.environment:checking '/home/haru/Documents/honrobo_2026/install/holo_mcl/lib/python3.10/site-packages'
[23.757s] Level 1:colcon.colcon_core.environment:checking '/home/haru/Documents/honrobo_2026/install/holo_mcl/bin'
[23.758s] INFO:colcon.colcon_core.shell:Creating package script '/home/haru/Documents/honrobo_2026/install/holo_mcl/share/holo_mcl/package.ps1'
[23.758s] INFO:colcon.colcon_core.shell:Creating package descriptor '/home/haru/Documents/honrobo_2026/install/holo_mcl/share/holo_mcl/package.dsv'
[23.759s] INFO:colcon.colcon_core.shell:Creating package script '/home/haru/Documents/honrobo_2026/install/holo_mcl/share/holo_mcl/package.sh'
[23.759s] INFO:colcon.colcon_core.shell:Creating package script '/home/haru/Documents/honrobo_2026/install/holo_mcl/share/holo_mcl/package.bash'
[23.759s] INFO:colcon.colcon_core.shell:Creating package script '/home/haru/Documents/honrobo_2026/install/holo_mcl/share/holo_mcl/package.zsh'
[23.760s] Level 1:colcon.colcon_core.environment:create_file_with_runtime_dependencies(/home/haru/Documents/honrobo_2026/install/holo_mcl/share/colcon-core/packages/holo_mcl)
[31.066s] DEBUG:colcon.colcon_core.event_handler.log_command:Invoked command in '/home/haru/Documents/honrobo_2026/build/fast_nav_cpp' returned '0': CMAKE_PREFIX_PATH=/opt/ros/humble /usr/bin/cmake --build /home/haru/Documents/honrobo_2026/build/fast_nav_cpp -- -j12 -l12
[31.067s] DEBUG:colcon.colcon_core.event_handler.log_command:Invoking command in '/home/haru/Documents/honrobo_2026/build/fast_nav_cpp': CMAKE_PREFIX_PATH=/opt/ros/humble /usr/bin/cmake --install /home/haru/Documents/honrobo_2026/build/fast_nav_cpp
[31.223s] Level 1:colcon.colcon_core.environment:create_environment_scripts_only(fast_nav_cpp)
[31.224s] Level 1:colcon.colcon_core.environment:checking '/home/haru/Documents/honrobo_2026/install/fast_nav_cpp' for CMake module files
[31.224s] DEBUG:colcon.colcon_core.event_handler.log_command:Invoked command in '/home/haru/Documents/honrobo_2026/build/fast_nav_cpp' returned '0': CMAKE_PREFIX_PATH=/opt/ros/humble /usr/bin/cmake --install /home/haru/Documents/honrobo_2026/build/fast_nav_cpp
[31.224s] Level 1:colcon.colcon_core.environment:checking '/home/haru/Documents/honrobo_2026/install/fast_nav_cpp' for CMake config files
[31.225s] Level 1:colcon.colcon_core.shell:create_environment_hook('fast_nav_cpp', 'cmake_prefix_path')
[31.225s] INFO:colcon.colcon_core.shell:Creating environment hook '/home/haru/Documents/honrobo_2026/install/fast_nav_cpp/share/fast_nav_cpp/hook/cmake_prefix_path.ps1'
[31.225s] INFO:colcon.colcon_core.shell:Creating environment descriptor '/home/haru/Documents/honrobo_2026/install/fast_nav_cpp/share/fast_nav_cpp/hook/cmake_prefix_path.dsv'
[31.226s] INFO:colcon.colcon_core.shell:Creating environment hook '/home/haru/Documents/honrobo_2026/install/fast_nav_cpp/share/fast_nav_cpp/hook/cmake_prefix_path.sh'
[31.226s] Level 1:colcon.colcon_core.environment:checking '/home/haru/Documents/honrobo_2026/install/fast_nav_cpp/lib'
[31.226s] Level 1:colcon.colcon_core.environment:checking '/home/haru/Documents/honrobo_2026/install/fast_nav_cpp/bin'
[31.226s] Level 1:colcon.colcon_core.environment:checking '/home/haru/Documents/honrobo_2026/install/fast_nav_cpp/lib/pkgconfig/fast_nav_cpp.pc'
[31.227s] Level 1:colcon.colcon_core.environment:checking '/home/haru/Documents/honrobo_2026/install/fast_nav_cpp/lib/python3.10/site-packages'
[31.227s] Level 1:colcon.colcon_core.environment:checking '/home/haru/Documents/honrobo_2026/install/fast_nav_cpp/bin'
[31.227s] INFO:colcon.colcon_core.shell:Creating package script '/home/haru/Documents/honrobo_2026/install/fast_nav_cpp/share/fast_nav_cpp/package.ps1'
[31.228s] INFO:colcon.colcon_core.shell:Creating package descriptor '/home/haru/Documents/honrobo_2026/install/fast_nav_cpp/share/fast_nav_cpp/package.dsv'
[31.228s] INFO:colcon.colcon_core.shell:Creating package script '/home/haru/Documents/honrobo_2026/install/fast_nav_cpp/share/fast_nav_cpp/package.sh'
[31.228s] INFO:colcon.colcon_core.shell:Creating package script '/home/haru/Documents/honrobo_2026/install/fast_nav_cpp/share/fast_nav_cpp/package.bash'
[31.229s] INFO:colcon.colcon_core.shell:Creating package script '/home/haru/Documents/honrobo_2026/install/fast_nav_cpp/share/fast_nav_cpp/package.zsh'
[31.229s] Level 1:colcon.colcon_core.environment:create_file_with_runtime_dependencies(/home/haru/Documents/honrobo_2026/install/fast_nav_cpp/share/colcon-core/packages/fast_nav_cpp)
[31.230s] Level 1:colcon.colcon_core.environment:create_environment_scripts_only(fast_nav_cpp)
[31.230s] Level 1:colcon.colcon_core.environment:checking '/home/haru/Documents/honrobo_2026/install/fast_nav_cpp' for CMake module files
[31.230s] Level 1:colcon.colcon_core.environment:checking '/home/haru/Documents/honrobo_2026/install/fast_nav_cpp' for CMake config files
[31.230s] Level 1:colcon.colcon_core.shell:create_environment_hook('fast_nav_cpp', 'cmake_prefix_path')
[31.230s] INFO:colcon.colcon_core.shell:Creating environment hook '/home/haru/Documents/honrobo_2026/install/fast_nav_cpp/share/fast_nav_cpp/hook/cmake_prefix_path.ps1'
[31.231s] INFO:colcon.colcon_core.shell:Creating environment descriptor '/home/haru/Documents/honrobo_2026/install/fast_nav_cpp/share/fast_nav_cpp/hook/cmake_prefix_path.dsv'
[31.231s] INFO:colcon.colcon_core.shell:Creating environment hook '/home/haru/Documents/honrobo_2026/install/fast_nav_cpp/share/fast_nav_cpp/hook/cmake_prefix_path.sh'
[31.232s] Level 1:colcon.colcon_core.environment:checking '/home/haru/Documents/honrobo_2026/install/fast_nav_cpp/lib'
[31.232s] Level 1:colcon.colcon_core.environment:checking '/home/haru/Documents/honrobo_2026/install/fast_nav_cpp/bin'
[31.232s] Level 1:colcon.colcon_core.environment:checking '/home/haru/Documents/honrobo_2026/install/fast_nav_cpp/lib/pkgconfig/fast_nav_cpp.pc'
[31.232s] Level 1:colcon.colcon_core.environment:checking '/home/haru/Documents/honrobo_2026/install/fast_nav_cpp/lib/python3.10/site-packages'
[31.232s] Level 1:colcon.colcon_core.environment:checking '/home/haru/Documents/honrobo_2026/install/fast_nav_cpp/bin'
[31.232s] INFO:colcon.colcon_core.shell:Creating package script '/home/haru/Documents/honrobo_2026/install/fast_nav_cpp/share/fast_nav_cpp/package.ps1'
[31.233s] INFO:colcon.colcon_core.shell:Creating package descriptor '/home/haru/Documents/honrobo_2026/install/fast_nav_cpp/share/fast_nav_cpp/package.dsv'
[31.233s] INFO:colcon.colcon_core.shell:Creating package script '/home/haru/Documents/honrobo_2026/install/fast_nav_cpp/share/fast_nav_cpp/package.sh'
[31.234s] INFO:colcon.colcon_core.shell:Creating package script '/home/haru/Documents/honrobo_2026/install/fast_nav_cpp/share/fast_nav_cpp/package.bash'
[31.234s] INFO:colcon.colcon_core.shell:Creating package script '/home/haru/Documents/honrobo_2026/install/fast_nav_cpp/share/fast_nav_cpp/package.zsh'
[31.234s] Level 1:colcon.colcon_core.environment:create_file_with_runtime_dependencies(/home/haru/Documents/honrobo_2026/install/fast_nav_cpp/share/colcon-core/packages/fast_nav_cpp)
[31.235s] DEBUG:colcon.colcon_parallel_executor.executor.parallel:closing loop
[31.235s] DEBUG:colcon.colcon_parallel_executor.executor.parallel:loop closed
[31.235s] DEBUG:colcon.colcon_parallel_executor.executor.parallel:run_until_complete finished with '0'
[31.235s] DEBUG:colcon.colcon_core.event_reactor:joining thread
[31.239s] INFO:colcon.colcon_core.plugin_system:Skipping extension 'colcon_notification.desktop_notification.terminal_notifier': Not used on non-Darwin systems
[31.240s] INFO:colcon.colcon_core.plugin_system:Skipping extension 'colcon_notification.desktop_notification.win32': Not used on non-Windows systems
[31.240s] INFO:colcon.colcon_notification.desktop_notification:Sending desktop notification using 'notify2'
[31.250s] DEBUG:colcon.colcon_core.event_reactor:joined thread
[31.251s] INFO:colcon.colcon_core.shell:Creating prefix script '/home/haru/Documents/honrobo_2026/install/local_setup.ps1'
[31.252s] INFO:colcon.colcon_core.shell:Creating prefix util module '/home/haru/Documents/honrobo_2026/install/_local_setup_util_ps1.py'
[31.253s] INFO:colcon.colcon_core.shell:Creating prefix chain script '/home/haru/Documents/honrobo_2026/install/setup.ps1'
[31.254s] INFO:colcon.colcon_core.shell:Creating prefix script '/home/haru/Documents/honrobo_2026/install/local_setup.sh'
[31.254s] INFO:colcon.colcon_core.shell:Creating prefix util module '/home/haru/Documents/honrobo_2026/install/_local_setup_util_sh.py'
[31.255s] INFO:colcon.colcon_core.shell:Creating prefix chain script '/home/haru/Documents/honrobo_2026/install/setup.sh'
[31.255s] INFO:colcon.colcon_core.shell:Creating prefix script '/home/haru/Documents/honrobo_2026/install/local_setup.bash'
[31.256s] INFO:colcon.colcon_core.shell:Creating prefix chain script '/home/haru/Documents/honrobo_2026/install/setup.bash'
[31.257s] INFO:colcon.colcon_core.shell:Creating prefix script '/home/haru/Documents/honrobo_2026/install/local_setup.zsh'
[31.257s] INFO:colcon.colcon_core.shell:Creating prefix chain script '/home/haru/Documents/honrobo_2026/install/setup.zsh'
