[0.792s] Invoking command in '/home/haru/Documents/honrobo_2026/src/honrobo_pkg': PYTHONPATH=/home/haru/Documents/honrobo_2026/build/honrobo_pkg/prefix_override:/usr/lib/python3/dist-packages/colcon_core/task/python/colcon_distutils_commands:/home/haru/Documents/honrobo_2026/install/honrobo_pkg/lib/python3.10/site-packages:${PYTHONPATH} /usr/bin/python3 -W ignore:setup.py install is deprecated -W ignore:easy_install command is deprecated setup.py egg_info --egg-base ../../build/honrobo_pkg build --build-base /home/haru/Documents/honrobo_2026/build/honrobo_pkg/build install --record /home/haru/Documents/honrobo_2026/build/honrobo_pkg/install.log --single-version-externally-managed install_data
[1.073s] running egg_info
[1.074s] writing ../../build/honrobo_pkg/honrobo_pkg.egg-info/PKG-INFO
[1.074s] writing dependency_links to ../../build/honrobo_pkg/honrobo_pkg.egg-info/dependency_links.txt
[1.075s] writing entry points to ../../build/honrobo_pkg/honrobo_pkg.egg-info/entry_points.txt
[1.075s] writing requirements to ../../build/honrobo_pkg/honrobo_pkg.egg-info/requires.txt
[1.075s] writing top-level names to ../../build/honrobo_pkg/honrobo_pkg.egg-info/top_level.txt
[1.077s] reading manifest file '../../build/honrobo_pkg/honrobo_pkg.egg-info/SOURCES.txt'
[1.078s] writing manifest file '../../build/honrobo_pkg/honrobo_pkg.egg-info/SOURCES.txt'
[1.078s] running build
[1.078s] running build_py
[1.079s] running install
[1.079s] running install_lib
[1.081s] running install_data
[1.081s] running install_egg_info
[1.083s] removing '/home/haru/Documents/honrobo_2026/install/honrobo_pkg/lib/python3.10/site-packages/honrobo_pkg-1.0.0-py3.10.egg-info' (and everything under it)
[1.083s] Copying ../../build/honrobo_pkg/honrobo_pkg.egg-info to /home/haru/Documents/honrobo_2026/install/honrobo_pkg/lib/python3.10/site-packages/honrobo_pkg-1.0.0-py3.10.egg-info
[1.085s] running install_scripts
[1.107s] Installing can_node script to /home/haru/Documents/honrobo_2026/install/honrobo_pkg/lib/honrobo_pkg
[1.107s] Installing ps4_node script to /home/haru/Documents/honrobo_2026/install/honrobo_pkg/lib/honrobo_pkg
[1.107s] Installing roboware_node script to /home/haru/Documents/honrobo_2026/install/honrobo_pkg/lib/honrobo_pkg
[1.108s] Installing web_node script to /home/haru/Documents/honrobo_2026/install/honrobo_pkg/lib/honrobo_pkg
[1.108s] Installing zikoiti_node script to /home/haru/Documents/honrobo_2026/install/honrobo_pkg/lib/honrobo_pkg
[1.108s] writing list of installed files to '/home/haru/Documents/honrobo_2026/build/honrobo_pkg/install.log'
[1.133s] Invoked command in '/home/haru/Documents/honrobo_2026/src/honrobo_pkg' returned '0': PYTHONPATH=/home/haru/Documents/honrobo_2026/build/honrobo_pkg/prefix_override:/usr/lib/python3/dist-packages/colcon_core/task/python/colcon_distutils_commands:/home/haru/Documents/honrobo_2026/install/honrobo_pkg/lib/python3.10/site-packages:${PYTHONPATH} /usr/bin/python3 -W ignore:setup.py install is deprecated -W ignore:easy_install command is deprecated setup.py egg_info --egg-base ../../build/honrobo_pkg build --build-base /home/haru/Documents/honrobo_2026/build/honrobo_pkg/build install --record /home/haru/Documents/honrobo_2026/build/honrobo_pkg/install.log --single-version-externally-managed install_data
