running develop
running egg_info
creating honrobo_pkg.egg-info
writing honrobo_pkg.egg-info/PKG-INFO
writing dependency_links to honrobo_pkg.egg-info/dependency_links.txt
writing entry points to honrobo_pkg.egg-info/entry_points.txt
writing requirements to honrobo_pkg.egg-info/requires.txt
writing top-level names to honrobo_pkg.egg-info/top_level.txt
writing manifest file 'honrobo_pkg.egg-info/SOURCES.txt'
reading manifest file 'honrobo_pkg.egg-info/SOURCES.txt'
writing manifest file 'honrobo_pkg.egg-info/SOURCES.txt'
running build_ext
Creating /home/haru/Documents/honrobo_2026/install/honrobo_pkg/lib/python3.10/site-packages/honrobo-pkg.egg-link (link to .)
Installing can_node script to /home/haru/Documents/honrobo_2026/install/honrobo_pkg/lib/honrobo_pkg
Installing ps4_node script to /home/haru/Documents/honrobo_2026/install/honrobo_pkg/lib/honrobo_pkg
Installing roboware_node script to /home/haru/Documents/honrobo_2026/install/honrobo_pkg/lib/honrobo_pkg
Installing web_node script to /home/haru/Documents/honrobo_2026/install/honrobo_pkg/lib/honrobo_pkg
Installing zikoiti_node script to /home/haru/Documents/honrobo_2026/install/honrobo_pkg/lib/honrobo_pkg

Installed /home/haru/Documents/honrobo_2026/build/honrobo_pkg
running symlink_data
creating /home/haru/Documents/honrobo_2026/install/honrobo_pkg/share/ament_index
creating /home/haru/Documents/honrobo_2026/install/honrobo_pkg/share/ament_index/resource_index
creating /home/haru/Documents/honrobo_2026/install/honrobo_pkg/share/ament_index/resource_index/packages
symbolically linking /home/haru/Documents/honrobo_2026/build/honrobo_pkg/resource/honrobo_pkg -> /home/haru/Documents/honrobo_2026/install/honrobo_pkg/share/ament_index/resource_index/packages
symbolically linking /home/haru/Documents/honrobo_2026/build/honrobo_pkg/package.xml -> /home/haru/Documents/honrobo_2026/install/honrobo_pkg/share/honrobo_pkg
creating /home/haru/Documents/honrobo_2026/install/honrobo_pkg/share/honrobo_pkg/launch
symbolically linking /home/haru/Documents/honrobo_2026/build/honrobo_pkg/launch/nav2.launch.py -> /home/haru/Documents/honrobo_2026/install/honrobo_pkg/share/honrobo_pkg/launch
creating /home/haru/Documents/honrobo_2026/install/honrobo_pkg/share/honrobo_pkg/config
symbolically linking /home/haru/Documents/honrobo_2026/build/honrobo_pkg/config/nav2_params.yaml -> /home/haru/Documents/honrobo_2026/install/honrobo_pkg/share/honrobo_pkg/config
creating /home/haru/Documents/honrobo_2026/install/honrobo_pkg/share/honrobo_pkg/map
symbolically linking /home/haru/Documents/honrobo_2026/build/honrobo_pkg/map/map.yaml -> /home/haru/Documents/honrobo_2026/install/honrobo_pkg/share/honrobo_pkg/map
symbolically linking /home/haru/Documents/honrobo_2026/build/honrobo_pkg/map/map.png -> /home/haru/Documents/honrobo_2026/install/honrobo_pkg/share/honrobo_pkg/map
symbolically linking /home/haru/Documents/honrobo_2026/build/honrobo_pkg/map/map_red.yaml -> /home/haru/Documents/honrobo_2026/install/honrobo_pkg/share/honrobo_pkg/map
symbolically linking /home/haru/Documents/honrobo_2026/build/honrobo_pkg/map/map_red.png -> /home/haru/Documents/honrobo_2026/install/honrobo_pkg/share/honrobo_pkg/map
symbolically linking /home/haru/Documents/honrobo_2026/build/honrobo_pkg/map/map_blue.yaml -> /home/haru/Documents/honrobo_2026/install/honrobo_pkg/share/honrobo_pkg/map
symbolically linking /home/haru/Documents/honrobo_2026/build/honrobo_pkg/map/map_blue.png -> /home/haru/Documents/honrobo_2026/install/honrobo_pkg/share/honrobo_pkg/map
symbolically linking /home/haru/Documents/honrobo_2026/build/honrobo_pkg/map/map_test.yaml -> /home/haru/Documents/honrobo_2026/install/honrobo_pkg/share/honrobo_pkg/map
symbolically linking /home/haru/Documents/honrobo_2026/build/honrobo_pkg/map/map_test.png -> /home/haru/Documents/honrobo_2026/install/honrobo_pkg/share/honrobo_pkg/map
